Archive member included to satisfy reference by file (symbol)

c:/kth/he1043/toolchain-gd32v-v202-win/toolchain-gd32v-v202-win/compiler/bin/../lib/gcc/riscv64-unknown-elf/8.3.0/../../../../riscv64-unknown-elf/lib/rv32imac/ilp32\libc_nano.a(lib_a-atexit.o)
                              build/start.o (atexit)
c:/kth/he1043/toolchain-gd32v-v202-win/toolchain-gd32v-v202-win/compiler/bin/../lib/gcc/riscv64-unknown-elf/8.3.0/../../../../riscv64-unknown-elf/lib/rv32imac/ilp32\libc_nano.a(lib_a-exit.o)
                              build/start.o (exit)
c:/kth/he1043/toolchain-gd32v-v202-win/toolchain-gd32v-v202-win/compiler/bin/../lib/gcc/riscv64-unknown-elf/8.3.0/../../../../riscv64-unknown-elf/lib/rv32imac/ilp32\libc_nano.a(lib_a-fflush.o)
                              build/main.o (fflush)
c:/kth/he1043/toolchain-gd32v-v202-win/toolchain-gd32v-v202-win/compiler/bin/../lib/gcc/riscv64-unknown-elf/8.3.0/../../../../riscv64-unknown-elf/lib/rv32imac/ilp32\libc_nano.a(lib_a-findfp.o)
                              c:/kth/he1043/toolchain-gd32v-v202-win/toolchain-gd32v-v202-win/compiler/bin/../lib/gcc/riscv64-unknown-elf/8.3.0/../../../../riscv64-unknown-elf/lib/rv32imac/ilp32\libc_nano.a(lib_a-fflush.o) (__sinit)
c:/kth/he1043/toolchain-gd32v-v202-win/toolchain-gd32v-v202-win/compiler/bin/../lib/gcc/riscv64-unknown-elf/8.3.0/../../../../riscv64-unknown-elf/lib/rv32imac/ilp32\libc_nano.a(lib_a-fini.o)
                              build/start.o (__libc_fini_array)
c:/kth/he1043/toolchain-gd32v-v202-win/toolchain-gd32v-v202-win/compiler/bin/../lib/gcc/riscv64-unknown-elf/8.3.0/../../../../riscv64-unknown-elf/lib/rv32imac/ilp32\libc_nano.a(lib_a-fwalk.o)
                              c:/kth/he1043/toolchain-gd32v-v202-win/toolchain-gd32v-v202-win/compiler/bin/../lib/gcc/riscv64-unknown-elf/8.3.0/../../../../riscv64-unknown-elf/lib/rv32imac/ilp32\libc_nano.a(lib_a-findfp.o) (_fwalk)
c:/kth/he1043/toolchain-gd32v-v202-win/toolchain-gd32v-v202-win/compiler/bin/../lib/gcc/riscv64-unknown-elf/8.3.0/../../../../riscv64-unknown-elf/lib/rv32imac/ilp32\libc_nano.a(lib_a-impure.o)
                              c:/kth/he1043/toolchain-gd32v-v202-win/toolchain-gd32v-v202-win/compiler/bin/../lib/gcc/riscv64-unknown-elf/8.3.0/../../../../riscv64-unknown-elf/lib/rv32imac/ilp32\libc_nano.a(lib_a-exit.o) (_global_impure_ptr)
c:/kth/he1043/toolchain-gd32v-v202-win/toolchain-gd32v-v202-win/compiler/bin/../lib/gcc/riscv64-unknown-elf/8.3.0/../../../../riscv64-unknown-elf/lib/rv32imac/ilp32\libc_nano.a(lib_a-init.o)
                              build/start.o (__libc_init_array)
c:/kth/he1043/toolchain-gd32v-v202-win/toolchain-gd32v-v202-win/compiler/bin/../lib/gcc/riscv64-unknown-elf/8.3.0/../../../../riscv64-unknown-elf/lib/rv32imac/ilp32\libc_nano.a(lib_a-malloc.o)
                              build/eclicw.o (malloc)
c:/kth/he1043/toolchain-gd32v-v202-win/toolchain-gd32v-v202-win/compiler/bin/../lib/gcc/riscv64-unknown-elf/8.3.0/../../../../riscv64-unknown-elf/lib/rv32imac/ilp32\libc_nano.a(lib_a-memcpy-asm.o)
                              build/gd32vf103_rcu.o (memcpy)
c:/kth/he1043/toolchain-gd32v-v202-win/toolchain-gd32v-v202-win/compiler/bin/../lib/gcc/riscv64-unknown-elf/8.3.0/../../../../riscv64-unknown-elf/lib/rv32imac/ilp32\libc_nano.a(lib_a-memset.o)
                              build/drv_usb_core.o (memset)
c:/kth/he1043/toolchain-gd32v-v202-win/toolchain-gd32v-v202-win/compiler/bin/../lib/gcc/riscv64-unknown-elf/8.3.0/../../../../riscv64-unknown-elf/lib/rv32imac/ilp32\libc_nano.a(lib_a-nano-freer.o)
                              c:/kth/he1043/toolchain-gd32v-v202-win/toolchain-gd32v-v202-win/compiler/bin/../lib/gcc/riscv64-unknown-elf/8.3.0/../../../../riscv64-unknown-elf/lib/rv32imac/ilp32\libc_nano.a(lib_a-fflush.o) (_free_r)
c:/kth/he1043/toolchain-gd32v-v202-win/toolchain-gd32v-v202-win/compiler/bin/../lib/gcc/riscv64-unknown-elf/8.3.0/../../../../riscv64-unknown-elf/lib/rv32imac/ilp32\libc_nano.a(lib_a-nano-mallocr.o)
                              c:/kth/he1043/toolchain-gd32v-v202-win/toolchain-gd32v-v202-win/compiler/bin/../lib/gcc/riscv64-unknown-elf/8.3.0/../../../../riscv64-unknown-elf/lib/rv32imac/ilp32\libc_nano.a(lib_a-findfp.o) (_malloc_r)
c:/kth/he1043/toolchain-gd32v-v202-win/toolchain-gd32v-v202-win/compiler/bin/../lib/gcc/riscv64-unknown-elf/8.3.0/../../../../riscv64-unknown-elf/lib/rv32imac/ilp32\libc_nano.a(lib_a-printf.o)
                              build/main.o (printf)
c:/kth/he1043/toolchain-gd32v-v202-win/toolchain-gd32v-v202-win/compiler/bin/../lib/gcc/riscv64-unknown-elf/8.3.0/../../../../riscv64-unknown-elf/lib/rv32imac/ilp32\libc_nano.a(lib_a-sbrkr.o)
                              c:/kth/he1043/toolchain-gd32v-v202-win/toolchain-gd32v-v202-win/compiler/bin/../lib/gcc/riscv64-unknown-elf/8.3.0/../../../../riscv64-unknown-elf/lib/rv32imac/ilp32\libc_nano.a(lib_a-nano-mallocr.o) (_sbrk_r)
[...]
Memory Configuration

Name             Origin             Length             Attributes
flash            0x0000000008000000 0x0000000000020000 axrl !w
ram              0x0000000020000000 0x0000000000008000 axw !rl
*default*        0x0000000000000000 0xffffffffffffffff

Linker script and memory map

LOAD build/gd32vf103_adc.o
LOAD build/gd32vf103_bkp.o
LOAD build/gd32vf103_can.o
LOAD build/gd32vf103_crc.o
LOAD build/gd32vf103_dac.o
LOAD build/gd32vf103_dbg.o
LOAD build/gd32vf103_dma.o
LOAD build/gd32vf103_eclic.o
LOAD build/gd32vf103_exmc.o
LOAD build/gd32vf103_exti.o
LOAD build/gd32vf103_fmc.o
LOAD build/gd32vf103_fwdgt.o
LOAD build/gd32vf103_gpio.o
LOAD build/gd32vf103_i2c.o
LOAD build/gd32vf103_pmu.o
LOAD build/gd32vf103_rcu.o
LOAD build/gd32vf103_rtc.o
LOAD build/gd32vf103_spi.o
LOAD build/gd32vf103_timer.o
LOAD build/gd32vf103_usart.o
LOAD build/gd32vf103_wwdgt.o
LOAD build/system_gd32vf103.o
LOAD build/_exit.o
LOAD build/close.o
LOAD build/fstat.o
LOAD build/isatty.o
LOAD build/lseek.o
LOAD build/read.o
LOAD build/sbrk.o
LOAD build/write.o
LOAD build/write_hex.o
LOAD build/n200_func.o
LOAD build/handlers.o
LOAD build/init.o
LOAD build/adc.o
LOAD build/cdc_acm_core.o
LOAD build/delay.o
LOAD build/drv_usb_core.o
LOAD build/drv_usb_dev.o
LOAD build/drv_usbd_int.o
LOAD build/eclicw.o
LOAD build/ff.o
LOAD build/ffsystem.o
LOAD build/ffunicode.o
LOAD build/gd32v_mpu6500_if.o
LOAD build/gd32v_tf_card_if.o
LOAD build/gd32vf103_hw.o
LOAD build/gd32vf103_usb_it.o
LOAD build/lcd.o
LOAD build/main.o
LOAD build/mpu6500_driver.o
LOAD build/systick.o
LOAD build/tf_card.o
LOAD build/tf_delay.o
LOAD build/usart.o
LOAD build/usb_delay.o
LOAD build/usb_serial_if.o
LOAD build/usbd_core.o
LOAD build/usbd_enum.o
LOAD build/usbd_transc.o
LOAD build/weak.o
LOAD build/start.o
LOAD build/entry.o
LOAD build/drivers.o
LOAD c:/kth/he1043/toolchain-gd32v-v202-win/toolchain-gd32v-v202-win/compiler/bin/../lib/gcc/riscv64-unknown-elf/8.3.0/../../../../riscv64-unknown-elf/lib/rv32imac/ilp32\libc_nano.a
LOAD c:/kth/he1043/toolchain-gd32v-v202-win/toolchain-gd32v-v202-win/compiler/bin/../lib/gcc/riscv64-unknown-elf/8.3.0/../../../../riscv64-unknown-elf/lib/rv32imac/ilp32\libm.a
LOAD c:/kth/he1043/toolchain-gd32v-v202-win/toolchain-gd32v-v202-win/compiler/bin/../lib/gcc/riscv64-unknown-elf/8.3.0/rv32imac/ilp32\libgcc.a
LOAD c:/kth/he1043/toolchain-gd32v-v202-win/toolchain-gd32v-v202-win/compiler/bin/../lib/gcc/riscv64-unknown-elf/8.3.0/../../../../riscv64-unknown-elf/lib/rv32imac/ilp32\libc_nano.a
LOAD c:/kth/he1043/toolchain-gd32v-v202-win/toolchain-gd32v-v202-win/compiler/bin/../lib/gcc/riscv64-unknown-elf/8.3.0/rv32imac/ilp32\libgcc.a
START GROUP
LOAD c:/kth/he1043/toolchain-gd32v-v202-win/toolchain-gd32v-v202-win/compiler/bin/../lib/gcc/riscv64-unknown-elf/8.3.0/rv32imac/ilp32\libgcc.a
LOAD c:/kth/he1043/toolchain-gd32v-v202-win/toolchain-gd32v-v202-win/compiler/bin/../lib/gcc/riscv64-unknown-elf/8.3.0/../../../../riscv64-unknown-elf/lib/rv32imac/ilp32\libc_nano.a
LOAD c:/kth/he1043/toolchain-gd32v-v202-win/toolchain-gd32v-v202-win/compiler/bin/../lib/gcc/riscv64-unknown-elf/8.3.0/../../../../riscv64-unknown-elf/lib/rv32imac/ilp32\libgloss_nano.a
END GROUP
                0x0000000000001000                __stack_size = DEFINED (__stack_size)?__stack_size:0x1000
                0x0000000000000000                __dbg_stack_size = DEFINED (__dbg_stack_size)?__dbg_stack_size:0x0

.init           0x0000000008000000      0x254
 *(SORT_NONE(.init))
 .init          0x0000000008000000      0x254 build/start.o
                0x000000000800015c                _start
                0x0000000008000246                disable_mcycle_minstret
                0x000000000800024c                enable_mcycle_minstret

.ilalign        0x0000000008000254        0x0
                0x0000000008000254                . = ALIGN (0x4)
                [!provide]                        PROVIDE (_ilm_lma = .)

.ialign         0x0000000008000254        0x0
                [!provide]                        PROVIDE (_ilm = .)

.text           0x0000000008000280     0xa78c
 *(.rodata .rodata.*)
 .rodata        0x0000000008000280       0x10 build/gd32vf103_rcu.o
 .rodata._exit.str1.4
                0x0000000008000290       0x1f build/_exit.o
                                         0x23 (size before relaxing)
 *fill*         0x00000000080002af        0x1 
 .rodata.write_hex.str1.4
                0x00000000080002b0        0x3 build/write_hex.o
 *fill*         0x00000000080002b3        0x1 
 .rodata.handle_nmi.str1.4
                0x00000000080002b4        0x5 build/handlers.o
 *fill*         0x00000000080002b9        0x3 
 .rodata.handle_trap.str1.4
                0x00000000080002bc        0x6 build/handlers.o
 *fill*         0x00000000080002c2        0x2 
 .rodata.__compound_literal.0
                0x00000000080002c4       0x18 build/cdc_acm_core.o
 .rodata.__compound_literal.1
                0x00000000080002dc       0x3a build/cdc_acm_core.o
 *fill*         0x0000000008000316        0x2 
 .rodata.__compound_literal.2
                0x0000000008000318       0x30 build/cdc_acm_core.o
 .rodata.device_descriptor
                0x0000000008000348       0x12 build/cdc_acm_core.o
                0x0000000008000348                device_descriptor
 *fill*         0x000000000800035a        0x2 
 .rodata.usbd_strings
                0x000000000800035c       0x10 build/cdc_acm_core.o
                0x000000000800035c                usbd_strings
 *fill*         0x000000000800036c        0x4 
 .rodata.delay_1ms.cst8
                0x0000000008000370        0x8 build/delay.o
 .rodata.check_fs.str1.4
                0x0000000008000378        0xa build/ff.o
 *fill*         0x0000000008000382        0x2 
 .rodata.f_open.str1.4
                0x0000000008000384        0xf build/ff.o
 .rodata.mpu_delay.cst8
                0x0000000008000393        0x8 build/gd32v_mpu6500_if.o
 *fill*         0x0000000008000393        0x5 
 .rodata        0x0000000008000398       0x80 build/main.o
 .rodata.wait_ready.cst8
                0x0000000008000418        0x8 build/tf_card.o
 .rodata.ep_type
                0x0000000008000418       0x10 build/usbd_core.o
                0x0000000008000418                ep_type
 .rodata._std_dev_req
                0x0000000008000428       0x34 build/usbd_enum.o
 .rodata.__sf_fake_stderr
                0x000000000800045c       0x20 c:/kth/he1043/toolchain-gd32v-v202-win/toolchain-gd32v-v202-win/compiler/bin/../lib/gcc/riscv64-unknown-elf/8.3.0/../../../../riscv64-unknown-elf/lib/rv32imac/ilp32\libc_nano.a(lib_a-findfp.o)
                0x000000000800045c                __sf_fake_stderr
 .rodata.__sf_fake_stdin
                0x000000000800047c       0x20 c:/kth/he1043/toolchain-gd32v-v202-win/toolchain-gd32v-v202-win/compiler/bin/../lib/gcc/riscv64-unknown-elf/8.3.0/../../../../riscv64-unknown-elf/lib/rv32imac/ilp32\libc_nano.a(lib_a-findfp.o)
                0x000000000800047c                __sf_fake_stdin
 .rodata.__sf_fake_stdout
                0x000000000800049c       0x20 c:/kth/he1043/toolchain-gd32v-v202-win/toolchain-gd32v-v202-win/compiler/bin/../lib/gcc/riscv64-unknown-elf/8.3.0/../../../../riscv64-unknown-elf/lib/rv32imac/ilp32\libc_nano.a(lib_a-findfp.o)
                0x000000000800049c                __sf_fake_stdout
 .rodata._svfprintf_r.str1.4
                0x00000000080004bc       0x13 c:/kth/he1043/toolchain-gd32v-v202-win/toolchain-gd32v-v202-win/compiler/bin/../lib/gcc/riscv64-unknown-elf/8.3.0/../../../../riscv64-unknown-elf/lib/rv32imac/ilp32\libc_nano.a(lib_a-nano-svfprintf.o)
 *fill*         0x00000000080004cf        0x1 
 .rodata._printf_i.str1.4
                0x00000000080004d0       0x28 c:/kth/he1043/toolchain-gd32v-v202-win/toolchain-gd32v-v202-win/compiler/bin/../lib/gcc/riscv64-unknown-elf/8.3.0/../../../../riscv64-unknown-elf/lib/rv32imac/ilp32\libc_nano.a(lib_a-nano-vfprintf_i.o)
                                         0x25 (size before relaxing)
 .rodata._vfprintf_r.str1.4
                0x00000000080004f8       0x13 c:/kth/he1043/toolchain-gd32v-v202-win/toolchain-gd32v-v202-win/compiler/bin/../lib/gcc/riscv64-unknown-elf/8.3.0/../../../../riscv64-unknown-elf/lib/rv32imac/ilp32\libc_nano.a(lib_a-nano-vfprintf.o)
 .rodata        0x00000000080004f8       0x40 c:/kth/he1043/toolchain-gd32v-v202-win/toolchain-gd32v-v202-win/compiler/bin/../lib/gcc/riscv64-unknown-elf/8.3.0/../../../../riscv64-unknown-elf/lib/rv32imac/ilp32\libm.a(lib_a-s_atan.o)
 .rodata        0x0000000008000538       0x3c c:/kth/he1043/toolchain-gd32v-v202-win/toolchain-gd32v-v202-win/compiler/bin/../lib/gcc/riscv64-unknown-elf/8.3.0/rv32imac/ilp32\libgcc.a(divdf3.o)
 .rodata        0x0000000008000574       0x3c c:/kth/he1043/toolchain-gd32v-v202-win/toolchain-gd32v-v202-win/compiler/bin/../lib/gcc/riscv64-unknown-elf/8.3.0/rv32imac/ilp32\libgcc.a(muldf3.o)
 .rodata        0x00000000080005b0       0x3c c:/kth/he1043/toolchain-gd32v-v202-win/toolchain-gd32v-v202-win/compiler/bin/../lib/gcc/riscv64-unknown-elf/8.3.0/rv32imac/ilp32\libgcc.a(mulsf3.o)
 .rodata        0x00000000080005ec      0x100 c:/kth/he1043/toolchain-gd32v-v202-win/toolchain-gd32v-v202-win/compiler/bin/../lib/gcc/riscv64-unknown-elf/8.3.0/rv32imac/ilp32\libgcc.a(_clz.o)
                0x00000000080005ec                __clz_tab
 *(.text.unlikely .text.unlikely.*)
 *(.text.startup .text.startup.*)
 .text.startup.main
                0x00000000080006ec      0x35c build/main.o
                0x00000000080006ec                main
 *(.text .text.*)
 .text.eclic_global_interrupt_enable
                0x0000000008000a48        0x6 build/gd32vf103_eclic.o
                0x0000000008000a48                eclic_global_interrupt_enable
 .text.eclic_global_interrupt_disable
                0x0000000008000a4e        0x6 build/gd32vf103_eclic.o
                0x0000000008000a4e                eclic_global_interrupt_disable
 .text.eclic_priority_group_set
                0x0000000008000a54        0x8 build/gd32vf103_eclic.o
                0x0000000008000a54                eclic_priority_group_set
 .text.eclic_irq_enable
                0x0000000008000a5c       0x34 build/gd32vf103_eclic.o
                0x0000000008000a5c                eclic_irq_enable
 .text.exti_init
                0x0000000008000a90       0xa0 build/gd32vf103_exti.o
                0x0000000008000a90                exti_init
 .text.exti_interrupt_enable
                0x0000000008000b30       0x10 build/gd32vf103_exti.o
                0x0000000008000b30                exti_interrupt_enable
 .text.exti_interrupt_flag_clear
                0x0000000008000b40        0xa build/gd32vf103_exti.o
                0x0000000008000b40                exti_interrupt_flag_clear
 .text.gpio_init
                0x0000000008000b4a       0xa4 build/gd32vf103_gpio.o
                0x0000000008000b4a                gpio_init
 .text.gpio_bit_set
                0x0000000008000bee        0x4 build/gd32vf103_gpio.o
                0x0000000008000bee                gpio_bit_set
 .text.gpio_bit_reset
                0x0000000008000bf2        0x4 build/gd32vf103_gpio.o
                0x0000000008000bf2                gpio_bit_reset
 .text.gpio_input_bit_get
                0x0000000008000bf6        0xa build/gd32vf103_gpio.o
                0x0000000008000bf6                gpio_input_bit_get
 .text.i2c_clock_config
                0x0000000008000c00      0x142 build/gd32vf103_i2c.o
                0x0000000008000c00                i2c_clock_config
 .text.i2c_ack_config
                0x0000000008000d42       0x18 build/gd32vf103_i2c.o
                0x0000000008000d42                i2c_ack_config
 .text.i2c_master_addressing
                0x0000000008000d5a       0x12 build/gd32vf103_i2c.o
                0x0000000008000d5a                i2c_master_addressing
 .text.i2c_enable
                0x0000000008000d6c        0xa build/gd32vf103_i2c.o
                0x0000000008000d6c                i2c_enable
 .text.i2c_start_on_bus
                0x0000000008000d76        0xa build/gd32vf103_i2c.o
                0x0000000008000d76                i2c_start_on_bus
 .text.i2c_stop_on_bus
                0x0000000008000d80        0xa build/gd32vf103_i2c.o
                0x0000000008000d80                i2c_stop_on_bus
 .text.i2c_data_transmit
                0x0000000008000d8a        0x4 build/gd32vf103_i2c.o
                0x0000000008000d8a                i2c_data_transmit
 .text.i2c_data_receive
                0x0000000008000d8e        0x8 build/gd32vf103_i2c.o
                0x0000000008000d8e                i2c_data_receive
 .text.i2c_flag_get
                0x0000000008000d96       0x14 build/gd32vf103_i2c.o
                0x0000000008000d96                i2c_flag_get
 .text.i2c_flag_clear
                0x0000000008000daa       0x2a build/gd32vf103_i2c.o
                0x0000000008000daa                i2c_flag_clear
 .text.rcu_periph_clock_enable
                0x0000000008000dd4       0x18 build/gd32vf103_rcu.o
                0x0000000008000dd4                rcu_periph_clock_enable
 .text.rcu_periph_reset_enable
                0x0000000008000dec       0x18 build/gd32vf103_rcu.o
                0x0000000008000dec                rcu_periph_reset_enable
 .text.rcu_periph_reset_disable
                0x0000000008000e04       0x1c build/gd32vf103_rcu.o
                0x0000000008000e04                rcu_periph_reset_disable
 .text.rcu_usb_clock_config
                0x0000000008000e20       0x14 build/gd32vf103_rcu.o
                0x0000000008000e20                rcu_usb_clock_config
 .text.rcu_clock_freq_get
                0x0000000008000e34      0x13a build/gd32vf103_rcu.o
                0x0000000008000e34                rcu_clock_freq_get
 .text.spi_init
                0x0000000008000f6e       0x36 build/gd32vf103_spi.o
                0x0000000008000f6e                spi_init
 .text.spi_enable
                0x0000000008000fa4        0xa build/gd32vf103_spi.o
                0x0000000008000fa4                spi_enable
 .text.spi_i2s_data_transmit
                0x0000000008000fae        0x4 build/gd32vf103_spi.o
                0x0000000008000fae                spi_i2s_data_transmit
 .text.spi_i2s_data_receive
                0x0000000008000fb2        0x8 build/gd32vf103_spi.o
                0x0000000008000fb2                spi_i2s_data_receive
 .text.spi_crc_polynomial_set
                0x0000000008000fba        0xc build/gd32vf103_spi.o
                0x0000000008000fba                spi_crc_polynomial_set
 .text.spi_i2s_flag_get
                0x0000000008000fc6        0xa build/gd32vf103_spi.o
                0x0000000008000fc6                spi_i2s_flag_get
 .text.timer_deinit
                0x0000000008000fd0       0xd2 build/gd32vf103_timer.o
                0x0000000008000fd0                timer_deinit
 .text.timer_struct_para_init
                0x00000000080010a2       0x18 build/gd32vf103_timer.o
                0x00000000080010a2                timer_struct_para_init
 .text.timer_init
                0x00000000080010ba       0x8e build/gd32vf103_timer.o
                0x00000000080010ba                timer_init
 .text.timer_enable
                0x0000000008001148        0xa build/gd32vf103_timer.o
                0x0000000008001148                timer_enable
 .text.timer_channel_output_struct_para_init
                0x0000000008001152       0x1a build/gd32vf103_timer.o
                0x0000000008001152                timer_channel_output_struct_para_init
 .text.timer_channel_output_config
                0x000000000800116c      0x23c build/gd32vf103_timer.o
                0x000000000800116c                timer_channel_output_config
 .text.timer_channel_output_mode_config
                0x00000000080013a8       0x56 build/gd32vf103_timer.o
                0x00000000080013a8                timer_channel_output_mode_config
 .text.timer_channel_output_pulse_value_config
                0x00000000080013fe       0x26 build/gd32vf103_timer.o
                0x00000000080013fe                timer_channel_output_pulse_value_config
 .text.timer_channel_output_shadow_config
                0x0000000008001424       0x56 build/gd32vf103_timer.o
                0x0000000008001424                timer_channel_output_shadow_config
 .text.timer_interrupt_enable
                0x000000000800147a        0x8 build/gd32vf103_timer.o
                0x000000000800147a                timer_interrupt_enable
 .text.timer_interrupt_flag_get
                0x0000000008001482       0x12 build/gd32vf103_timer.o
                0x0000000008001482                timer_interrupt_flag_get
 .text.timer_interrupt_flag_clear
                0x0000000008001494        0x8 build/gd32vf103_timer.o
                0x0000000008001494                timer_interrupt_flag_clear
 .text.SystemInit
                0x000000000800149c      0x11c build/system_gd32vf103.o
                0x000000000800149c                SystemInit
 .text.SystemCoreClockUpdate
                0x00000000080015b8       0xca build/system_gd32vf103.o
                0x00000000080015b8                SystemCoreClockUpdate
 .text._exit    0x0000000008001682       0x4c build/_exit.o
                0x0000000008001682                _exit
 .text._close   0x00000000080016ce        0x4 build/close.o
                0x00000000080016ce                _close
 .text._fstat   0x00000000080016d2       0x22 build/fstat.o
                0x00000000080016d2                _fstat
 .text._isatty  0x00000000080016f4        0x8 build/isatty.o
                0x00000000080016f4                _isatty
 .text._lseek   0x00000000080016fc       0x1a build/lseek.o
                0x00000000080016fc                _lseek
 .text._read    0x0000000008001716        0x4 build/read.o
                0x0000000008001716                _read
 .text._sbrk    0x000000000800171a       0x2e build/sbrk.o
                0x000000000800171a                _sbrk
 .text.write_hex
                0x0000000008001748       0x7c build/write_hex.o
                0x0000000008001748                write_hex
 .text.get_timer_value
                0x00000000080017c4       0x10 build/n200_func.o
                0x00000000080017c4                get_timer_value
 .text.eclic_init
                0x00000000080017d4       0x22 build/n200_func.o
                0x00000000080017d4                eclic_init
 .text.eclic_enable_interrupt
                0x00000000080017f6       0x12 build/n200_func.o
                0x00000000080017f6                eclic_enable_interrupt
 .text.eclic_set_nlbits
                0x0000000008001808       0x18 build/n200_func.o
                0x0000000008001808                eclic_set_nlbits
 .text.eclic_get_nlbits
                0x0000000008001820        0xe build/n200_func.o
                0x0000000008001820                eclic_get_nlbits
 .text.eclic_set_irq_lvl_abs
                0x000000000800182e       0x58 build/n200_func.o
                0x000000000800182e                eclic_set_irq_lvl_abs
 .text.eclic_set_irq_priority
                0x0000000008001886       0x52 build/n200_func.o
                0x0000000008001886                eclic_set_irq_priority
 .text.eclic_mode_enable
                0x00000000080018d8       0x12 build/n200_func.o
                0x00000000080018d8                eclic_mode_enable
 .text.handle_nmi
                0x00000000080018ea       0x22 build/handlers.o
                0x00000000080018ea                handle_nmi
 .text.handle_trap
                0x000000000800190c       0x38 build/handlers.o
                0x000000000800190c                handle_trap
 .text._init    0x0000000008001944       0x2c build/init.o
                0x0000000008001944                _init
 .text._fini    0x0000000008001970        0x2 build/init.o
                0x0000000008001970                _fini
 .text.cdc_acm_init
                0x0000000008001972       0x46 build/cdc_acm_core.o
                0x0000000008001972                cdc_acm_init
 .text.cdc_acm_deinit
                0x00000000080019b8       0x38 build/cdc_acm_core.o
                0x00000000080019b8                cdc_acm_deinit
 .text.cdc_acm_data_out_handler
                0x00000000080019f0       0x4c build/cdc_acm_core.o
                0x00000000080019f0                cdc_acm_data_out_handler
 .text.cdc_acm_data_in_handler
                0x0000000008001a3c       0x40 build/cdc_acm_core.o
                0x0000000008001a3c                cdc_acm_data_in_handler
 .text.cdc_acm_req_handler
                0x0000000008001a7c       0xa4 build/cdc_acm_core.o
                0x0000000008001a7c                cdc_acm_req_handler
 .text.cdc_acm_EP0_RxReady
                0x0000000008001b20       0x5e build/cdc_acm_core.o
                0x0000000008001b20                cdc_acm_EP0_RxReady
 .text.delay_1ms
                0x0000000008001b7e       0xce build/delay.o
                0x0000000008001b7e                delay_1ms
 .text.usb_basic_init
                0x0000000008001c4c       0xe8 build/drv_usb_core.o
                0x0000000008001c4c                usb_basic_init
 .text.usb_core_init
                0x0000000008001d34       0xca build/drv_usb_core.o
                0x0000000008001d34                usb_core_init
 .text.usb_txfifo_write
                0x0000000008001dfe       0x3a build/drv_usb_core.o
                0x0000000008001dfe                usb_txfifo_write
 .text.usb_rxfifo_read
                0x0000000008001e38       0x32 build/drv_usb_core.o
                0x0000000008001e38                usb_rxfifo_read
 .text.usb_txfifo_flush
                0x0000000008001e6a       0x28 build/drv_usb_core.o
                0x0000000008001e6a                usb_txfifo_flush
 .text.usb_rxfifo_flush
                0x0000000008001e92       0x22 build/drv_usb_core.o
                0x0000000008001e92                usb_rxfifo_flush
 .text.usb_devint_enable
                0x0000000008001eb4       0x3e build/drv_usb_dev.o
                0x0000000008001eb4                usb_devint_enable
 .text.usb_devcore_init
                0x0000000008001ef2      0x10e build/drv_usb_dev.o
                0x0000000008001ef2                usb_devcore_init
 .text.usb_dev_disconnect
                0x0000000008002000        0xc build/drv_usb_dev.o
                0x0000000008002000                usb_dev_disconnect
 .text.usb_dev_connect
                0x000000000800200c        0xa build/drv_usb_dev.o
                0x000000000800200c                usb_dev_connect
 .text.usb_devaddr_set
                0x0000000008002016       0x14 build/drv_usb_dev.o
                0x0000000008002016                usb_devaddr_set
 .text.usb_transc_active
                0x000000000800202a       0x9e build/drv_usb_dev.o
                0x000000000800202a                usb_transc_active
 .text.usb_transc_deactivate
                0x00000000080020c8       0x46 build/drv_usb_dev.o
                0x00000000080020c8                usb_transc_deactivate
 .text.usb_transc_inxfer
                0x000000000800210e       0xea build/drv_usb_dev.o
                0x000000000800210e                usb_transc_inxfer
 .text.usb_transc_outxfer
                0x00000000080021f8       0x8c build/drv_usb_dev.o
                0x00000000080021f8                usb_transc_outxfer
 .text.usb_transc_stall
                0x0000000008002284       0x3a build/drv_usb_dev.o
                0x0000000008002284                usb_transc_stall
 .text.usb_transc_clrstall
                0x00000000080022be       0x46 build/drv_usb_dev.o
                0x00000000080022be                usb_transc_clrstall
 .text.usb_oepintnum_read
                0x0000000008002304       0x10 build/drv_usb_dev.o
                0x0000000008002304                usb_oepintnum_read
 .text.usb_oepintr_read
                0x0000000008002314       0x12 build/drv_usb_dev.o
                0x0000000008002314                usb_oepintr_read
 .text.usb_iepintnum_read
                0x0000000008002326        0xe build/drv_usb_dev.o
                0x0000000008002326                usb_iepintnum_read
 .text.usb_iepintr_read
                0x0000000008002334       0x20 build/drv_usb_dev.o
                0x0000000008002334                usb_iepintr_read
 .text.usb_ctlep_startout
                0x0000000008002354       0x26 build/drv_usb_dev.o
                0x0000000008002354                usb_ctlep_startout
 .text.usb_clock_active
                0x000000000800237a       0x1a build/drv_usb_dev.o
                0x000000000800237a                usb_clock_active
 .text.usbd_isr
                0x0000000008002394      0x140 build/drv_usbd_int.o
                0x0000000008002394                usbd_isr
 .text.usbd_int_epout
                0x00000000080024d4       0xfe build/drv_usbd_int.o
 .text.usbd_int_epin
                0x00000000080025d2       0xbc build/drv_usbd_int.o
 .text.usbd_int_rxfifo
                0x000000000800268e       0xc6 build/drv_usbd_int.o
 .text.usbd_int_reset
                0x0000000008002754       0xd2 build/drv_usbd_int.o
 .text.usbd_int_enumfinish
                0x0000000008002826       0x68 build/drv_usbd_int.o
 .text.usbd_emptytxfifo_write
                0x000000000800288e       0xe6 build/drv_usbd_int.o
 .text.eclic_mtip_handler
                0x0000000008002974       0x54 build/eclicw.o
                0x0000000008002974                eclic_mtip_handler
 .text.USART0_IRQHandler
                0x00000000080029c8       0x56 build/eclicw.o
                0x00000000080029c8                USART0_IRQHandler
 .text.TIMER4_IRQHandler
                0x0000000008002a1e       0x56 build/eclicw.o
                0x0000000008002a1e                TIMER4_IRQHandler
 .text.ld_dword
                0x0000000008002a74       0x1e build/ff.o
 .text.st_dword
                0x0000000008002a92       0x1c build/ff.o
 .text.mem_cmp  0x0000000008002aae       0x1a build/ff.o
 .text.clst2sect
                0x0000000008002ac8       0x1c build/ff.o
 .text.get_ldnumber
                0x0000000008002ae4       0x3e build/ff.o
 .text.validate
                0x0000000008002b22       0x4e build/ff.o
 .text.mem_cpy.part.0
                0x0000000008002b70       0x1a build/ff.o
 .text.ld_clust.isra.1
                0x0000000008002b8a       0x26 build/ff.o
 .text.sync_window.part.3
                0x0000000008002bb0       0x64 build/ff.o
 .text.move_window
                0x0000000008002c14       0x4e build/ff.o
 .text.check_fs
                0x0000000008002c62       0x92 build/ff.o
 .text.find_volume
                0x0000000008002cf4      0x342 build/ff.o
 .text.put_fat  0x0000000008003036      0x154 build/ff.o
 .text.get_fat.isra.7
                0x000000000800318a       0xf6 build/ff.o
 .text.create_chain
                0x0000000008003280      0x128 build/ff.o
 .text.dir_next
                0x00000000080033a8      0x14a build/ff.o
 .text.dir_sdi.constprop.9
                0x00000000080034f2       0x98 build/ff.o
 .text.f_mount  0x000000000800358a       0x5c build/ff.o
                0x000000000800358a                f_mount
 .text.f_open   0x00000000080035e6      0x526 build/ff.o
                0x00000000080035e6                f_open
 .text.f_write  0x0000000008003b0c      0x208 build/ff.o
                0x0000000008003b0c                f_write
 .text.f_sync   0x0000000008003d14      0x1b0 build/ff.o
                0x0000000008003d14                f_sync
 .text.f_close  0x0000000008003ec4       0x2c build/ff.o
                0x0000000008003ec4                f_close
 .text.mpu_delay
                0x0000000008003ef0       0xce build/gd32v_mpu6500_if.o
                0x0000000008003ef0                mpu_delay
 .text.i2c_master_read_register
                0x0000000008003fbe      0x140 build/gd32v_mpu6500_if.o
                0x0000000008003fbe                i2c_master_read_register
 .text.i2c_master_write_register
                0x00000000080040fe       0xea build/gd32v_mpu6500_if.o
                0x00000000080040fe                i2c_master_write_register
 .text.i2c_master_init
                0x00000000080041e8       0x28 build/gd32v_mpu6500_if.o
                0x00000000080041e8                i2c_master_init
 .text.mpu6500_install
                0x0000000008004210       0x40 build/gd32v_mpu6500_if.o
                0x0000000008004210                mpu6500_install
 .text.set_fattime
                0x0000000008004250       0x22 build/gd32v_tf_card_if.o
                0x0000000008004250                set_fattime
 .text.get_fattime
                0x0000000008004272       0x3a build/gd32v_tf_card_if.o
                0x0000000008004272                get_fattime
 .text.usb_rcu_config
                0x00000000080042ac       0x7e build/gd32vf103_hw.o
                0x00000000080042ac                usb_rcu_config
 .text.usb_intr_config
                0x000000000800432a       0x5c build/gd32vf103_hw.o
                0x000000000800432a                usb_intr_config
 .text.usb_timer_init
                0x0000000008004386        0x2 build/gd32vf103_hw.o
                0x0000000008004386                usb_timer_init
 .text.usb_udelay
                0x0000000008004388        0x8 build/gd32vf103_hw.o
                0x0000000008004388                usb_udelay
 .text.usb_mdelay
                0x0000000008004390        0x8 build/gd32vf103_hw.o
                0x0000000008004390                usb_mdelay
 .text.USBFS_IRQHandler
                0x0000000008004398       0x10 build/gd32vf103_usb_it.o
                0x0000000008004398                USBFS_IRQHandler
 .text.USBFS_WKUP_IRQHandler
                0x00000000080043a8       0x56 build/gd32vf103_usb_it.o
                0x00000000080043a8                USBFS_WKUP_IRQHandler
 .text.sd_init  0x00000000080043fe       0x52 build/main.o
                0x00000000080043fe                sd_init
 .text.spara_logg
                0x0000000008004450       0xf6 build/main.o
                0x0000000008004450                spara_logg
 .text.interrupt_config
                0x0000000008004546       0xe4 build/main.o
                0x0000000008004546                interrupt_config
 .text.TIMER1_IRQHandler
                0x000000000800462a       0x3e build/main.o
                0x000000000800462a                TIMER1_IRQHandler
 .text.read_mpu
                0x0000000008004668       0x1a build/mpu6500_driver.o
                0x0000000008004668                read_mpu
 .text.write_mpu
                0x0000000008004682       0x1a build/mpu6500_driver.o
                0x0000000008004682                write_mpu
 .text.mpu6500_init
                0x000000000800469c      0x126 build/mpu6500_driver.o
                0x000000000800469c                mpu6500_init
 .text.mpu6500_getAccel
                0x00000000080047c2       0x76 build/mpu6500_driver.o
                0x00000000080047c2                mpu6500_getAccel
 .text.xchg_spi
                0x0000000008004838       0x62 build/tf_card.o
 .text.deselect
                0x000000000800489a       0x22 build/tf_card.o
 .text.wait_ready
                0x00000000080048bc       0xe4 build/tf_card.o
 .text._select  0x00000000080049a0       0x42 build/tf_card.o
 .text.send_cmd
                0x00000000080049e2       0xec build/tf_card.o
 .text.rcvr_datablock
                0x0000000008004ace       0x80 build/tf_card.o
 .text.xmit_datablock.part.1
                0x0000000008004b4e       0x60 build/tf_card.o
 .text.disk_initialize
                0x0000000008004bae      0x27c build/tf_card.o
                0x0000000008004bae                disk_initialize
 .text.disk_status
                0x0000000008004e2a       0x14 build/tf_card.o
                0x0000000008004e2a                disk_status
 .text.disk_read
                0x0000000008004e3e       0xa2 build/tf_card.o
                0x0000000008004e3e                disk_read
 .text.disk_write
                0x0000000008004ee0      0x108 build/tf_card.o
                0x0000000008004ee0                disk_write
 .text.disk_ioctl
                0x0000000008004fe8      0x21e build/tf_card.o
                0x0000000008004fe8                disk_ioctl
 .text.tf_start_timer
                0x0000000008005206       0x5a build/tf_delay.o
                0x0000000008005206                tf_start_timer
 .text.tf_timer_done
                0x0000000008005260       0x3e build/tf_delay.o
                0x0000000008005260                tf_timer_done
 .text.usb_delay_1ms
                0x000000000800529e       0x72 build/usb_delay.o
                0x000000000800529e                usb_delay_1ms
 .text.usb_delay_1us
                0x0000000008005310       0x74 build/usb_delay.o
                0x0000000008005310                usb_delay_1us
 .text.configure_usb_serial
                0x0000000008005384       0x58 build/usb_serial_if.o
                0x0000000008005384                configure_usb_serial
 .text.usb_serial_available
                0x00000000080053dc       0x14 build/usb_serial_if.o
                0x00000000080053dc                usb_serial_available
 .text._write   0x00000000080053f0       0xb0 build/usb_serial_if.o
                0x00000000080053f0                _write
 .text.set_usb_clock_96m_hxtal
                0x00000000080054a0       0xee build/usb_serial_if.o
                0x00000000080054a0                set_usb_clock_96m_hxtal
 .text.usbd_ep_setup
                0x000000000800558e       0x9a build/usbd_core.o
                0x000000000800558e                usbd_ep_setup
 .text.usbd_ep_clear
                0x0000000008005628       0x3a build/usbd_core.o
                0x0000000008005628                usbd_ep_clear
 .text.usbd_ep_recev
                0x0000000008005662       0x40 build/usbd_core.o
                0x0000000008005662                usbd_ep_recev
 .text.usbd_ep_send
                0x00000000080056a2       0x40 build/usbd_core.o
                0x00000000080056a2                usbd_ep_send
 .text.usbd_ep_stall
                0x00000000080056e2       0x40 build/usbd_core.o
                0x00000000080056e2                usbd_ep_stall
 .text.usbd_ep_stall_clear
                0x0000000008005722       0x3e build/usbd_core.o
                0x0000000008005722                usbd_ep_stall_clear
 .text.usbd_addr_set
                0x0000000008005760        0x8 build/usbd_core.o
                0x0000000008005760                usbd_addr_set
 .text.usbd_rxcount_get
                0x0000000008005768        0xe build/usbd_core.o
                0x0000000008005768                usbd_rxcount_get
 .text.usbd_connect
                0x0000000008005776       0x1a build/usbd_core.o
                0x0000000008005776                usbd_connect
 .text.usbd_disconnect
                0x0000000008005790       0x1a build/usbd_core.o
                0x0000000008005790                usbd_disconnect
 .text.usbd_init
                0x00000000080057aa       0x5a build/usbd_core.o
                0x00000000080057aa                usbd_init
 .text._usb_std_reserved
                0x0000000008005804        0x4 build/usbd_enum.o
 .text._usb_dev_desc_get
                0x0000000008005808        0xe build/usbd_enum.o
 .text._usb_config_desc_get
                0x0000000008005816        0xe build/usbd_enum.o
 .text._usb_str_desc_get
                0x0000000008005824       0x14 build/usbd_enum.o
 .text._usb_std_getdescriptor
                0x0000000008005838       0xfa build/usbd_enum.o
 .text._usb_std_setconfiguration
                0x0000000008005932       0xa8 build/usbd_enum.o
 .text._usb_std_getstatus
                0x00000000080059da       0xba build/usbd_enum.o
 .text._usb_std_getconfiguration
                0x0000000008005a94       0x3c build/usbd_enum.o
 .text._usb_std_getinterface
                0x0000000008005ad0       0x2c build/usbd_enum.o
 .text._usb_std_setinterface
                0x0000000008005afc       0x2a build/usbd_enum.o
 .text._usb_std_setaddress
                0x0000000008005b26       0x64 build/usbd_enum.o
 .text._usb_std_setfeature
                0x0000000008005b8a       0x80 build/usbd_enum.o
 .text._usb_std_clearfeature
                0x0000000008005c0a       0x98 build/usbd_enum.o
 .text._usb_std_setdescriptor
                0x0000000008005ca2        0x4 build/usbd_enum.o
 .text._usb_std_synchframe
                0x0000000008005ca6        0x4 build/usbd_enum.o
 .text.usbd_standard_request
                0x0000000008005caa       0x18 build/usbd_enum.o
                0x0000000008005caa                usbd_standard_request
 .text.usbd_class_request
                0x0000000008005cc2       0x2c build/usbd_enum.o
                0x0000000008005cc2                usbd_class_request
 .text.usbd_vendor_request
                0x0000000008005cee        0x4 build/usbd_enum.o
                0x0000000008005cee                usbd_vendor_request
 .text.usbd_enum_error
                0x0000000008005cf2       0x30 build/usbd_enum.o
                0x0000000008005cf2                usbd_enum_error
 .text.usbd_ctl_send
                0x0000000008005d22       0x38 build/usbd_transc.o
                0x0000000008005d22                usbd_ctl_send
 .text.usbd_ctl_recev
                0x0000000008005d5a       0x38 build/usbd_transc.o
                0x0000000008005d5a                usbd_ctl_recev
 .text.usbd_ctl_status_send
                0x0000000008005d92       0x30 build/usbd_transc.o
                0x0000000008005d92                usbd_ctl_status_send
 .text.usbd_ctl_status_recev
                0x0000000008005dc2       0x30 build/usbd_transc.o
                0x0000000008005dc2                usbd_ctl_status_recev
 .text.usbd_setup_transc
                0x0000000008005df2       0x94 build/usbd_transc.o
                0x0000000008005df2                usbd_setup_transc
 .text.usbd_out_transc
                0x0000000008005e86       0xe6 build/usbd_transc.o
                0x0000000008005e86                usbd_out_transc
 .text.usbd_in_transc
                0x0000000008005f6c      0x10c build/usbd_transc.o
                0x0000000008005f6c                usbd_in_transc
 *fill*         0x0000000008006078        0x8 
 .text.trap     0x0000000008006080       0x82 build/entry.o
                0x0000000008006080                trap_entry
 *fill*         0x0000000008006102        0x2 
 .text.irq      0x0000000008006104       0x72 build/entry.o
                0x0000000008006104                irq_entry
 .text.atexit   0x0000000008006176       0x10 c:/kth/he1043/toolchain-gd32v-v202-win/toolchain-gd32v-v202-win/compiler/bin/../lib/gcc/riscv64-unknown-elf/8.3.0/../../../../riscv64-unknown-elf/lib/rv32imac/ilp32\libc_nano.a(lib_a-atexit.o)
                0x0000000008006176                atexit
 .text.exit     0x0000000008006186       0x36 c:/kth/he1043/toolchain-gd32v-v202-win/toolchain-gd32v-v202-win/compiler/bin/../lib/gcc/riscv64-unknown-elf/8.3.0/../../../../riscv64-unknown-elf/lib/rv32imac/ilp32\libc_nano.a(lib_a-exit.o)
                0x0000000008006186                exit
 .text.__sflush_r
                0x00000000080061bc      0x150 c:/kth/he1043/toolchain-gd32v-v202-win/toolchain-gd32v-v202-win/compiler/bin/../lib/gcc/riscv64-unknown-elf/8.3.0/../../../../riscv64-unknown-elf/lib/rv32imac/ilp32\libc_nano.a(lib_a-fflush.o)
                0x00000000080061bc                __sflush_r
 .text._fflush_r
                0x000000000800630c       0x70 c:/kth/he1043/toolchain-gd32v-v202-win/toolchain-gd32v-v202-win/compiler/bin/../lib/gcc/riscv64-unknown-elf/8.3.0/../../../../riscv64-unknown-elf/lib/rv32imac/ilp32\libc_nano.a(lib_a-fflush.o)
                0x000000000800630c                _fflush_r
 .text.fflush   0x000000000800637c       0x30 c:/kth/he1043/toolchain-gd32v-v202-win/toolchain-gd32v-v202-win/compiler/bin/../lib/gcc/riscv64-unknown-elf/8.3.0/../../../../riscv64-unknown-elf/lib/rv32imac/ilp32\libc_nano.a(lib_a-fflush.o)
                0x000000000800637c                fflush
 .text.std      0x00000000080063ac       0x6e c:/kth/he1043/toolchain-gd32v-v202-win/toolchain-gd32v-v202-win/compiler/bin/../lib/gcc/riscv64-unknown-elf/8.3.0/../../../../riscv64-unknown-elf/lib/rv32imac/ilp32\libc_nano.a(lib_a-findfp.o)
 .text._cleanup_r
                0x000000000800641a       0x10 c:/kth/he1043/toolchain-gd32v-v202-win/toolchain-gd32v-v202-win/compiler/bin/../lib/gcc/riscv64-unknown-elf/8.3.0/../../../../riscv64-unknown-elf/lib/rv32imac/ilp32\libc_nano.a(lib_a-findfp.o)
                0x000000000800641a                _cleanup_r
 .text.__sfmoreglue
                0x000000000800642a       0x50 c:/kth/he1043/toolchain-gd32v-v202-win/toolchain-gd32v-v202-win/compiler/bin/../lib/gcc/riscv64-unknown-elf/8.3.0/../../../../riscv64-unknown-elf/lib/rv32imac/ilp32\libc_nano.a(lib_a-findfp.o)
                0x000000000800642a                __sfmoreglue
 .text.__sinit  0x000000000800647a       0x8e c:/kth/he1043/toolchain-gd32v-v202-win/toolchain-gd32v-v202-win/compiler/bin/../lib/gcc/riscv64-unknown-elf/8.3.0/../../../../riscv64-unknown-elf/lib/rv32imac/ilp32\libc_nano.a(lib_a-findfp.o)
                0x000000000800647a                __sinit
 .text.__sfp    0x0000000008006508       0xb0 c:/kth/he1043/toolchain-gd32v-v202-win/toolchain-gd32v-v202-win/compiler/bin/../lib/gcc/riscv64-unknown-elf/8.3.0/../../../../riscv64-unknown-elf/lib/rv32imac/ilp32\libc_nano.a(lib_a-findfp.o)
                0x0000000008006508                __sfp
 .text.__libc_fini_array
                0x00000000080065b8       0x38 c:/kth/he1043/toolchain-gd32v-v202-win/toolchain-gd32v-v202-win/compiler/bin/../lib/gcc/riscv64-unknown-elf/8.3.0/../../../../riscv64-unknown-elf/lib/rv32imac/ilp32\libc_nano.a(lib_a-fini.o)
                0x00000000080065b8                __libc_fini_array
 .text._fwalk_reent
                0x00000000080065f0       0x6c c:/kth/he1043/toolchain-gd32v-v202-win/toolchain-gd32v-v202-win/compiler/bin/../lib/gcc/riscv64-unknown-elf/8.3.0/../../../../riscv64-unknown-elf/lib/rv32imac/ilp32\libc_nano.a(lib_a-fwalk.o)
                0x00000000080065f0                _fwalk_reent
 .text.__libc_init_array
                0x000000000800665c       0x6a c:/kth/he1043/toolchain-gd32v-v202-win/toolchain-gd32v-v202-win/compiler/bin/../lib/gcc/riscv64-unknown-elf/8.3.0/../../../../riscv64-unknown-elf/lib/rv32imac/ilp32\libc_nano.a(lib_a-init.o)
                0x000000000800665c                __libc_init_array
 .text          0x00000000080066c6       0x16 c:/kth/he1043/toolchain-gd32v-v202-win/toolchain-gd32v-v202-win/compiler/bin/../lib/gcc/riscv64-unknown-elf/8.3.0/../../../../riscv64-unknown-elf/lib/rv32imac/ilp32\libc_nano.a(lib_a-memcpy-asm.o)
                0x00000000080066c6                memcpy
 .text          0x00000000080066dc       0x10 c:/kth/he1043/toolchain-gd32v-v202-win/toolchain-gd32v-v202-win/compiler/bin/../lib/gcc/riscv64-unknown-elf/8.3.0/../../../../riscv64-unknown-elf/lib/rv32imac/ilp32\libc_nano.a(lib_a-memset.o)
                0x00000000080066dc                memset
 .text._free_r  0x00000000080066ec       0xb8 c:/kth/he1043/toolchain-gd32v-v202-win/toolchain-gd32v-v202-win/compiler/bin/../lib/gcc/riscv64-unknown-elf/8.3.0/../../../../riscv64-unknown-elf/lib/rv32imac/ilp32\libc_nano.a(lib_a-nano-freer.o)
                0x00000000080066ec                _free_r
 .text._malloc_r
                0x00000000080067a4      0x102 c:/kth/he1043/toolchain-gd32v-v202-win/toolchain-gd32v-v202-win/compiler/bin/../lib/gcc/riscv64-unknown-elf/8.3.0/../../../../riscv64-unknown-elf/lib/rv32imac/ilp32\libc_nano.a(lib_a-nano-mallocr.o)
                0x00000000080067a4                _malloc_r
 .text.printf   0x00000000080068a6       0x4e c:/kth/he1043/toolchain-gd32v-v202-win/toolchain-gd32v-v202-win/compiler/bin/../lib/gcc/riscv64-unknown-elf/8.3.0/../../../../riscv64-unknown-elf/lib/rv32imac/ilp32\libc_nano.a(lib_a-printf.o)
                0x00000000080068a6                iprintf
                0x00000000080068a6                printf
 .text._sbrk_r  0x00000000080068f4       0x36 c:/kth/he1043/toolchain-gd32v-v202-win/toolchain-gd32v-v202-win/compiler/bin/../lib/gcc/riscv64-unknown-elf/8.3.0/../../../../riscv64-unknown-elf/lib/rv32imac/ilp32\libc_nano.a(lib_a-sbrkr.o)
                0x00000000080068f4                _sbrk_r
 .text.snprintf
                0x000000000800692a       0x7a c:/kth/he1043/toolchain-gd32v-v202-win/toolchain-gd32v-v202-win/compiler/bin/../lib/gcc/riscv64-unknown-elf/8.3.0/../../../../riscv64-unknown-elf/lib/rv32imac/ilp32\libc_nano.a(lib_a-snprintf.o)
                0x000000000800692a                sniprintf
                0x000000000800692a                snprintf
 .text.__sread  0x00000000080069a4       0x36 c:/kth/he1043/toolchain-gd32v-v202-win/toolchain-gd32v-v202-win/compiler/bin/../lib/gcc/riscv64-unknown-elf/8.3.0/../../../../riscv64-unknown-elf/lib/rv32imac/ilp32\libc_nano.a(lib_a-stdio.o)
                0x00000000080069a4                __sread
 .text.__swrite
                0x00000000080069da       0x5a c:/kth/he1043/toolchain-gd32v-v202-win/toolchain-gd32v-v202-win/compiler/bin/../lib/gcc/riscv64-unknown-elf/8.3.0/../../../../riscv64-unknown-elf/lib/rv32imac/ilp32\libc_nano.a(lib_a-stdio.o)
                0x00000000080069da                __swrite
 .text.__sseek  0x0000000008006a34       0x3c c:/kth/he1043/toolchain-gd32v-v202-win/toolchain-gd32v-v202-win/compiler/bin/../lib/gcc/riscv64-unknown-elf/8.3.0/../../../../riscv64-unknown-elf/lib/rv32imac/ilp32\libc_nano.a(lib_a-stdio.o)
                0x0000000008006a34                __sseek
 .text.__sclose
                0x0000000008006a70        0xc c:/kth/he1043/toolchain-gd32v-v202-win/toolchain-gd32v-v202-win/compiler/bin/../lib/gcc/riscv64-unknown-elf/8.3.0/../../../../riscv64-unknown-elf/lib/rv32imac/ilp32\libc_nano.a(lib_a-stdio.o)
                0x0000000008006a70                __sclose
 .text.isatty   0x0000000008006a7c        0x8 c:/kth/he1043/toolchain-gd32v-v202-win/toolchain-gd32v-v202-win/compiler/bin/../lib/gcc/riscv64-unknown-elf/8.3.0/../../../../riscv64-unknown-elf/lib/rv32imac/ilp32\libc_nano.a(lib_a-sysisatty.o)
                0x0000000008006a7c                isatty
 .text.write    0x0000000008006a84       0x18 c:/kth/he1043/toolchain-gd32v-v202-win/toolchain-gd32v-v202-win/compiler/bin/../lib/gcc/riscv64-unknown-elf/8.3.0/../../../../riscv64-unknown-elf/lib/rv32imac/ilp32\libc_nano.a(lib_a-syswrite.o)
                0x0000000008006a84                write
 .text._write_r
                0x0000000008006a9c       0x3a c:/kth/he1043/toolchain-gd32v-v202-win/toolchain-gd32v-v202-win/compiler/bin/../lib/gcc/riscv64-unknown-elf/8.3.0/../../../../riscv64-unknown-elf/lib/rv32imac/ilp32\libc_nano.a(lib_a-writer.o)
                0x0000000008006a9c                _write_r
 .text.__register_exitproc
                0x0000000008006ad6       0x8c c:/kth/he1043/toolchain-gd32v-v202-win/toolchain-gd32v-v202-win/compiler/bin/../lib/gcc/riscv64-unknown-elf/8.3.0/../../../../riscv64-unknown-elf/lib/rv32imac/ilp32\libc_nano.a(lib_a-__atexit.o)
                0x0000000008006ad6                __register_exitproc
 .text.__call_exitprocs
                0x0000000008006b62       0xc8 c:/kth/he1043/toolchain-gd32v-v202-win/toolchain-gd32v-v202-win/compiler/bin/../lib/gcc/riscv64-unknown-elf/8.3.0/../../../../riscv64-unknown-elf/lib/rv32imac/ilp32\libc_nano.a(lib_a-__call_atexit.o)
                0x0000000008006b62                __call_exitprocs
 .text._close_r
                0x0000000008006c2a       0x36 c:/kth/he1043/toolchain-gd32v-v202-win/toolchain-gd32v-v202-win/compiler/bin/../lib/gcc/riscv64-unknown-elf/8.3.0/../../../../riscv64-unknown-elf/lib/rv32imac/ilp32\libc_nano.a(lib_a-closer.o)
                0x0000000008006c2a                _close_r
 .text._lseek_r
                0x0000000008006c60       0x3a c:/kth/he1043/toolchain-gd32v-v202-win/toolchain-gd32v-v202-win/compiler/bin/../lib/gcc/riscv64-unknown-elf/8.3.0/../../../../riscv64-unknown-elf/lib/rv32imac/ilp32\libc_nano.a(lib_a-lseekr.o)
                0x0000000008006c60                _lseek_r
 .text.__malloc_lock
                0x0000000008006c9a        0x2 c:/kth/he1043/toolchain-gd32v-v202-win/toolchain-gd32v-v202-win/compiler/bin/../lib/gcc/riscv64-unknown-elf/8.3.0/../../../../riscv64-unknown-elf/lib/rv32imac/ilp32\libc_nano.a(lib_a-mlock.o)
                0x0000000008006c9a                __malloc_lock
 .text.__malloc_unlock
                0x0000000008006c9c        0x2 c:/kth/he1043/toolchain-gd32v-v202-win/toolchain-gd32v-v202-win/compiler/bin/../lib/gcc/riscv64-unknown-elf/8.3.0/../../../../riscv64-unknown-elf/lib/rv32imac/ilp32\libc_nano.a(lib_a-mlock.o)
                0x0000000008006c9c                __malloc_unlock
 .text.__ssputs_r
                0x0000000008006c9e      0x102 c:/kth/he1043/toolchain-gd32v-v202-win/toolchain-gd32v-v202-win/compiler/bin/../lib/gcc/riscv64-unknown-elf/8.3.0/../../../../riscv64-unknown-elf/lib/rv32imac/ilp32\libc_nano.a(lib_a-nano-svfprintf.o)
                0x0000000008006c9e                __ssputs_r
 .text._svfprintf_r
                0x0000000008006da0      0x29a c:/kth/he1043/toolchain-gd32v-v202-win/toolchain-gd32v-v202-win/compiler/bin/../lib/gcc/riscv64-unknown-elf/8.3.0/../../../../riscv64-unknown-elf/lib/rv32imac/ilp32\libc_nano.a(lib_a-nano-svfprintf.o)
                0x0000000008006da0                _svfiprintf_r
                0x0000000008006da0                _svfprintf_r
 .text._printf_common
                0x000000000800703a      0x10c c:/kth/he1043/toolchain-gd32v-v202-win/toolchain-gd32v-v202-win/compiler/bin/../lib/gcc/riscv64-unknown-elf/8.3.0/../../../../riscv64-unknown-elf/lib/rv32imac/ilp32\libc_nano.a(lib_a-nano-vfprintf_i.o)
                0x000000000800703a                _printf_common
 .text._printf_i
                0x0000000008007146      0x2ae c:/kth/he1043/toolchain-gd32v-v202-win/toolchain-gd32v-v202-win/compiler/bin/../lib/gcc/riscv64-unknown-elf/8.3.0/../../../../riscv64-unknown-elf/lib/rv32imac/ilp32\libc_nano.a(lib_a-nano-vfprintf_i.o)
                0x0000000008007146                _printf_i
 .text.__sfputc_r
                0x00000000080073f4       0x2e c:/kth/he1043/toolchain-gd32v-v202-win/toolchain-gd32v-v202-win/compiler/bin/../lib/gcc/riscv64-unknown-elf/8.3.0/../../../../riscv64-unknown-elf/lib/rv32imac/ilp32\libc_nano.a(lib_a-nano-vfprintf.o)
 .text.__sfputs_r
                0x0000000008007422       0x48 c:/kth/he1043/toolchain-gd32v-v202-win/toolchain-gd32v-v202-win/compiler/bin/../lib/gcc/riscv64-unknown-elf/8.3.0/../../../../riscv64-unknown-elf/lib/rv32imac/ilp32\libc_nano.a(lib_a-nano-vfprintf.o)
                0x0000000008007422                __sfputs_r
 .text._vfprintf_r
                0x000000000800746a      0x2c0 c:/kth/he1043/toolchain-gd32v-v202-win/toolchain-gd32v-v202-win/compiler/bin/../lib/gcc/riscv64-unknown-elf/8.3.0/../../../../riscv64-unknown-elf/lib/rv32imac/ilp32\libc_nano.a(lib_a-nano-vfprintf.o)
                0x000000000800746a                _vfprintf_r
                0x000000000800746a                _vfiprintf_r
 .text._read_r  0x000000000800772a       0x3a c:/kth/he1043/toolchain-gd32v-v202-win/toolchain-gd32v-v202-win/compiler/bin/../lib/gcc/riscv64-unknown-elf/8.3.0/../../../../riscv64-unknown-elf/lib/rv32imac/ilp32\libc_nano.a(lib_a-readr.o)
                0x000000000800772a                _read_r
 .text.__swbuf_r
                0x0000000008007764       0xd8 c:/kth/he1043/toolchain-gd32v-v202-win/toolchain-gd32v-v202-win/compiler/bin/../lib/gcc/riscv64-unknown-elf/8.3.0/../../../../riscv64-unknown-elf/lib/rv32imac/ilp32\libc_nano.a(lib_a-wbuf.o)
                0x0000000008007764                __swbuf_r
 .text.__swsetup_r
                0x000000000800783c      0x122 c:/kth/he1043/toolchain-gd32v-v202-win/toolchain-gd32v-v202-win/compiler/bin/../lib/gcc/riscv64-unknown-elf/8.3.0/../../../../riscv64-unknown-elf/lib/rv32imac/ilp32\libc_nano.a(lib_a-wsetup.o)
                0x000000000800783c                __swsetup_r
 .text.__swhatbuf_r
                0x000000000800795e       0x5e c:/kth/he1043/toolchain-gd32v-v202-win/toolchain-gd32v-v202-win/compiler/bin/../lib/gcc/riscv64-unknown-elf/8.3.0/../../../../riscv64-unknown-elf/lib/rv32imac/ilp32\libc_nano.a(lib_a-makebuf.o)
                0x000000000800795e                __swhatbuf_r
 .text.__smakebuf_r
                0x00000000080079bc       0xae c:/kth/he1043/toolchain-gd32v-v202-win/toolchain-gd32v-v202-win/compiler/bin/../lib/gcc/riscv64-unknown-elf/8.3.0/../../../../riscv64-unknown-elf/lib/rv32imac/ilp32\libc_nano.a(lib_a-makebuf.o)
                0x00000000080079bc                __smakebuf_r
 .text.memchr   0x0000000008007a6a       0x1a c:/kth/he1043/toolchain-gd32v-v202-win/toolchain-gd32v-v202-win/compiler/bin/../lib/gcc/riscv64-unknown-elf/8.3.0/../../../../riscv64-unknown-elf/lib/rv32imac/ilp32\libc_nano.a(lib_a-memchr.o)
                0x0000000008007a6a                memchr
 .text          0x0000000008007a84       0x26 c:/kth/he1043/toolchain-gd32v-v202-win/toolchain-gd32v-v202-win/compiler/bin/../lib/gcc/riscv64-unknown-elf/8.3.0/../../../../riscv64-unknown-elf/lib/rv32imac/ilp32\libc_nano.a(lib_a-memmove.o)
                0x0000000008007a84                memmove
 .text._realloc_r
                0x0000000008007aaa       0x72 c:/kth/he1043/toolchain-gd32v-v202-win/toolchain-gd32v-v202-win/compiler/bin/../lib/gcc/riscv64-unknown-elf/8.3.0/../../../../riscv64-unknown-elf/lib/rv32imac/ilp32\libc_nano.a(lib_a-nano-reallocr.o)
                0x0000000008007aaa                _realloc_r
 .text._fstat_r
                0x0000000008007b1c       0x38 c:/kth/he1043/toolchain-gd32v-v202-win/toolchain-gd32v-v202-win/compiler/bin/../lib/gcc/riscv64-unknown-elf/8.3.0/../../../../riscv64-unknown-elf/lib/rv32imac/ilp32\libc_nano.a(lib_a-fstatr.o)
                0x0000000008007b1c                _fstat_r
 .text._isatty_r
                0x0000000008007b54       0x36 c:/kth/he1043/toolchain-gd32v-v202-win/toolchain-gd32v-v202-win/compiler/bin/../lib/gcc/riscv64-unknown-elf/8.3.0/../../../../riscv64-unknown-elf/lib/rv32imac/ilp32\libc_nano.a(lib_a-isattyr.o)
                0x0000000008007b54                _isatty_r
 .text._malloc_usable_size_r
                0x0000000008007b8a       0x14 c:/kth/he1043/toolchain-gd32v-v202-win/toolchain-gd32v-v202-win/compiler/bin/../lib/gcc/riscv64-unknown-elf/8.3.0/../../../../riscv64-unknown-elf/lib/rv32imac/ilp32\libc_nano.a(lib_a-nano-msizer.o)
                0x0000000008007b8a                _malloc_usable_size_r
 .text          0x0000000008007b9e        0x8 c:/kth/he1043/toolchain-gd32v-v202-win/toolchain-gd32v-v202-win/compiler/bin/../lib/gcc/riscv64-unknown-elf/8.3.0/../../../../riscv64-unknown-elf/lib/rv32imac/ilp32\libm.a(lib_a-w_atan2.o)
                0x0000000008007b9e                atan2
 .text          0x0000000008007ba6       0x88 c:/kth/he1043/toolchain-gd32v-v202-win/toolchain-gd32v-v202-win/compiler/bin/../lib/gcc/riscv64-unknown-elf/8.3.0/../../../../riscv64-unknown-elf/lib/rv32imac/ilp32\libm.a(lib_a-w_sqrt.o)
                0x0000000008007ba6                sqrt
 .text          0x0000000008007c2e      0x208 c:/kth/he1043/toolchain-gd32v-v202-win/toolchain-gd32v-v202-win/compiler/bin/../lib/gcc/riscv64-unknown-elf/8.3.0/../../../../riscv64-unknown-elf/lib/rv32imac/ilp32\libm.a(lib_a-e_atan2.o)
                0x0000000008007c2e                __ieee754_atan2
 .text          0x0000000008007e36      0x1f0 c:/kth/he1043/toolchain-gd32v-v202-win/toolchain-gd32v-v202-win/compiler/bin/../lib/gcc/riscv64-unknown-elf/8.3.0/../../../../riscv64-unknown-elf/lib/rv32imac/ilp32\libm.a(lib_a-e_sqrt.o)
                0x0000000008007e36                __ieee754_sqrt
 .text          0x0000000008008026      0x3de c:/kth/he1043/toolchain-gd32v-v202-win/toolchain-gd32v-v202-win/compiler/bin/../lib/gcc/riscv64-unknown-elf/8.3.0/../../../../riscv64-unknown-elf/lib/rv32imac/ilp32\libm.a(lib_a-s_atan.o)
                0x0000000008008026                atan
 .text          0x0000000008008404        0x6 c:/kth/he1043/toolchain-gd32v-v202-win/toolchain-gd32v-v202-win/compiler/bin/../lib/gcc/riscv64-unknown-elf/8.3.0/../../../../riscv64-unknown-elf/lib/rv32imac/ilp32\libm.a(lib_a-s_fabs.o)
                0x0000000008008404                fabs
 .text          0x000000000800840a      0x5fa c:/kth/he1043/toolchain-gd32v-v202-win/toolchain-gd32v-v202-win/compiler/bin/../lib/gcc/riscv64-unknown-elf/8.3.0/rv32imac/ilp32\libgcc.a(adddf3.o)
                0x000000000800840a                __adddf3
 .text          0x0000000008008a04      0x546 c:/kth/he1043/toolchain-gd32v-v202-win/toolchain-gd32v-v202-win/compiler/bin/../lib/gcc/riscv64-unknown-elf/8.3.0/rv32imac/ilp32\libgcc.a(divdf3.o)
                0x0000000008008a04                __divdf3
 .text          0x0000000008008f4a       0xa4 c:/kth/he1043/toolchain-gd32v-v202-win/toolchain-gd32v-v202-win/compiler/bin/../lib/gcc/riscv64-unknown-elf/8.3.0/rv32imac/ilp32\libgcc.a(gedf2.o)
                0x0000000008008f4a                __gedf2
                0x0000000008008f4a                __gtdf2
 .text          0x0000000008008fee       0xa4 c:/kth/he1043/toolchain-gd32v-v202-win/toolchain-gd32v-v202-win/compiler/bin/../lib/gcc/riscv64-unknown-elf/8.3.0/rv32imac/ilp32\libgcc.a(ledf2.o)
                0x0000000008008fee                __ledf2
                0x0000000008008fee                __ltdf2
 .text          0x0000000008009092      0x44c c:/kth/he1043/toolchain-gd32v-v202-win/toolchain-gd32v-v202-win/compiler/bin/../lib/gcc/riscv64-unknown-elf/8.3.0/rv32imac/ilp32\libgcc.a(muldf3.o)
                0x0000000008009092                __muldf3
 .text          0x00000000080094de      0x602 c:/kth/he1043/toolchain-gd32v-v202-win/toolchain-gd32v-v202-win/compiler/bin/../lib/gcc/riscv64-unknown-elf/8.3.0/rv32imac/ilp32\libgcc.a(subdf3.o)
                0x00000000080094de                __subdf3
 .text          0x0000000008009ae0       0x38 c:/kth/he1043/toolchain-gd32v-v202-win/toolchain-gd32v-v202-win/compiler/bin/../lib/gcc/riscv64-unknown-elf/8.3.0/rv32imac/ilp32\libgcc.a(unorddf2.o)
                0x0000000008009ae0                __unorddf2
 .text          0x0000000008009b18       0x70 c:/kth/he1043/toolchain-gd32v-v202-win/toolchain-gd32v-v202-win/compiler/bin/../lib/gcc/riscv64-unknown-elf/8.3.0/rv32imac/ilp32\libgcc.a(floatsidf.o)
                0x0000000008009b18                __floatsidf
 .text          0x0000000008009b88       0x56 c:/kth/he1043/toolchain-gd32v-v202-win/toolchain-gd32v-v202-win/compiler/bin/../lib/gcc/riscv64-unknown-elf/8.3.0/rv32imac/ilp32\libgcc.a(floatunsidf.o)
                0x0000000008009b88                __floatunsidf
 .text          0x0000000008009bde      0x166 c:/kth/he1043/toolchain-gd32v-v202-win/toolchain-gd32v-v202-win/compiler/bin/../lib/gcc/riscv64-unknown-elf/8.3.0/rv32imac/ilp32\libgcc.a(floatundidf.o)
                0x0000000008009bde                __floatundidf
 .text          0x0000000008009d44      0x312 c:/kth/he1043/toolchain-gd32v-v202-win/toolchain-gd32v-v202-win/compiler/bin/../lib/gcc/riscv64-unknown-elf/8.3.0/rv32imac/ilp32\libgcc.a(addsf3.o)
                0x0000000008009d44                __addsf3
 .text          0x000000000800a056       0x78 c:/kth/he1043/toolchain-gd32v-v202-win/toolchain-gd32v-v202-win/compiler/bin/../lib/gcc/riscv64-unknown-elf/8.3.0/rv32imac/ilp32\libgcc.a(gesf2.o)
                0x000000000800a056                __gesf2
                0x000000000800a056                __gtsf2
 .text          0x000000000800a0ce       0x78 c:/kth/he1043/toolchain-gd32v-v202-win/toolchain-gd32v-v202-win/compiler/bin/../lib/gcc/riscv64-unknown-elf/8.3.0/rv32imac/ilp32\libgcc.a(lesf2.o)
                0x000000000800a0ce                __ltsf2
                0x000000000800a0ce                __lesf2
 .text          0x000000000800a146      0x228 c:/kth/he1043/toolchain-gd32v-v202-win/toolchain-gd32v-v202-win/compiler/bin/../lib/gcc/riscv64-unknown-elf/8.3.0/rv32imac/ilp32\libgcc.a(mulsf3.o)
                0x000000000800a146                __mulsf3
 .text          0x000000000800a36e      0x322 c:/kth/he1043/toolchain-gd32v-v202-win/toolchain-gd32v-v202-win/compiler/bin/../lib/gcc/riscv64-unknown-elf/8.3.0/rv32imac/ilp32\libgcc.a(subsf3.o)
                0x000000000800a36e                __subsf3
 .text          0x000000000800a690       0x60 c:/kth/he1043/toolchain-gd32v-v202-win/toolchain-gd32v-v202-win/compiler/bin/../lib/gcc/riscv64-unknown-elf/8.3.0/rv32imac/ilp32\libgcc.a(fixsfsi.o)
                0x000000000800a690                __fixsfsi
 .text          0x000000000800a6f0       0xc0 c:/kth/he1043/toolchain-gd32v-v202-win/toolchain-gd32v-v202-win/compiler/bin/../lib/gcc/riscv64-unknown-elf/8.3.0/rv32imac/ilp32\libgcc.a(floatsisf.o)
                0x000000000800a6f0                __floatsisf
 .text          0x000000000800a7b0       0x9e c:/kth/he1043/toolchain-gd32v-v202-win/toolchain-gd32v-v202-win/compiler/bin/../lib/gcc/riscv64-unknown-elf/8.3.0/rv32imac/ilp32\libgcc.a(extendsfdf2.o)
                0x000000000800a7b0                __extendsfdf2
 .text          0x000000000800a84e      0x122 c:/kth/he1043/toolchain-gd32v-v202-win/toolchain-gd32v-v202-win/compiler/bin/../lib/gcc/riscv64-unknown-elf/8.3.0/rv32imac/ilp32\libgcc.a(truncdfsf2.o)
                0x000000000800a84e                __truncdfsf2
 .text          0x000000000800a970       0x2a c:/kth/he1043/toolchain-gd32v-v202-win/toolchain-gd32v-v202-win/compiler/bin/../lib/gcc/riscv64-unknown-elf/8.3.0/rv32imac/ilp32\libgcc.a(_lshrdi3.o)
                0x000000000800a970                __lshrdi3
 .text          0x000000000800a99a       0x2a c:/kth/he1043/toolchain-gd32v-v202-win/toolchain-gd32v-v202-win/compiler/bin/../lib/gcc/riscv64-unknown-elf/8.3.0/rv32imac/ilp32\libgcc.a(_ashldi3.o)
                0x000000000800a99a                __ashldi3
 .text          0x000000000800a9c4       0x3c c:/kth/he1043/toolchain-gd32v-v202-win/toolchain-gd32v-v202-win/compiler/bin/../lib/gcc/riscv64-unknown-elf/8.3.0/rv32imac/ilp32\libgcc.a(_clzsi2.o)
                0x000000000800a9c4                __clzsi2
 .text.__errno  0x000000000800aa00        0xc c:/kth/he1043/toolchain-gd32v-v202-win/toolchain-gd32v-v202-win/compiler/bin/../lib/gcc/riscv64-unknown-elf/8.3.0/../../../../riscv64-unknown-elf/lib/rv32imac/ilp32\libc_nano.a(lib_a-errno.o)
                0x000000000800aa00                __errno
 *(.gnu.linkonce.t.*)

.sdata2.usbd_language_id_desc
                0x000000000800aa0c        0x4
 .sdata2.usbd_language_id_desc
                0x000000000800aa0c        0x4 build/cdc_acm_core.o
                0x000000000800aa0c                usbd_language_id_desc

.sdata2.EP0_MAXLEN
                0x000000000800aa10        0x4
 .sdata2.EP0_MAXLEN
                0x000000000800aa10        0x4 build/drv_usb_dev.o

.sdata2.USB_SPEED
                0x000000000800aa14        0x4
 .sdata2.USB_SPEED
                0x000000000800aa14        0x4 build/drv_usbd_int.o

.sdata2._global_impure_ptr
                0x000000000800aa18        0x4
 .sdata2._global_impure_ptr
                0x000000000800aa18        0x4 c:/kth/he1043/toolchain-gd32v-v202-win/toolchain-gd32v-v202-win/compiler/bin/../lib/gcc/riscv64-unknown-elf/8.3.0/../../../../riscv64-unknown-elf/lib/rv32imac/ilp32\libc_nano.a(lib_a-impure.o)
                0x000000000800aa18                _global_impure_ptr

.rela.dyn       0x000000000800aa1c        0x0
 .rela.text._sbrk
                0x000000000800aa1c        0x0 build/gd32vf103_eclic.o
 .rela.sdata.curbrk.1524
                0x000000000800aa1c        0x0 build/gd32vf103_eclic.o
 .rela.text.handle_trap
                0x000000000800aa1c        0x0 build/gd32vf103_eclic.o
 .rela.text.cdc_acm_req_handler
                0x000000000800aa1c        0x0 build/gd32vf103_eclic.o
 .rela.text.cdc_acm_EP0_RxReady
                0x000000000800aa1c        0x0 build/gd32vf103_eclic.o
 .rela.text.mpu6500_install
                0x000000000800aa1c        0x0 build/gd32vf103_eclic.o
 .rela.text.usb_rcu_config
                0x000000000800aa1c        0x0 build/gd32vf103_eclic.o
 .rela.text.sd_init
                0x000000000800aa1c        0x0 build/gd32vf103_eclic.o
 .rela.text.spara_logg
                0x000000000800aa1c        0x0 build/gd32vf103_eclic.o
 .rela.text.startup.main
                0x000000000800aa1c        0x0 build/gd32vf103_eclic.o
 .rela.text.read_mpu
                0x000000000800aa1c        0x0 build/gd32vf103_eclic.o
 .rela.text.write_mpu
                0x000000000800aa1c        0x0 build/gd32vf103_eclic.o
 .rela.text.mpu6500_init
                0x000000000800aa1c        0x0 build/gd32vf103_eclic.o
 .rela.init     0x000000000800aa1c        0x0 build/gd32vf103_eclic.o
 .rela.text.trap
                0x000000000800aa1c        0x0 build/gd32vf103_eclic.o
 .rela.text.__libc_fini_array
                0x000000000800aa1c        0x0 build/gd32vf103_eclic.o
 .rela.text.__libc_init_array
                0x000000000800aa1c        0x0 build/gd32vf103_eclic.o
 .rela.text._sbrk_r
                0x000000000800aa1c        0x0 build/gd32vf103_eclic.o
 .rela.text._write_r
                0x000000000800aa1c        0x0 build/gd32vf103_eclic.o
 .rela.text.__register_exitproc
                0x000000000800aa1c        0x0 build/gd32vf103_eclic.o
 .rela.text._close_r
                0x000000000800aa1c        0x0 build/gd32vf103_eclic.o
 .rela.text._lseek_r
                0x000000000800aa1c        0x0 build/gd32vf103_eclic.o
 .rela.text._svfprintf_r
                0x000000000800aa1c        0x0 build/gd32vf103_eclic.o
 .rela.text._vfprintf_r
                0x000000000800aa1c        0x0 build/gd32vf103_eclic.o
 .rela.text._read_r
                0x000000000800aa1c        0x0 build/gd32vf103_eclic.o
 .rela.text._fstat_r
                0x000000000800aa1c        0x0 build/gd32vf103_eclic.o
 .rela.text._isatty_r
                0x000000000800aa1c        0x0 build/gd32vf103_eclic.o

.fini
 *(SORT_NONE(.fini))
                0x000000000800aa1c                . = ALIGN (0x4)
                [!provide]                        PROVIDE (__etext = .)
                [!provide]                        PROVIDE (_etext = .)
                [!provide]                        PROVIDE (etext = .)
                [!provide]                        PROVIDE (_eilm = .)

.preinit_array  0x000000000800aa1c        0x0
                0x000000000800aa1c                PROVIDE (__preinit_array_start = .)
 *(.preinit_array)
                0x000000000800aa1c                PROVIDE (__preinit_array_end = .)

.init_array     0x000000000800aa1c        0x0
                0x000000000800aa1c                PROVIDE (__init_array_start = .)
 *(SORT_BY_INIT_PRIORITY(.init_array.*) SORT_BY_INIT_PRIORITY(.ctors.*))
 *(.init_array EXCLUDE_FILE(*crtend?.o *crtend.o *crtbegin?.o *crtbegin.o) .ctors)
                0x000000000800aa1c                PROVIDE (__init_array_end = .)

.fini_array     0x000000000800aa1c        0x0
                0x000000000800aa1c                PROVIDE (__fini_array_start = .)
 *(SORT_BY_INIT_PRIORITY(.fini_array.*) SORT_BY_INIT_PRIORITY(.dtors.*))
 *(.fini_array EXCLUDE_FILE(*crtend?.o *crtend.o *crtbegin?.o *crtbegin.o) .dtors)
                0x000000000800aa1c                PROVIDE (__fini_array_end = .)

.ctors
 *crtbegin.o(.ctors)
 *crtbegin?.o(.ctors)
 *(EXCLUDE_FILE(*crtend?.o *crtend.o) .ctors)
 *(SORT_BY_NAME(.ctors.*))
 *(.ctors)

.dtors
 *crtbegin.o(.dtors)
 *crtbegin?.o(.dtors)
 *(EXCLUDE_FILE(*crtend?.o *crtend.o) .dtors)
 *(SORT_BY_NAME(.dtors.*))
 *(.dtors)
                0x000000000800aa1c                . = ALIGN (0x4)
                [!provide]                        PROVIDE (_eilm = .)

.lalign         0x000000000800aa1c        0x0
                0x000000000800aa1c                . = ALIGN (0x4)
                0x000000000800aa1c                PROVIDE (_data_lma = .)

.dalign         0x0000000020000000        0x0 load address 0x000000000800aa1c
                0x0000000020000000                . = ALIGN (0x4)
                0x0000000020000000                PROVIDE (_data = .)

.data           0x0000000020000000      0x5f8 load address 0x000000000800aa1c
 *(.rdata)
 *(.gnu.linkonce.r.*)
 *(.data .data.*)
 .data.configuration_descriptor
                0x0000000020000000       0x43 build/cdc_acm_core.o
                0x0000000020000000                configuration_descriptor
 *fill*         0x0000000020000043        0x1 
 .data.usbd_cdc_cb
                0x0000000020000044       0x24 build/cdc_acm_core.o
                0x0000000020000044                usbd_cdc_cb
 .data.USB_OTG_dev
                0x0000000020000068      0x434 build/usb_serial_if.o
                0x0000000020000068                USB_OTG_dev
 .data.impure_data
                0x000000002000049c       0x60 c:/kth/he1043/toolchain-gd32v-v202-win/toolchain-gd32v-v202-win/compiler/bin/../lib/gcc/riscv64-unknown-elf/8.3.0/../../../../riscv64-unknown-elf/lib/rv32imac/ilp32\libc_nano.a(lib_a-impure.o)
 *(.gnu.linkonce.d.*)
                0x0000000020000500                . = ALIGN (0x8)
 *fill*         0x00000000200004fc        0x4 
                0x0000000020000d00                PROVIDE (__global_pointer$ = (. + 0x800))
 *(.sdata .sdata.*)
 .sdata.SystemCoreClock
                0x0000000020000500        0x4 build/system_gd32vf103.o
                0x0000000020000500                SystemCoreClock
 .sdata.curbrk.1524
                0x0000000020000504        0x4 build/sbrk.o
 .sdata.cdc_cmd
                0x0000000020000508        0x4 build/cdc_acm_core.o
 .sdata.linecoding
                0x000000002000050c        0x8 build/cdc_acm_core.o
                0x000000002000050c                linecoding
 .sdata.packet_receive
                0x0000000020000514        0x1 build/cdc_acm_core.o
                0x0000000020000514                packet_receive
 .sdata.packet_sent
                0x0000000020000515        0x1 build/cdc_acm_core.o
                0x0000000020000515                packet_sent
 *fill*         0x0000000020000516        0x2 
 .sdata.time    0x0000000020000518        0x8 build/gd32v_tf_card_if.o
                0x0000000020000518                time
 .sdata.Stat    0x0000000020000520        0x1 build/tf_card.o
 *fill*         0x0000000020000521        0x3 
 .sdata._impure_ptr
                0x0000000020000524        0x4 c:/kth/he1043/toolchain-gd32v-v202-win/toolchain-gd32v-v202-win/compiler/bin/../lib/gcc/riscv64-unknown-elf/8.3.0/../../../../riscv64-unknown-elf/lib/rv32imac/ilp32\libc_nano.a(lib_a-impure.o)
                0x0000000020000524                _impure_ptr
 *(.gnu.linkonce.s.*)
                0x0000000020000528                . = ALIGN (0x8)
 *(.srodata.cst16)
 *(.srodata.cst8)
 .srodata.cst8  0x0000000020000528       0x50 c:/kth/he1043/toolchain-gd32v-v202-win/toolchain-gd32v-v202-win/compiler/bin/../lib/gcc/riscv64-unknown-elf/8.3.0/../../../../riscv64-unknown-elf/lib/rv32imac/ilp32\libm.a(lib_a-e_atan2.o)
 .srodata.cst8  0x0000000020000578       0x80 c:/kth/he1043/toolchain-gd32v-v202-win/toolchain-gd32v-v202-win/compiler/bin/../lib/gcc/riscv64-unknown-elf/8.3.0/../../../../riscv64-unknown-elf/lib/rv32imac/ilp32\libm.a(lib_a-s_atan.o)
                                         0x90 (size before relaxing)
 *(.srodata.cst4)
 *(.srodata.cst2)
 *(.srodata .srodata.*)
                0x00000000200005f8                . = ALIGN (0x4)
                0x00000000200005f8                PROVIDE (_edata = .)
                [!provide]                        PROVIDE (edata = .)
                [!provide]                        PROVIDE (_fbss = .)
                0x00000000200005f8                PROVIDE (__bss_start = .)

.bss            0x00000000200005f8     0x15bc
 *(.sbss*)
 .sbss.receive_length
                0x00000000200005f8        0x4 build/cdc_acm_core.o
                0x00000000200005f8                receive_length
 .sbss.rx_custom_cb
                0x00000000200005fc        0x4 build/cdc_acm_core.o
                0x00000000200005fc                rx_custom_cb
 .sbss.usb_serial_connected
                0x0000000020000600        0x4 build/cdc_acm_core.o
 .sbss.setupc_flag
                0x0000000020000604        0x1 build/drv_usbd_int.o
                0x0000000020000604                setupc_flag
 *fill*         0x0000000020000605        0x3 
 .sbss.jtbl     0x0000000020000608        0x4 build/eclicw.o
 .sbss.FatFs    0x000000002000060c        0x4 build/ff.o
 .sbss.Fsid     0x0000000020000610        0x2 build/ff.o
 *fill*         0x0000000020000612        0x2 
 .sbss.usbfs_prescaler
                0x0000000020000614        0x4 build/gd32vf103_hw.o
                0x0000000020000614                usbfs_prescaler
 .sbss.antal_avvikelser
                0x0000000020000618        0x4 build/main.o
                0x0000000020000618                antal_avvikelser
 .sbss.millis   0x000000002000061c        0x4 build/main.o
                0x000000002000061c                millis
 .sbss.sd_monterad
                0x0000000020000620        0x4 build/main.o
                0x0000000020000620                sd_monterad
 .sbss.senaste_sparning
                0x0000000020000624        0x4 build/main.o
                0x0000000020000624                senaste_sparning
 .sbss.CardType
                0x0000000020000628        0x1 build/tf_card.o
 *fill*         0x0000000020000629        0x7 
 .sbss.tf_current_time
                0x0000000020000630        0x8 build/tf_delay.o
                0x0000000020000630                tf_current_time
 .sbss.tf_delay_until
                0x0000000020000638        0x8 build/tf_delay.o
                0x0000000020000638                tf_delay_until
 .sbss.config.4766
                0x0000000020000640        0x1 build/usbd_enum.o
 *fill*         0x0000000020000641        0x3 
 .sbss.status.4696
                0x0000000020000644        0x2 build/usbd_enum.o
 *fill*         0x0000000020000646        0x2 
 .sbss.__malloc_free_list
                0x0000000020000648        0x4 c:/kth/he1043/toolchain-gd32v-v202-win/toolchain-gd32v-v202-win/compiler/bin/../lib/gcc/riscv64-unknown-elf/8.3.0/../../../../riscv64-unknown-elf/lib/rv32imac/ilp32\libc_nano.a(lib_a-nano-mallocr.o)
                0x0000000020000648                __malloc_free_list
 .sbss.__malloc_sbrk_start
                0x000000002000064c        0x4 c:/kth/he1043/toolchain-gd32v-v202-win/toolchain-gd32v-v202-win/compiler/bin/../lib/gcc/riscv64-unknown-elf/8.3.0/../../../../riscv64-unknown-elf/lib/rv32imac/ilp32\libc_nano.a(lib_a-nano-mallocr.o)
                0x000000002000064c                __malloc_sbrk_start
 .sbss._global_atexit
                0x0000000020000650        0x4 c:/kth/he1043/toolchain-gd32v-v202-win/toolchain-gd32v-v202-win/compiler/bin/../lib/gcc/riscv64-unknown-elf/8.3.0/../../../../riscv64-unknown-elf/lib/rv32imac/ilp32\libc_nano.a(lib_a-__call_atexit.o)
                0x0000000020000650                _global_atexit
 .sbss          0x0000000020000654        0x4 c:/kth/he1043/toolchain-gd32v-v202-win/toolchain-gd32v-v202-win/compiler/bin/../lib/gcc/riscv64-unknown-elf/8.3.0/../../../../riscv64-unknown-elf/lib/rv32imac/ilp32\libm.a(lib_a-s_lib_ver.o)
                0x0000000020000654                __fdlib_version
 *(.gnu.linkonce.sb.*)
 *(.bss .bss.*)
 .bss.tx_buffer
                0x0000000020000658      0x200 build/usb_serial_if.o
                0x0000000020000658                tx_buffer
 .bss._global_atexit0
                0x0000000020000858       0x8c c:/kth/he1043/toolchain-gd32v-v202-win/toolchain-gd32v-v202-win/compiler/bin/../lib/gcc/riscv64-unknown-elf/8.3.0/../../../../riscv64-unknown-elf/lib/rv32imac/ilp32\libc_nano.a(lib_a-__atexit.o)
 *(.gnu.linkonce.b.*)
 *(COMMON)
 COMMON         0x00000000200008e4       0x48 build/cdc_acm_core.o
                0x00000000200008e4                usb_data_buffer
                0x0000000020000924                usb_cmd_buffer
 COMMON         0x000000002000092c        0x4 build/gd32v_mpu6500_if.o
                0x000000002000092c                i2c_port
 COMMON         0x0000000020000930        0x4 build/gd32vf103_hw.o
                0x0000000020000930                timer_prescaler
 COMMON         0x0000000020000934     0x126c build/main.o
                0x0000000020000934                fs
                0x0000000020000b64                bw
                0x0000000020000b68                fil
                0x0000000020000d90                logg
 COMMON         0x0000000020001ba0       0x10 build/mpu6500_driver.o
                0x0000000020001ba0                cb
 COMMON         0x0000000020001bb0        0x4 c:/kth/he1043/toolchain-gd32v-v202-win/toolchain-gd32v-v202-win/compiler/bin/../lib/gcc/riscv64-unknown-elf/8.3.0/../../../../riscv64-unknown-elf/lib/rv32imac/ilp32\libc_nano.a(lib_a-reent.o)
                0x0000000020001bb0                errno
                0x0000000020001bb4                . = ALIGN (0x4)
                0x0000000020001bb8                . = ALIGN (0x8)
                0x0000000020001bb8                PROVIDE (_end = .)
                [!provide]                        PROVIDE (end = .)

.stack          0x0000000020007000     0x1000 load address 0x0000000020001bb4
                0x0000000020007000                PROVIDE (_heap_end = .)
                0x0000000000001000                . = __stack_size
 *fill*         0x0000000020007000     0x1000 
                0x0000000020008000                PROVIDE (_sp = .)
                0x0000000000001000                . = (__dbg_stack_size + __stack_size)
                [!provide]                        PROVIDE (_dbg_sp = .)
OUTPUT(build/gd32vf103.elf elf32-littleriscv)

.debug_info     0x0000000000000000    0x2c3ef
 .debug_info    0x0000000000000000      0x2ac build/gd32vf103_eclic.o
 .debug_info    0x00000000000002ac      0x3e9 build/gd32vf103_exti.o
 .debug_info    0x0000000000000695      0x6f6 build/gd32vf103_gpio.o
 .debug_info    0x0000000000000d8b      0xbfd build/gd32vf103_i2c.o
 .debug_info    0x0000000000001988      0xf51 build/gd32vf103_rcu.o
 .debug_info    0x00000000000028d9      0xa73 build/gd32vf103_spi.o
 .debug_info    0x000000000000334c     0x16ec build/gd32vf103_timer.o
 .debug_info    0x0000000000004a38      0x203 build/system_gd32vf103.o
 .debug_info    0x0000000000004c3b      0x1d3 build/_exit.o
 .debug_info    0x0000000000004e0e      0xacd build/close.o
 .debug_info    0x00000000000058db      0xd59 build/fstat.o
 .debug_info    0x0000000000006634      0x108 build/isatty.o
 .debug_info    0x000000000000673c      0xb29 build/lseek.o
 .debug_info    0x0000000000007265      0xb01 build/read.o
 .debug_info    0x0000000000007d66       0xd0 build/sbrk.o
 .debug_info    0x0000000000007e36      0x1bb build/write_hex.o
 .debug_info    0x0000000000007ff1     0x18a2 build/n200_func.o
 .debug_info    0x0000000000009893      0xb4f build/handlers.o
 .debug_info    0x000000000000a3e2      0xcb0 build/init.o
 .debug_info    0x000000000000b092     0x21a4 build/cdc_acm_core.o
 .debug_info    0x000000000000d236      0x296 build/delay.o
 .debug_info    0x000000000000d4cc      0xb4e build/drv_usb_core.o
 .debug_info    0x000000000000e01a     0x13ce build/drv_usb_dev.o
 .debug_info    0x000000000000f3e8     0x12e8 build/drv_usbd_int.o
 .debug_info    0x00000000000106d0      0xdb1 build/eclicw.o
 .debug_info    0x0000000000011481     0x2a42 build/ff.o
 .debug_info    0x0000000000013ec3     0x1139 build/gd32v_mpu6500_if.o
 .debug_info    0x0000000000014ffc      0xb63 build/gd32v_tf_card_if.o
 .debug_info    0x0000000000015b5f     0x10bb build/gd32vf103_hw.o
 .debug_info    0x0000000000016c1a     0x1cb4 build/gd32vf103_usb_it.o
 .debug_info    0x00000000000188ce     0x2bdb build/main.o
 .debug_info    0x000000000001b4a9     0x10aa build/mpu6500_driver.o
 .debug_info    0x000000000001c553     0x1b55 build/tf_card.o
 .debug_info    0x000000000001e0a8      0x17c build/tf_delay.o
 .debug_info    0x000000000001e224      0x1a9 build/usb_delay.o
 .debug_info    0x000000000001e3cd     0x1e9b build/usb_serial_if.o
 .debug_info    0x0000000000020268     0x1304 build/usbd_core.o
 .debug_info    0x000000000002156c     0x2128 build/usbd_enum.o
 .debug_info    0x0000000000023694     0x1a23 build/usbd_transc.o
 .debug_info    0x00000000000250b7       0x26 build/start.o
 .debug_info    0x00000000000250dd       0x22 build/entry.o
 .debug_info    0x00000000000250ff      0x5a5 c:/kth/he1043/toolchain-gd32v-v202-win/toolchain-gd32v-v202-win/compiler/bin/../lib/gcc/riscv64-unknown-elf/8.3.0/rv32imac/ilp32\libgcc.a(adddf3.o)
 .debug_info    0x00000000000256a4      0x734 c:/kth/he1043/toolchain-gd32v-v202-win/toolchain-gd32v-v202-win/compiler/bin/../lib/gcc/riscv64-unknown-elf/8.3.0/rv32imac/ilp32\libgcc.a(divdf3.o)
 .debug_info    0x0000000000025dd8      0x286 c:/kth/he1043/toolchain-gd32v-v202-win/toolchain-gd32v-v202-win/compiler/bin/../lib/gcc/riscv64-unknown-elf/8.3.0/rv32imac/ilp32\libgcc.a(gedf2.o)
 .debug_info    0x000000000002605e      0x286 c:/kth/he1043/toolchain-gd32v-v202-win/toolchain-gd32v-v202-win/compiler/bin/../lib/gcc/riscv64-unknown-elf/8.3.0/rv32imac/ilp32\libgcc.a(ledf2.o)
 .debug_info    0x00000000000262e4      0x76c c:/kth/he1043/toolchain-gd32v-v202-win/toolchain-gd32v-v202-win/compiler/bin/../lib/gcc/riscv64-unknown-elf/8.3.0/rv32imac/ilp32\libgcc.a(muldf3.o)
 .debug_info    0x0000000000026a50      0x5a5 c:/kth/he1043/toolchain-gd32v-v202-win/toolchain-gd32v-v202-win/compiler/bin/../lib/gcc/riscv64-unknown-elf/8.3.0/rv32imac/ilp32\libgcc.a(subdf3.o)
 .debug_info    0x0000000000026ff5      0x289 c:/kth/he1043/toolchain-gd32v-v202-win/toolchain-gd32v-v202-win/compiler/bin/../lib/gcc/riscv64-unknown-elf/8.3.0/rv32imac/ilp32\libgcc.a(unorddf2.o)
 .debug_info    0x000000000002727e      0x2c0 c:/kth/he1043/toolchain-gd32v-v202-win/toolchain-gd32v-v202-win/compiler/bin/../lib/gcc/riscv64-unknown-elf/8.3.0/rv32imac/ilp32\libgcc.a(floatsidf.o)
 .debug_info    0x000000000002753e      0x2af c:/kth/he1043/toolchain-gd32v-v202-win/toolchain-gd32v-v202-win/compiler/bin/../lib/gcc/riscv64-unknown-elf/8.3.0/rv32imac/ilp32\libgcc.a(floatunsidf.o)
 .debug_info    0x00000000000277ed      0x2e8 c:/kth/he1043/toolchain-gd32v-v202-win/toolchain-gd32v-v202-win/compiler/bin/../lib/gcc/riscv64-unknown-elf/8.3.0/rv32imac/ilp32\libgcc.a(floatundidf.o)
 .debug_info    0x0000000000027ad5      0x351 c:/kth/he1043/toolchain-gd32v-v202-win/toolchain-gd32v-v202-win/compiler/bin/../lib/gcc/riscv64-unknown-elf/8.3.0/rv32imac/ilp32\libgcc.a(addsf3.o)
 .debug_info    0x0000000000027e26      0x264 c:/kth/he1043/toolchain-gd32v-v202-win/toolchain-gd32v-v202-win/compiler/bin/../lib/gcc/riscv64-unknown-elf/8.3.0/rv32imac/ilp32\libgcc.a(gesf2.o)
 .debug_info    0x000000000002808a      0x264 c:/kth/he1043/toolchain-gd32v-v202-win/toolchain-gd32v-v202-win/compiler/bin/../lib/gcc/riscv64-unknown-elf/8.3.0/rv32imac/ilp32\libgcc.a(lesf2.o)
 .debug_info    0x00000000000282ee      0x3ac c:/kth/he1043/toolchain-gd32v-v202-win/toolchain-gd32v-v202-win/compiler/bin/../lib/gcc/riscv64-unknown-elf/8.3.0/rv32imac/ilp32\libgcc.a(mulsf3.o)
 .debug_info    0x000000000002869a      0x351 c:/kth/he1043/toolchain-gd32v-v202-win/toolchain-gd32v-v202-win/compiler/bin/../lib/gcc/riscv64-unknown-elf/8.3.0/rv32imac/ilp32\libgcc.a(subsf3.o)
 .debug_info    0x00000000000289eb      0x1f7 c:/kth/he1043/toolchain-gd32v-v202-win/toolchain-gd32v-v202-win/compiler/bin/../lib/gcc/riscv64-unknown-elf/8.3.0/rv32imac/ilp32\libgcc.a(fixsfsi.o)
 .debug_info    0x0000000000028be2      0x25d c:/kth/he1043/toolchain-gd32v-v202-win/toolchain-gd32v-v202-win/compiler/bin/../lib/gcc/riscv64-unknown-elf/8.3.0/rv32imac/ilp32\libgcc.a(floatsisf.o)
 .debug_info    0x0000000000028e3f      0x2a9 c:/kth/he1043/toolchain-gd32v-v202-win/toolchain-gd32v-v202-win/compiler/bin/../lib/gcc/riscv64-unknown-elf/8.3.0/rv32imac/ilp32\libgcc.a(extendsfdf2.o)
 .debug_info    0x00000000000290e8      0x2e2 c:/kth/he1043/toolchain-gd32v-v202-win/toolchain-gd32v-v202-win/compiler/bin/../lib/gcc/riscv64-unknown-elf/8.3.0/rv32imac/ilp32\libgcc.a(truncdfsf2.o)
 .debug_info    0x00000000000293ca      0xc72 c:/kth/he1043/toolchain-gd32v-v202-win/toolchain-gd32v-v202-win/compiler/bin/../lib/gcc/riscv64-unknown-elf/8.3.0/rv32imac/ilp32\libgcc.a(_lshrdi3.o)
 .debug_info    0x000000000002a03c      0xc72 c:/kth/he1043/toolchain-gd32v-v202-win/toolchain-gd32v-v202-win/compiler/bin/../lib/gcc/riscv64-unknown-elf/8.3.0/rv32imac/ilp32\libgcc.a(_ashldi3.o)
 .debug_info    0x000000000002acae      0xbd7 c:/kth/he1043/toolchain-gd32v-v202-win/toolchain-gd32v-v202-win/compiler/bin/../lib/gcc/riscv64-unknown-elf/8.3.0/rv32imac/ilp32\libgcc.a(_clzsi2.o)
 .debug_info    0x000000000002b885      0xb6a c:/kth/he1043/toolchain-gd32v-v202-win/toolchain-gd32v-v202-win/compiler/bin/../lib/gcc/riscv64-unknown-elf/8.3.0/rv32imac/ilp32\libgcc.a(_clz.o)

.debug_abbrev   0x0000000000000000     0x8272
 .debug_abbrev  0x0000000000000000      0x112 build/gd32vf103_eclic.o
 .debug_abbrev  0x0000000000000112      0x15c build/gd32vf103_exti.o
 .debug_abbrev  0x000000000000026e      0x228 build/gd32vf103_gpio.o
 .debug_abbrev  0x0000000000000496      0x1e9 build/gd32vf103_i2c.o
 .debug_abbrev  0x000000000000067f      0x259 build/gd32vf103_rcu.o
 .debug_abbrev  0x00000000000008d8      0x21a build/gd32vf103_spi.o
 .debug_abbrev  0x0000000000000af2      0x2c1 build/gd32vf103_timer.o
 .debug_abbrev  0x0000000000000db3       0xe0 build/system_gd32vf103.o
 .debug_abbrev  0x0000000000000e93       0xec build/_exit.o
 .debug_abbrev  0x0000000000000f7f      0x1eb build/close.o
 .debug_abbrev  0x000000000000116a      0x218 build/fstat.o
 .debug_abbrev  0x0000000000001382       0x75 build/isatty.o
 .debug_abbrev  0x00000000000013f7      0x218 build/lseek.o
 .debug_abbrev  0x000000000000160f      0x1fc build/read.o
 .debug_abbrev  0x000000000000180b       0xac build/sbrk.o
 .debug_abbrev  0x00000000000018b7       0xfa build/write_hex.o
 .debug_abbrev  0x00000000000019b1      0x4db build/n200_func.o
 .debug_abbrev  0x0000000000001e8c      0x234 build/handlers.o
 .debug_abbrev  0x00000000000020c0      0x22b build/init.o
 .debug_abbrev  0x00000000000022eb      0x3f7 build/cdc_acm_core.o
 .debug_abbrev  0x00000000000026e2      0x116 build/delay.o
 .debug_abbrev  0x00000000000027f8      0x2a9 build/drv_usb_core.o
 .debug_abbrev  0x0000000000002aa1      0x335 build/drv_usb_dev.o
 .debug_abbrev  0x0000000000002dd6      0x305 build/drv_usbd_int.o
 .debug_abbrev  0x00000000000030db      0x24e build/eclicw.o
 .debug_abbrev  0x0000000000003329      0x340 build/ff.o
 .debug_abbrev  0x0000000000003669      0x2bd build/gd32v_mpu6500_if.o
 .debug_abbrev  0x0000000000003926      0x200 build/gd32v_tf_card_if.o
 .debug_abbrev  0x0000000000003b26      0x318 build/gd32vf103_hw.o
 .debug_abbrev  0x0000000000003e3e      0x2a8 build/gd32vf103_usb_it.o
 .debug_abbrev  0x00000000000040e6      0x3d6 build/main.o
 .debug_abbrev  0x00000000000044bc      0x2dc build/mpu6500_driver.o
 .debug_abbrev  0x0000000000004798      0x476 build/tf_card.o
 .debug_abbrev  0x0000000000004c0e       0xd2 build/tf_delay.o
 .debug_abbrev  0x0000000000004ce0       0xcb build/usb_delay.o
 .debug_abbrev  0x0000000000004dab      0x3b3 build/usb_serial_if.o
 .debug_abbrev  0x000000000000515e      0x2a8 build/usbd_core.o
 .debug_abbrev  0x0000000000005406      0x511 build/usbd_enum.o
 .debug_abbrev  0x0000000000005917      0x2ab build/usbd_transc.o
 .debug_abbrev  0x0000000000005bc2       0x14 build/start.o
 .debug_abbrev  0x0000000000005bd6       0x12 build/entry.o
 .debug_abbrev  0x0000000000005be8      0x196 c:/kth/he1043/toolchain-gd32v-v202-win/toolchain-gd32v-v202-win/compiler/bin/../lib/gcc/riscv64-unknown-elf/8.3.0/rv32imac/ilp32\libgcc.a(adddf3.o)
 .debug_abbrev  0x0000000000005d7e      0x187 c:/kth/he1043/toolchain-gd32v-v202-win/toolchain-gd32v-v202-win/compiler/bin/../lib/gcc/riscv64-unknown-elf/8.3.0/rv32imac/ilp32\libgcc.a(divdf3.o)
 .debug_abbrev  0x0000000000005f05      0x199 c:/kth/he1043/toolchain-gd32v-v202-win/toolchain-gd32v-v202-win/compiler/bin/../lib/gcc/riscv64-unknown-elf/8.3.0/rv32imac/ilp32\libgcc.a(gedf2.o)
 .debug_abbrev  0x000000000000609e      0x199 c:/kth/he1043/toolchain-gd32v-v202-win/toolchain-gd32v-v202-win/compiler/bin/../lib/gcc/riscv64-unknown-elf/8.3.0/rv32imac/ilp32\libgcc.a(ledf2.o)
 .debug_abbrev  0x0000000000006237      0x197 c:/kth/he1043/toolchain-gd32v-v202-win/toolchain-gd32v-v202-win/compiler/bin/../lib/gcc/riscv64-unknown-elf/8.3.0/rv32imac/ilp32\libgcc.a(muldf3.o)
 .debug_abbrev  0x00000000000063ce      0x196 c:/kth/he1043/toolchain-gd32v-v202-win/toolchain-gd32v-v202-win/compiler/bin/../lib/gcc/riscv64-unknown-elf/8.3.0/rv32imac/ilp32\libgcc.a(subdf3.o)
 .debug_abbrev  0x0000000000006564      0x1a2 c:/kth/he1043/toolchain-gd32v-v202-win/toolchain-gd32v-v202-win/compiler/bin/../lib/gcc/riscv64-unknown-elf/8.3.0/rv32imac/ilp32\libgcc.a(unorddf2.o)
 .debug_abbrev  0x0000000000006706      0x181 c:/kth/he1043/toolchain-gd32v-v202-win/toolchain-gd32v-v202-win/compiler/bin/../lib/gcc/riscv64-unknown-elf/8.3.0/rv32imac/ilp32\libgcc.a(floatsidf.o)
 .debug_abbrev  0x0000000000006887      0x178 c:/kth/he1043/toolchain-gd32v-v202-win/toolchain-gd32v-v202-win/compiler/bin/../lib/gcc/riscv64-unknown-elf/8.3.0/rv32imac/ilp32\libgcc.a(floatunsidf.o)
 .debug_abbrev  0x00000000000069ff      0x19f c:/kth/he1043/toolchain-gd32v-v202-win/toolchain-gd32v-v202-win/compiler/bin/../lib/gcc/riscv64-unknown-elf/8.3.0/rv32imac/ilp32\libgcc.a(floatundidf.o)
 .debug_abbrev  0x0000000000006b9e      0x191 c:/kth/he1043/toolchain-gd32v-v202-win/toolchain-gd32v-v202-win/compiler/bin/../lib/gcc/riscv64-unknown-elf/8.3.0/rv32imac/ilp32\libgcc.a(addsf3.o)
 .debug_abbrev  0x0000000000006d2f      0x188 c:/kth/he1043/toolchain-gd32v-v202-win/toolchain-gd32v-v202-win/compiler/bin/../lib/gcc/riscv64-unknown-elf/8.3.0/rv32imac/ilp32\libgcc.a(gesf2.o)
 .debug_abbrev  0x0000000000006eb7      0x188 c:/kth/he1043/toolchain-gd32v-v202-win/toolchain-gd32v-v202-win/compiler/bin/../lib/gcc/riscv64-unknown-elf/8.3.0/rv32imac/ilp32\libgcc.a(lesf2.o)
 .debug_abbrev  0x000000000000703f      0x17a c:/kth/he1043/toolchain-gd32v-v202-win/toolchain-gd32v-v202-win/compiler/bin/../lib/gcc/riscv64-unknown-elf/8.3.0/rv32imac/ilp32\libgcc.a(mulsf3.o)
 .debug_abbrev  0x00000000000071b9      0x191 c:/kth/he1043/toolchain-gd32v-v202-win/toolchain-gd32v-v202-win/compiler/bin/../lib/gcc/riscv64-unknown-elf/8.3.0/rv32imac/ilp32\libgcc.a(subsf3.o)
 .debug_abbrev  0x000000000000734a      0x18a c:/kth/he1043/toolchain-gd32v-v202-win/toolchain-gd32v-v202-win/compiler/bin/../lib/gcc/riscv64-unknown-elf/8.3.0/rv32imac/ilp32\libgcc.a(fixsfsi.o)
 .debug_abbrev  0x00000000000074d4      0x198 c:/kth/he1043/toolchain-gd32v-v202-win/toolchain-gd32v-v202-win/compiler/bin/../lib/gcc/riscv64-unknown-elf/8.3.0/rv32imac/ilp32\libgcc.a(floatsisf.o)
 .debug_abbrev  0x000000000000766c      0x17b c:/kth/he1043/toolchain-gd32v-v202-win/toolchain-gd32v-v202-win/compiler/bin/../lib/gcc/riscv64-unknown-elf/8.3.0/rv32imac/ilp32\libgcc.a(extendsfdf2.o)
 .debug_abbrev  0x00000000000077e7      0x177 c:/kth/he1043/toolchain-gd32v-v202-win/toolchain-gd32v-v202-win/compiler/bin/../lib/gcc/riscv64-unknown-elf/8.3.0/rv32imac/ilp32\libgcc.a(truncdfsf2.o)
 .debug_abbrev  0x000000000000795e      0x275 c:/kth/he1043/toolchain-gd32v-v202-win/toolchain-gd32v-v202-win/compiler/bin/../lib/gcc/riscv64-unknown-elf/8.3.0/rv32imac/ilp32\libgcc.a(_lshrdi3.o)
 .debug_abbrev  0x0000000000007bd3      0x275 c:/kth/he1043/toolchain-gd32v-v202-win/toolchain-gd32v-v202-win/compiler/bin/../lib/gcc/riscv64-unknown-elf/8.3.0/rv32imac/ilp32\libgcc.a(_ashldi3.o)
 .debug_abbrev  0x0000000000007e48      0x242 c:/kth/he1043/toolchain-gd32v-v202-win/toolchain-gd32v-v202-win/compiler/bin/../lib/gcc/riscv64-unknown-elf/8.3.0/rv32imac/ilp32\libgcc.a(_clzsi2.o)
 .debug_abbrev  0x000000000000808a      0x1e8 c:/kth/he1043/toolchain-gd32v-v202-win/toolchain-gd32v-v202-win/compiler/bin/../lib/gcc/riscv64-unknown-elf/8.3.0/rv32imac/ilp32\libgcc.a(_clz.o)

.debug_loc      0x0000000000000000    0x13516
 .debug_loc     0x0000000000000000       0xe7 build/gd32vf103_eclic.o
 .debug_loc     0x00000000000000e7      0x1c8 build/gd32vf103_exti.o
 .debug_loc     0x00000000000002af      0x4ba build/gd32vf103_gpio.o
 .debug_loc     0x0000000000000769      0x8a1 build/gd32vf103_i2c.o
 .debug_loc     0x000000000000100a      0xcf4 build/gd32vf103_rcu.o
 .debug_loc     0x0000000000001cfe      0x54e build/gd32vf103_spi.o
 .debug_loc     0x000000000000224c      0xef4 build/gd32vf103_timer.o
 .debug_loc     0x0000000000003140      0x173 build/system_gd32vf103.o
 .debug_loc     0x00000000000032b3       0x3e build/_exit.o
 .debug_loc     0x00000000000032f1       0x21 build/close.o
 .debug_loc     0x0000000000003312       0x90 build/fstat.o
 .debug_loc     0x00000000000033a2       0x2e build/isatty.o
 .debug_loc     0x00000000000033d0       0x8f build/lseek.o
 .debug_loc     0x000000000000345f       0x21 build/read.o
 .debug_loc     0x0000000000003480       0x21 build/sbrk.o
 .debug_loc     0x00000000000034a1      0x101 build/write_hex.o
 .debug_loc     0x00000000000035a2      0xa1d build/n200_func.o
 .debug_loc     0x0000000000003fbf       0x7f build/handlers.o
 .debug_loc     0x000000000000403e       0x2c build/init.o
 .debug_loc     0x000000000000406a      0x3df build/cdc_acm_core.o
 .debug_loc     0x0000000000004449      0x250 build/delay.o
 .debug_loc     0x0000000000004699      0x53e build/drv_usb_core.o
 .debug_loc     0x0000000000004bd7      0x83b build/drv_usb_dev.o
 .debug_loc     0x0000000000005412      0x69a build/drv_usbd_int.o
 .debug_loc     0x0000000000005aac      0x167 build/eclicw.o
 .debug_loc     0x0000000000005c13     0x318f build/ff.o
 .debug_loc     0x0000000000008da2      0x3e4 build/gd32v_mpu6500_if.o
 .debug_loc     0x0000000000009186      0x106 build/gd32vf103_hw.o
 .debug_loc     0x000000000000928c       0x2c build/gd32vf103_usb_it.o
 .debug_loc     0x00000000000092b8      0x32f build/main.o
 .debug_loc     0x00000000000095e7      0x471 build/mpu6500_driver.o
 .debug_loc     0x0000000000009a58      0xc28 build/tf_card.o
 .debug_loc     0x000000000000a680       0x84 build/tf_delay.o
 .debug_loc     0x000000000000a704      0x130 build/usb_delay.o
 .debug_loc     0x000000000000a834      0x2a3 build/usb_serial_if.o
 .debug_loc     0x000000000000aad7      0x730 build/usbd_core.o
 .debug_loc     0x000000000000b207      0xb83 build/usbd_enum.o
 .debug_loc     0x000000000000bd8a      0x4ec build/usbd_transc.o