Archive member included to satisfy reference by file (symbol)

c:/kth/he1043/toolchain-gd32v-v202-win/toolchain-gd32v-v202-win/compiler/bin/../lib/gcc/riscv64-unknown-elf/8.3.0/../../../../riscv64-unknown-elf/lib/rv32imac/ilp32\libc_nano.a(lib_a-atexit.o)
                              build/start.o (atexit)
c:/kth/he1043/toolchain-gd32v-v202-win/toolchain-gd32v-v202-win/compiler/bin/../lib/gcc/riscv64-unknown-elf/8.3.0/../../../../riscv64-unknown-elf/lib/rv32imac/ilp32\libc_nano.a(lib_a-exit.o)
                              build/start.o (exit)
c:/kth/he1043/toolchain-gd32v-v202-win/toolchain-gd32v-v202-win/compiler/bin/../lib/gcc/riscv64-unknown-elf/8.3.0/../../../../riscv64-unknown-elf/lib/rv32imac/ilp32\libc_nano.a(lib_a-fini.o)
                              build/start.o (__libc_fini_array)
c:/kth/he1043/toolchain-gd32v-v202-win/toolchain-gd32v-v202-win/compiler/bin/../lib/gcc/riscv64-unknown-elf/8.3.0/../../../../riscv64-unknown-elf/lib/rv32imac/ilp32\libc_nano.a(lib_a-impure.o)
                              c:/kth/he1043/toolchain-gd32v-v202-win/toolchain-gd32v-v202-win/compiler/bin/../lib/gcc/riscv64-unknown-elf/8.3.0/../../../../riscv64-unknown-elf/lib/rv32imac/ilp32\libc_nano.a(lib_a-exit.o) (_global_impure_ptr)
c:/kth/he1043/toolchain-gd32v-v202-win/toolchain-gd32v-v202-win/compiler/bin/../lib/gcc/riscv64-unknown-elf/8.3.0/../../../../riscv64-unknown-elf/lib/rv32imac/ilp32\libc_nano.a(lib_a-init.o)
                              build/start.o (__libc_init_array)
c:/kth/he1043/toolchain-gd32v-v202-win/toolchain-gd32v-v202-win/compiler/bin/../lib/gcc/riscv64-unknown-elf/8.3.0/../../../../riscv64-unknown-elf/lib/rv32imac/ilp32\libc_nano.a(lib_a-memcpy-asm.o)
                              build/gd32vf103_rcu.o (memcpy)
c:/kth/he1043/toolchain-gd32v-v202-win/toolchain-gd32v-v202-win/compiler/bin/../lib/gcc/riscv64-unknown-elf/8.3.0/../../../../riscv64-unknown-elf/lib/rv32imac/ilp32\libc_nano.a(lib_a-snprintf.o)
                              build/main.o (snprintf)
c:/kth/he1043/toolchain-gd32v-v202-win/toolchain-gd32v-v202-win/compiler/bin/../lib/gcc/riscv64-unknown-elf/8.3.0/../../../../riscv64-unknown-elf/lib/rv32imac/ilp32\libc_nano.a(lib_a-sysisatty.o)
                              build/fstat.o (isatty)
c:/kth/he1043/toolchain-gd32v-v202-win/toolchain-gd32v-v202-win/compiler/bin/../lib/gcc/riscv64-unknown-elf/8.3.0/../../../../riscv64-unknown-elf/lib/rv32imac/ilp32\libc_nano.a(lib_a-syswrite.o)
                              build/_exit.o (write)
c:/kth/he1043/toolchain-gd32v-v202-win/toolchain-gd32v-v202-win/compiler/bin/../lib/gcc/riscv64-unknown-elf/8.3.0/../../../../riscv64-unknown-elf/lib/rv32imac/ilp32\libc_nano.a(lib_a-writer.o)
                              c:/kth/he1043/toolchain-gd32v-v202-win/toolchain-gd32v-v202-win/compiler/bin/../lib/gcc/riscv64-unknown-elf/8.3.0/../../../../riscv64-unknown-elf/lib/rv32imac/ilp32\libc_nano.a(lib_a-syswrite.o) (_write_r)
c:/kth/he1043/toolchain-gd32v-v202-win/toolchain-gd32v-v202-win/compiler/bin/../lib/gcc/riscv64-unknown-elf/8.3.0/../../../../riscv64-unknown-elf/lib/rv32imac/ilp32\libc_nano.a(lib_a-__atexit.o)
                              c:/kth/he1043/toolchain-gd32v-v202-win/toolchain-gd32v-v202-win/compiler/bin/../lib/gcc/riscv64-unknown-elf/8.3.0/../../../../riscv64-unknown-elf/lib/rv32imac/ilp32\libc_nano.a(lib_a-atexit.o) (__register_exitproc)
c:/kth/he1043/toolchain-gd32v-v202-win/toolchain-gd32v-v202-win/compiler/bin/../lib/gcc/riscv64-unknown-elf/8.3.0/../../../../riscv64-unknown-elf/lib/rv32imac/ilp32\libc_nano.a(lib_a-__call_atexit.o)
                              c:/kth/he1043/toolchain-gd32v-v202-win/toolchain-gd32v-v202-win/compiler/bin/../lib/gcc/riscv64-unknown-elf/8.3.0/../../../../riscv64-unknown-elf/lib/rv32imac/ilp32\libc_nano.a(lib_a-__atexit.o) (__call_exitprocs)
c:/kth/he1043/toolchain-gd32v-v202-win/toolchain-gd32v-v202-win/compiler/bin/../lib/gcc/riscv64-unknown-elf/8.3.0/../../../../riscv64-unknown-elf/lib/rv32imac/ilp32\libc_nano.a(lib_a-nano-svfprintf.o)
                              c:/kth/he1043/toolchain-gd32v-v202-win/toolchain-gd32v-v202-win/compiler/bin/../lib/gcc/riscv64-unknown-elf/8.3.0/../../../../riscv64-unknown-elf/lib/rv32imac/ilp32\libc_nano.a(lib_a-snprintf.o) (_svfprintf_r)
c:/kth/he1043/toolchain-gd32v-v202-win/toolchain-gd32v-v202-win/compiler/bin/../lib/gcc/riscv64-unknown-elf/8.3.0/../../../../riscv64-unknown-elf/lib/rv32imac/ilp32\libc_nano.a(lib_a-nano-vfprintf_i.o)
                              c:/kth/he1043/toolchain-gd32v-v202-win/toolchain-gd32v-v202-win/compiler/bin/../lib/gcc/riscv64-unknown-elf/8.3.0/../../../../riscv64-unknown-elf/lib/rv32imac/ilp32\libc_nano.a(lib_a-nano-svfprintf.o) (_printf_i)
c:/kth/he1043/toolchain-gd32v-v202-win/toolchain-gd32v-v202-win/compiler/bin/../lib/gcc/riscv64-unknown-elf/8.3.0/../../../../riscv64-unknown-elf/lib/rv32imac/ilp32\libc_nano.a(lib_a-reent.o)
[...]
Memory Configuration

Name             Origin             Length             Attributes
flash            0x0000000008000000 0x0000000000020000 axrl !w
ram              0x0000000020000000 0x0000000000008000 axw !rl
*default*        0x0000000000000000 0xffffffffffffffff

Linker script and memory map

LOAD build/gd32vf103_adc.o
LOAD build/gd32vf103_bkp.o
LOAD build/gd32vf103_can.o
LOAD build/gd32vf103_crc.o
LOAD build/gd32vf103_dac.o
LOAD build/gd32vf103_dbg.o
LOAD build/gd32vf103_dma.o
LOAD build/gd32vf103_eclic.o
LOAD build/gd32vf103_exmc.o
LOAD build/gd32vf103_exti.o
LOAD build/gd32vf103_fmc.o
LOAD build/gd32vf103_fwdgt.o
LOAD build/gd32vf103_gpio.o
LOAD build/gd32vf103_i2c.o
LOAD build/gd32vf103_pmu.o
LOAD build/gd32vf103_rcu.o
LOAD build/gd32vf103_rtc.o
LOAD build/gd32vf103_spi.o
LOAD build/gd32vf103_timer.o
LOAD build/gd32vf103_usart.o
LOAD build/gd32vf103_wwdgt.o
LOAD build/system_gd32vf103.o
LOAD build/_exit.o
LOAD build/close.o
LOAD build/fstat.o
LOAD build/isatty.o
LOAD build/lseek.o
LOAD build/read.o
LOAD build/sbrk.o
LOAD build/write.o
LOAD build/write_hex.o
LOAD build/n200_func.o
LOAD build/handlers.o
LOAD build/init.o
LOAD build/delay.o
LOAD build/ff.o
LOAD build/ffsystem.o
LOAD build/ffunicode.o
LOAD build/gd32v_mpu6500_if.o
LOAD build/gd32v_tf_card_if.o
LOAD build/main.o
LOAD build/mpu6500_driver.o
LOAD build/systick.o
LOAD build/tf_card.o
LOAD build/tf_delay.o
LOAD build/start.o
LOAD build/entry.o
LOAD c:/kth/he1043/toolchain-gd32v-v202-win/toolchain-gd32v-v202-win/compiler/bin/../lib/gcc/riscv64-unknown-elf/8.3.0/../../../../riscv64-unknown-elf/lib/rv32imac/ilp32\libc_nano.a
LOAD c:/kth/he1043/toolchain-gd32v-v202-win/toolchain-gd32v-v202-win/compiler/bin/../lib/gcc/riscv64-unknown-elf/8.3.0/../../../../riscv64-unknown-elf/lib/rv32imac/ilp32\libm.a
LOAD c:/kth/he1043/toolchain-gd32v-v202-win/toolchain-gd32v-v202-win/compiler/bin/../lib/gcc/riscv64-unknown-elf/8.3.0/rv32imac/ilp32\libgcc.a
LOAD c:/kth/he1043/toolchain-gd32v-v202-win/toolchain-gd32v-v202-win/compiler/bin/../lib/gcc/riscv64-unknown-elf/8.3.0/../../../../riscv64-unknown-elf/lib/rv32imac/ilp32\libc_nano.a
LOAD c:/kth/he1043/toolchain-gd32v-v202-win/toolchain-gd32v-v202-win/compiler/bin/../lib/gcc/riscv64-unknown-elf/8.3.0/rv32imac/ilp32\libgcc.a
START GROUP
LOAD c:/kth/he1043/toolchain-gd32v-v202-win/toolchain-gd32v-v202-win/compiler/bin/../lib/gcc/riscv64-unknown-elf/8.3.0/rv32imac/ilp32\libgcc.a
LOAD c:/kth/he1043/toolchain-gd32v-v202-win/toolchain-gd32v-v202-win/compiler/bin/../lib/gcc/riscv64-unknown-elf/8.3.0/../../../../riscv64-unknown-elf/lib/rv32imac/ilp32\libc_nano.a
LOAD c:/kth/he1043/toolchain-gd32v-v202-win/toolchain-gd32v-v202-win/compiler/bin/../lib/gcc/riscv64-unknown-elf/8.3.0/../../../../riscv64-unknown-elf/lib/rv32imac/ilp32\libgloss_nano.a
END GROUP
                0x0000000000001000                __stack_size = DEFINED (__stack_size)?__stack_size:0x1000
                0x0000000000000000                __dbg_stack_size = DEFINED (__dbg_stack_size)?__dbg_stack_size:0x0

.init           0x0000000008000000      0x254
 *(SORT_NONE(.init))
 .init          0x0000000008000000      0x254 build/start.o
                0x000000000800015c                _start
                0x0000000008000246                disable_mcycle_minstret
                0x000000000800024c                enable_mcycle_minstret

.ilalign        0x0000000008000254        0x0
                0x0000000008000254                . = ALIGN (0x4)
                [!provide]                        PROVIDE (_ilm_lma = .)

.ialign         0x0000000008000254        0x0
                [!provide]                        PROVIDE (_ilm = .)

.text           0x0000000008000280     0x6edc
 *(.rodata .rodata.*)
 .rodata        0x0000000008000280       0x10 build/gd32vf103_rcu.o
 .rodata._exit.str1.4
                0x0000000008000290       0x1f build/_exit.o
                                         0x23 (size before relaxing)
 *fill*         0x00000000080002af        0x1 
 .rodata.write_hex.str1.4
                0x00000000080002b0        0x3 build/write_hex.o
 *fill*         0x00000000080002b3        0x1 
 .rodata.handle_nmi.str1.4
                0x00000000080002b4        0x5 build/handlers.o
 *fill*         0x00000000080002b9        0x3 
 .rodata.handle_trap.str1.4
                0x00000000080002bc        0x6 build/handlers.o
 *fill*         0x00000000080002c2        0x6 
 .rodata.delay_1ms.cst8
                0x00000000080002c8        0x8 build/delay.o
 .rodata.check_fs.str1.4
                0x00000000080002d0        0xa build/ff.o
 *fill*         0x00000000080002da        0x2 
 .rodata.f_open.str1.4
                0x00000000080002dc        0xf build/ff.o
 .rodata.mpu_delay.cst8
                0x00000000080002eb        0x8 build/gd32v_mpu6500_if.o
 *fill*         0x00000000080002eb        0x1 
 .rodata.main.cst4
                0x00000000080002ec        0x8 build/main.o
 *fill*         0x00000000080002f4        0x4 
 .rodata.main.cst8
                0x00000000080002f8        0x8 build/main.o
 .rodata.sd_init.str1.4
                0x0000000008000300        0xf build/main.o
                                          0x1 (size before relaxing)
 .rodata.spara_logg.str1.4
                0x0000000008000300       0x30 build/main.o
 .rodata.wait_ready.cst8
                0x0000000008000330        0x8 build/tf_card.o
 .rodata._svfprintf_r.str1.4
                0x0000000008000330       0x13 c:/kth/he1043/toolchain-gd32v-v202-win/toolchain-gd32v-v202-win/compiler/bin/../lib/gcc/riscv64-unknown-elf/8.3.0/../../../../riscv64-unknown-elf/lib/rv32imac/ilp32\libc_nano.a(lib_a-nano-svfprintf.o)
 *fill*         0x0000000008000343        0x1 
 .rodata._printf_i.str1.4
                0x0000000008000344       0x28 c:/kth/he1043/toolchain-gd32v-v202-win/toolchain-gd32v-v202-win/compiler/bin/../lib/gcc/riscv64-unknown-elf/8.3.0/../../../../riscv64-unknown-elf/lib/rv32imac/ilp32\libc_nano.a(lib_a-nano-vfprintf_i.o)
                                         0x25 (size before relaxing)
 *fill*         0x000000000800036c        0x4 
 .rodata        0x0000000008000370       0x40 c:/kth/he1043/toolchain-gd32v-v202-win/toolchain-gd32v-v202-win/compiler/bin/../lib/gcc/riscv64-unknown-elf/8.3.0/../../../../riscv64-unknown-elf/lib/rv32imac/ilp32\libm.a(lib_a-s_atan.o)
 .rodata        0x00000000080003b0       0x3c c:/kth/he1043/toolchain-gd32v-v202-win/toolchain-gd32v-v202-win/compiler/bin/../lib/gcc/riscv64-unknown-elf/8.3.0/rv32imac/ilp32\libgcc.a(divdf3.o)
 .rodata        0x00000000080003ec       0x3c c:/kth/he1043/toolchain-gd32v-v202-win/toolchain-gd32v-v202-win/compiler/bin/../lib/gcc/riscv64-unknown-elf/8.3.0/rv32imac/ilp32\libgcc.a(muldf3.o)
 .rodata        0x0000000008000428      0x100 c:/kth/he1043/toolchain-gd32v-v202-win/toolchain-gd32v-v202-win/compiler/bin/../lib/gcc/riscv64-unknown-elf/8.3.0/rv32imac/ilp32\libgcc.a(_clz.o)
                0x0000000008000428                __clz_tab
 *(.text.unlikely .text.unlikely.*)
 *(.text.startup .text.startup.*)
 .text.startup.main
                0x0000000008000528      0x274 build/main.o
                0x0000000008000528                main
 *(.text .text.*)
 .text.eclic_global_interrupt_enable
                0x000000000800079c        0x6 build/gd32vf103_eclic.o
                0x000000000800079c                eclic_global_interrupt_enable
 .text.eclic_irq_enable
                0x00000000080007a2       0x34 build/gd32vf103_eclic.o
                0x00000000080007a2                eclic_irq_enable
 .text.gpio_init
                0x00000000080007d6       0xa4 build/gd32vf103_gpio.o
                0x00000000080007d6                gpio_init
 .text.gpio_bit_set
                0x000000000800087a        0x4 build/gd32vf103_gpio.o
                0x000000000800087a                gpio_bit_set
 .text.gpio_bit_reset
                0x000000000800087e        0x4 build/gd32vf103_gpio.o
                0x000000000800087e                gpio_bit_reset
 .text.gpio_input_bit_get
                0x0000000008000882        0xa build/gd32vf103_gpio.o
                0x0000000008000882                gpio_input_bit_get
 .text.i2c_clock_config
                0x000000000800088c      0x142 build/gd32vf103_i2c.o
                0x000000000800088c                i2c_clock_config
 .text.i2c_ack_config
                0x00000000080009ce       0x18 build/gd32vf103_i2c.o
                0x00000000080009ce                i2c_ack_config
 .text.i2c_master_addressing
                0x00000000080009e6       0x12 build/gd32vf103_i2c.o
                0x00000000080009e6                i2c_master_addressing
 .text.i2c_enable
                0x00000000080009f8        0xa build/gd32vf103_i2c.o
                0x00000000080009f8                i2c_enable
 .text.i2c_start_on_bus
                0x0000000008000a02        0xa build/gd32vf103_i2c.o
                0x0000000008000a02                i2c_start_on_bus
 .text.i2c_stop_on_bus
                0x0000000008000a0c        0xa build/gd32vf103_i2c.o
                0x0000000008000a0c                i2c_stop_on_bus
 .text.i2c_data_transmit
                0x0000000008000a16        0x4 build/gd32vf103_i2c.o
                0x0000000008000a16                i2c_data_transmit
 .text.i2c_data_receive
                0x0000000008000a1a        0x8 build/gd32vf103_i2c.o
                0x0000000008000a1a                i2c_data_receive
 .text.i2c_flag_get
                0x0000000008000a22       0x14 build/gd32vf103_i2c.o
                0x0000000008000a22                i2c_flag_get
 .text.i2c_flag_clear
                0x0000000008000a36       0x2a build/gd32vf103_i2c.o
                0x0000000008000a36                i2c_flag_clear
 .text.rcu_periph_clock_enable
                0x0000000008000a60       0x18 build/gd32vf103_rcu.o
                0x0000000008000a60                rcu_periph_clock_enable
 .text.rcu_periph_reset_enable
                0x0000000008000a78       0x18 build/gd32vf103_rcu.o
                0x0000000008000a78                rcu_periph_reset_enable
 .text.rcu_periph_reset_disable
                0x0000000008000a90       0x1c build/gd32vf103_rcu.o
                0x0000000008000a90                rcu_periph_reset_disable
 .text.rcu_clock_freq_get
                0x0000000008000aac      0x13a build/gd32vf103_rcu.o
                0x0000000008000aac                rcu_clock_freq_get
 .text.spi_init
                0x0000000008000be6       0x36 build/gd32vf103_spi.o
                0x0000000008000be6                spi_init
 .text.spi_enable
                0x0000000008000c1c        0xa build/gd32vf103_spi.o
                0x0000000008000c1c                spi_enable
 .text.spi_i2s_data_transmit
                0x0000000008000c26        0x4 build/gd32vf103_spi.o
                0x0000000008000c26                spi_i2s_data_transmit
 .text.spi_i2s_data_receive
                0x0000000008000c2a        0x8 build/gd32vf103_spi.o
                0x0000000008000c2a                spi_i2s_data_receive
 .text.spi_crc_polynomial_set
                0x0000000008000c32        0xc build/gd32vf103_spi.o
                0x0000000008000c32                spi_crc_polynomial_set
 .text.spi_i2s_flag_get
                0x0000000008000c3e        0xa build/gd32vf103_spi.o
                0x0000000008000c3e                spi_i2s_flag_get
 .text.timer_deinit
                0x0000000008000c48       0xd2 build/gd32vf103_timer.o
                0x0000000008000c48                timer_deinit
 .text.timer_struct_para_init
                0x0000000008000d1a       0x18 build/gd32vf103_timer.o
                0x0000000008000d1a                timer_struct_para_init
 .text.timer_init
                0x0000000008000d32       0x8e build/gd32vf103_timer.o
                0x0000000008000d32                timer_init
 .text.timer_enable
                0x0000000008000dc0        0xa build/gd32vf103_timer.o
                0x0000000008000dc0                timer_enable
 .text.timer_channel_output_struct_para_init
                0x0000000008000dca       0x1a build/gd32vf103_timer.o
                0x0000000008000dca                timer_channel_output_struct_para_init
 .text.timer_channel_output_config
                0x0000000008000de4      0x23c build/gd32vf103_timer.o
                0x0000000008000de4                timer_channel_output_config
 .text.timer_channel_output_mode_config
                0x0000000008001020       0x56 build/gd32vf103_timer.o
                0x0000000008001020                timer_channel_output_mode_config
 .text.timer_channel_output_pulse_value_config
                0x0000000008001076       0x26 build/gd32vf103_timer.o
                0x0000000008001076                timer_channel_output_pulse_value_config
 .text.timer_channel_output_shadow_config
                0x000000000800109c       0x56 build/gd32vf103_timer.o
                0x000000000800109c                timer_channel_output_shadow_config
 .text.timer_interrupt_enable
                0x00000000080010f2        0x8 build/gd32vf103_timer.o
                0x00000000080010f2                timer_interrupt_enable
 .text.timer_interrupt_flag_get
                0x00000000080010fa       0x12 build/gd32vf103_timer.o
                0x00000000080010fa                timer_interrupt_flag_get
 .text.timer_interrupt_flag_clear
                0x000000000800110c        0x8 build/gd32vf103_timer.o
                0x000000000800110c                timer_interrupt_flag_clear
 .text.SystemInit
                0x0000000008001114      0x11c build/system_gd32vf103.o
                0x0000000008001114                SystemInit
 .text._exit    0x0000000008001230       0x4c build/_exit.o
                0x0000000008001230                _exit
 .text._sbrk    0x000000000800127c       0x2e build/sbrk.o
                0x000000000800127c                _sbrk
 .text.write_hex
                0x00000000080012aa       0x7c build/write_hex.o
                0x00000000080012aa                write_hex
 .text.get_timer_value
                0x0000000008001326       0x10 build/n200_func.o
                0x0000000008001326                get_timer_value
 .text.eclic_init
                0x0000000008001336       0x22 build/n200_func.o
                0x0000000008001336                eclic_init
 .text.eclic_enable_interrupt
                0x0000000008001358       0x12 build/n200_func.o
                0x0000000008001358                eclic_enable_interrupt
 .text.eclic_get_nlbits
                0x000000000800136a        0xe build/n200_func.o
                0x000000000800136a                eclic_get_nlbits
 .text.eclic_set_irq_lvl_abs
                0x0000000008001378       0x58 build/n200_func.o
                0x0000000008001378                eclic_set_irq_lvl_abs
 .text.eclic_set_irq_priority
                0x00000000080013d0       0x52 build/n200_func.o
                0x00000000080013d0                eclic_set_irq_priority
 .text.eclic_mode_enable
                0x0000000008001422       0x12 build/n200_func.o
                0x0000000008001422                eclic_mode_enable
 .text.handle_nmi
                0x0000000008001434       0x22 build/handlers.o
                0x0000000008001434                handle_nmi
 .text.handle_trap
                0x0000000008001456       0x38 build/handlers.o
                0x0000000008001456                handle_trap
 .text._init    0x000000000800148e       0x2c build/init.o
                0x000000000800148e                _init
 .text._fini    0x00000000080014ba        0x2 build/init.o
                0x00000000080014ba                _fini
 .text.delay_1ms
                0x00000000080014bc       0xce build/delay.o
                0x00000000080014bc                delay_1ms
 .text.ld_dword
                0x000000000800158a       0x1e build/ff.o
 .text.st_dword
                0x00000000080015a8       0x1c build/ff.o
 .text.mem_cmp  0x00000000080015c4       0x1a build/ff.o
 .text.clst2sect
                0x00000000080015de       0x1c build/ff.o
 .text.get_ldnumber
                0x00000000080015fa       0x3e build/ff.o
 .text.validate
                0x0000000008001638       0x4e build/ff.o
 .text.mem_cpy.part.0
                0x0000000008001686       0x1a build/ff.o
 .text.ld_clust.isra.1
                0x00000000080016a0       0x26 build/ff.o
 .text.sync_window.part.3
                0x00000000080016c6       0x64 build/ff.o
 .text.move_window
                0x000000000800172a       0x4e build/ff.o
 .text.check_fs
                0x0000000008001778       0x92 build/ff.o
 .text.find_volume
                0x000000000800180a      0x342 build/ff.o
 .text.put_fat  0x0000000008001b4c      0x154 build/ff.o
 .text.get_fat.isra.7
                0x0000000008001ca0       0xf6 build/ff.o
 .text.create_chain
                0x0000000008001d96      0x128 build/ff.o
 .text.dir_next
                0x0000000008001ebe      0x14a build/ff.o
 .text.dir_sdi.constprop.9
                0x0000000008002008       0x98 build/ff.o
 .text.f_mount  0x00000000080020a0       0x5c build/ff.o
                0x00000000080020a0                f_mount
 .text.f_open   0x00000000080020fc      0x526 build/ff.o
                0x00000000080020fc                f_open
 .text.f_write  0x0000000008002622      0x208 build/ff.o
                0x0000000008002622                f_write
 .text.f_sync   0x000000000800282a      0x1b0 build/ff.o
                0x000000000800282a                f_sync
 .text.f_close  0x00000000080029da       0x2c build/ff.o
                0x00000000080029da                f_close
 .text.mpu_delay
                0x0000000008002a06       0xce build/gd32v_mpu6500_if.o
                0x0000000008002a06                mpu_delay
 .text.i2c_master_read_register
                0x0000000008002ad4      0x140 build/gd32v_mpu6500_if.o
                0x0000000008002ad4                i2c_master_read_register
 .text.i2c_master_write_register
                0x0000000008002c14       0xea build/gd32v_mpu6500_if.o
                0x0000000008002c14                i2c_master_write_register
 .text.i2c_master_init
                0x0000000008002cfe       0x28 build/gd32v_mpu6500_if.o
                0x0000000008002cfe                i2c_master_init
 .text.mpu6500_install
                0x0000000008002d26       0x40 build/gd32v_mpu6500_if.o
                0x0000000008002d26                mpu6500_install
 .text.set_fattime
                0x0000000008002d66       0x22 build/gd32v_tf_card_if.o
                0x0000000008002d66                set_fattime
 .text.get_fattime
                0x0000000008002d88       0x3a build/gd32v_tf_card_if.o
                0x0000000008002d88                get_fattime
 .text.sd_init  0x0000000008002dc2       0x52 build/main.o
                0x0000000008002dc2                sd_init
 .text.spara_logg
                0x0000000008002e14       0xf6 build/main.o
                0x0000000008002e14                spara_logg
 .text.interrupt_config
                0x0000000008002f0a       0xe4 build/main.o
                0x0000000008002f0a                interrupt_config
 .text.TIMER1_IRQHandler
                0x0000000008002fee       0x3e build/main.o
                0x0000000008002fee                TIMER1_IRQHandler
 .text.read_mpu
                0x000000000800302c       0x1a build/mpu6500_driver.o
                0x000000000800302c                read_mpu
 .text.write_mpu
                0x0000000008003046       0x1a build/mpu6500_driver.o
                0x0000000008003046                write_mpu
 .text.mpu6500_init
                0x0000000008003060      0x126 build/mpu6500_driver.o
                0x0000000008003060                mpu6500_init
 .text.mpu6500_getAccel
                0x0000000008003186       0x76 build/mpu6500_driver.o
                0x0000000008003186                mpu6500_getAccel
 .text.xchg_spi
                0x00000000080031fc       0x62 build/tf_card.o
 .text.deselect
                0x000000000800325e       0x22 build/tf_card.o
 .text.wait_ready
                0x0000000008003280       0xe4 build/tf_card.o
 .text._select  0x0000000008003364       0x42 build/tf_card.o
 .text.send_cmd
                0x00000000080033a6       0xec build/tf_card.o
 .text.rcvr_datablock
                0x0000000008003492       0x80 build/tf_card.o
 .text.xmit_datablock.part.1
                0x0000000008003512       0x60 build/tf_card.o
 .text.disk_initialize
                0x0000000008003572      0x27c build/tf_card.o
                0x0000000008003572                disk_initialize
 .text.disk_status
                0x00000000080037ee       0x14 build/tf_card.o
                0x00000000080037ee                disk_status
 .text.disk_read
                0x0000000008003802       0xa2 build/tf_card.o
                0x0000000008003802                disk_read
 .text.disk_write
                0x00000000080038a4      0x108 build/tf_card.o
                0x00000000080038a4                disk_write
 .text.disk_ioctl
                0x00000000080039ac      0x21e build/tf_card.o
                0x00000000080039ac                disk_ioctl
 .text.tf_start_timer
                0x0000000008003bca       0x5a build/tf_delay.o
                0x0000000008003bca                tf_start_timer
 .text.tf_timer_done
                0x0000000008003c24       0x3e build/tf_delay.o
                0x0000000008003c24                tf_timer_done
 *fill*         0x0000000008003c62       0x1e 
 .text.trap     0x0000000008003c80       0x82 build/entry.o
                0x0000000008003c80                trap_entry
 *fill*         0x0000000008003d02        0x2 
 .text.irq      0x0000000008003d04       0x72 build/entry.o
                0x0000000008003d04                irq_entry
 .text.atexit   0x0000000008003d76       0x10 c:/kth/he1043/toolchain-gd32v-v202-win/toolchain-gd32v-v202-win/compiler/bin/../lib/gcc/riscv64-unknown-elf/8.3.0/../../../../riscv64-unknown-elf/lib/rv32imac/ilp32\libc_nano.a(lib_a-atexit.o)
                0x0000000008003d76                atexit
 .text.exit     0x0000000008003d86       0x36 c:/kth/he1043/toolchain-gd32v-v202-win/toolchain-gd32v-v202-win/compiler/bin/../lib/gcc/riscv64-unknown-elf/8.3.0/../../../../riscv64-unknown-elf/lib/rv32imac/ilp32\libc_nano.a(lib_a-exit.o)
                0x0000000008003d86                exit
 .text.__libc_fini_array
                0x0000000008003dbc       0x38 c:/kth/he1043/toolchain-gd32v-v202-win/toolchain-gd32v-v202-win/compiler/bin/../lib/gcc/riscv64-unknown-elf/8.3.0/../../../../riscv64-unknown-elf/lib/rv32imac/ilp32\libc_nano.a(lib_a-fini.o)
                0x0000000008003dbc                __libc_fini_array
 .text.__libc_init_array
                0x0000000008003df4       0x6a c:/kth/he1043/toolchain-gd32v-v202-win/toolchain-gd32v-v202-win/compiler/bin/../lib/gcc/riscv64-unknown-elf/8.3.0/../../../../riscv64-unknown-elf/lib/rv32imac/ilp32\libc_nano.a(lib_a-init.o)
                0x0000000008003df4                __libc_init_array
 .text          0x0000000008003e5e       0x16 c:/kth/he1043/toolchain-gd32v-v202-win/toolchain-gd32v-v202-win/compiler/bin/../lib/gcc/riscv64-unknown-elf/8.3.0/../../../../riscv64-unknown-elf/lib/rv32imac/ilp32\libc_nano.a(lib_a-memcpy-asm.o)
                0x0000000008003e5e                memcpy
 .text.snprintf
                0x0000000008003e74       0x7a c:/kth/he1043/toolchain-gd32v-v202-win/toolchain-gd32v-v202-win/compiler/bin/../lib/gcc/riscv64-unknown-elf/8.3.0/../../../../riscv64-unknown-elf/lib/rv32imac/ilp32\libc_nano.a(lib_a-snprintf.o)
                0x0000000008003e74                sniprintf
                0x0000000008003e74                snprintf
 .text.write    0x0000000008003eee       0x18 c:/kth/he1043/toolchain-gd32v-v202-win/toolchain-gd32v-v202-win/compiler/bin/../lib/gcc/riscv64-unknown-elf/8.3.0/../../../../riscv64-unknown-elf/lib/rv32imac/ilp32\libc_nano.a(lib_a-syswrite.o)
                0x0000000008003eee                write
 .text._write_r
                0x0000000008003f06       0x3a c:/kth/he1043/toolchain-gd32v-v202-win/toolchain-gd32v-v202-win/compiler/bin/../lib/gcc/riscv64-unknown-elf/8.3.0/../../../../riscv64-unknown-elf/lib/rv32imac/ilp32\libc_nano.a(lib_a-writer.o)
                0x0000000008003f06                _write_r
 .text.__register_exitproc
                0x0000000008003f40       0x8c c:/kth/he1043/toolchain-gd32v-v202-win/toolchain-gd32v-v202-win/compiler/bin/../lib/gcc/riscv64-unknown-elf/8.3.0/../../../../riscv64-unknown-elf/lib/rv32imac/ilp32\libc_nano.a(lib_a-__atexit.o)
                0x0000000008003f40                __register_exitproc
 .text.__call_exitprocs
                0x0000000008003fcc       0xc8 c:/kth/he1043/toolchain-gd32v-v202-win/toolchain-gd32v-v202-win/compiler/bin/../lib/gcc/riscv64-unknown-elf/8.3.0/../../../../riscv64-unknown-elf/lib/rv32imac/ilp32\libc_nano.a(lib_a-__call_atexit.o)
                0x0000000008003fcc                __call_exitprocs
 .text.__ssputs_r
                0x0000000008004094      0x102 c:/kth/he1043/toolchain-gd32v-v202-win/toolchain-gd32v-v202-win/compiler/bin/../lib/gcc/riscv64-unknown-elf/8.3.0/../../../../riscv64-unknown-elf/lib/rv32imac/ilp32\libc_nano.a(lib_a-nano-svfprintf.o)
                0x0000000008004094                __ssputs_r
 .text._svfprintf_r
                0x0000000008004196      0x29a c:/kth/he1043/toolchain-gd32v-v202-win/toolchain-gd32v-v202-win/compiler/bin/../lib/gcc/riscv64-unknown-elf/8.3.0/../../../../riscv64-unknown-elf/lib/rv32imac/ilp32\libc_nano.a(lib_a-nano-svfprintf.o)
                0x0000000008004196                _svfiprintf_r
                0x0000000008004196                _svfprintf_r
 .text._printf_common
                0x0000000008004430      0x10c c:/kth/he1043/toolchain-gd32v-v202-win/toolchain-gd32v-v202-win/compiler/bin/../lib/gcc/riscv64-unknown-elf/8.3.0/../../../../riscv64-unknown-elf/lib/rv32imac/ilp32\libc_nano.a(lib_a-nano-vfprintf_i.o)
                0x0000000008004430                _printf_common
 .text._printf_i
                0x000000000800453c      0x2ae c:/kth/he1043/toolchain-gd32v-v202-win/toolchain-gd32v-v202-win/compiler/bin/../lib/gcc/riscv64-unknown-elf/8.3.0/../../../../riscv64-unknown-elf/lib/rv32imac/ilp32\libc_nano.a(lib_a-nano-vfprintf_i.o)
                0x000000000800453c                _printf_i
 .text.memchr   0x00000000080047ea       0x1a c:/kth/he1043/toolchain-gd32v-v202-win/toolchain-gd32v-v202-win/compiler/bin/../lib/gcc/riscv64-unknown-elf/8.3.0/../../../../riscv64-unknown-elf/lib/rv32imac/ilp32\libc_nano.a(lib_a-memchr.o)
                0x00000000080047ea                memchr
 .text          0x0000000008004804       0x26 c:/kth/he1043/toolchain-gd32v-v202-win/toolchain-gd32v-v202-win/compiler/bin/../lib/gcc/riscv64-unknown-elf/8.3.0/../../../../riscv64-unknown-elf/lib/rv32imac/ilp32\libc_nano.a(lib_a-memmove.o)
                0x0000000008004804                memmove
 .text._free_r  0x000000000800482a       0xb8 c:/kth/he1043/toolchain-gd32v-v202-win/toolchain-gd32v-v202-win/compiler/bin/../lib/gcc/riscv64-unknown-elf/8.3.0/../../../../riscv64-unknown-elf/lib/rv32imac/ilp32\libc_nano.a(lib_a-nano-freer.o)
                0x000000000800482a                _free_r
 .text._malloc_r
                0x00000000080048e2      0x102 c:/kth/he1043/toolchain-gd32v-v202-win/toolchain-gd32v-v202-win/compiler/bin/../lib/gcc/riscv64-unknown-elf/8.3.0/../../../../riscv64-unknown-elf/lib/rv32imac/ilp32\libc_nano.a(lib_a-nano-mallocr.o)
                0x00000000080048e2                _malloc_r
 .text._realloc_r
                0x00000000080049e4       0x72 c:/kth/he1043/toolchain-gd32v-v202-win/toolchain-gd32v-v202-win/compiler/bin/../lib/gcc/riscv64-unknown-elf/8.3.0/../../../../riscv64-unknown-elf/lib/rv32imac/ilp32\libc_nano.a(lib_a-nano-reallocr.o)
                0x00000000080049e4                _realloc_r
 .text._sbrk_r  0x0000000008004a56       0x36 c:/kth/he1043/toolchain-gd32v-v202-win/toolchain-gd32v-v202-win/compiler/bin/../lib/gcc/riscv64-unknown-elf/8.3.0/../../../../riscv64-unknown-elf/lib/rv32imac/ilp32\libc_nano.a(lib_a-sbrkr.o)
                0x0000000008004a56                _sbrk_r
 .text.__malloc_lock
                0x0000000008004a8c        0x2 c:/kth/he1043/toolchain-gd32v-v202-win/toolchain-gd32v-v202-win/compiler/bin/../lib/gcc/riscv64-unknown-elf/8.3.0/../../../../riscv64-unknown-elf/lib/rv32imac/ilp32\libc_nano.a(lib_a-mlock.o)
                0x0000000008004a8c                __malloc_lock
 .text.__malloc_unlock
                0x0000000008004a8e        0x2 c:/kth/he1043/toolchain-gd32v-v202-win/toolchain-gd32v-v202-win/compiler/bin/../lib/gcc/riscv64-unknown-elf/8.3.0/../../../../riscv64-unknown-elf/lib/rv32imac/ilp32\libc_nano.a(lib_a-mlock.o)
                0x0000000008004a8e                __malloc_unlock
 .text._malloc_usable_size_r
                0x0000000008004a90       0x14 c:/kth/he1043/toolchain-gd32v-v202-win/toolchain-gd32v-v202-win/compiler/bin/../lib/gcc/riscv64-unknown-elf/8.3.0/../../../../riscv64-unknown-elf/lib/rv32imac/ilp32\libc_nano.a(lib_a-nano-msizer.o)
                0x0000000008004a90                _malloc_usable_size_r
 .text          0x0000000008004aa4        0x8 c:/kth/he1043/toolchain-gd32v-v202-win/toolchain-gd32v-v202-win/compiler/bin/../lib/gcc/riscv64-unknown-elf/8.3.0/../../../../riscv64-unknown-elf/lib/rv32imac/ilp32\libm.a(lib_a-w_atan2.o)
                0x0000000008004aa4                atan2
 .text          0x0000000008004aac      0x208 c:/kth/he1043/toolchain-gd32v-v202-win/toolchain-gd32v-v202-win/compiler/bin/../lib/gcc/riscv64-unknown-elf/8.3.0/../../../../riscv64-unknown-elf/lib/rv32imac/ilp32\libm.a(lib_a-e_atan2.o)
                0x0000000008004aac                __ieee754_atan2
 .text          0x0000000008004cb4      0x3de c:/kth/he1043/toolchain-gd32v-v202-win/toolchain-gd32v-v202-win/compiler/bin/../lib/gcc/riscv64-unknown-elf/8.3.0/../../../../riscv64-unknown-elf/lib/rv32imac/ilp32\libm.a(lib_a-s_atan.o)
                0x0000000008004cb4                atan
 .text          0x0000000008005092        0x6 c:/kth/he1043/toolchain-gd32v-v202-win/toolchain-gd32v-v202-win/compiler/bin/../lib/gcc/riscv64-unknown-elf/8.3.0/../../../../riscv64-unknown-elf/lib/rv32imac/ilp32\libm.a(lib_a-s_fabs.o)
                0x0000000008005092                fabs
 .text          0x0000000008005098      0x5fa c:/kth/he1043/toolchain-gd32v-v202-win/toolchain-gd32v-v202-win/compiler/bin/../lib/gcc/riscv64-unknown-elf/8.3.0/rv32imac/ilp32\libgcc.a(adddf3.o)
                0x0000000008005098                __adddf3
 .text          0x0000000008005692      0x546 c:/kth/he1043/toolchain-gd32v-v202-win/toolchain-gd32v-v202-win/compiler/bin/../lib/gcc/riscv64-unknown-elf/8.3.0/rv32imac/ilp32\libgcc.a(divdf3.o)
                0x0000000008005692                __divdf3
 .text          0x0000000008005bd8       0xa4 c:/kth/he1043/toolchain-gd32v-v202-win/toolchain-gd32v-v202-win/compiler/bin/../lib/gcc/riscv64-unknown-elf/8.3.0/rv32imac/ilp32\libgcc.a(gedf2.o)
                0x0000000008005bd8                __gedf2
                0x0000000008005bd8                __gtdf2
 .text          0x0000000008005c7c       0xa4 c:/kth/he1043/toolchain-gd32v-v202-win/toolchain-gd32v-v202-win/compiler/bin/../lib/gcc/riscv64-unknown-elf/8.3.0/rv32imac/ilp32\libgcc.a(ledf2.o)
                0x0000000008005c7c                __ledf2
                0x0000000008005c7c                __ltdf2
 .text          0x0000000008005d20      0x44c c:/kth/he1043/toolchain-gd32v-v202-win/toolchain-gd32v-v202-win/compiler/bin/../lib/gcc/riscv64-unknown-elf/8.3.0/rv32imac/ilp32\libgcc.a(muldf3.o)
                0x0000000008005d20                __muldf3
 .text          0x000000000800616c      0x602 c:/kth/he1043/toolchain-gd32v-v202-win/toolchain-gd32v-v202-win/compiler/bin/../lib/gcc/riscv64-unknown-elf/8.3.0/rv32imac/ilp32\libgcc.a(subdf3.o)
                0x000000000800616c                __subdf3
 .text          0x000000000800676e       0x70 c:/kth/he1043/toolchain-gd32v-v202-win/toolchain-gd32v-v202-win/compiler/bin/../lib/gcc/riscv64-unknown-elf/8.3.0/rv32imac/ilp32\libgcc.a(floatsidf.o)
                0x000000000800676e                __floatsidf
 .text          0x00000000080067de       0x56 c:/kth/he1043/toolchain-gd32v-v202-win/toolchain-gd32v-v202-win/compiler/bin/../lib/gcc/riscv64-unknown-elf/8.3.0/rv32imac/ilp32\libgcc.a(floatunsidf.o)
                0x00000000080067de                __floatunsidf
 .text          0x0000000008006834      0x166 c:/kth/he1043/toolchain-gd32v-v202-win/toolchain-gd32v-v202-win/compiler/bin/../lib/gcc/riscv64-unknown-elf/8.3.0/rv32imac/ilp32\libgcc.a(floatundidf.o)
                0x0000000008006834                __floatundidf
 .text          0x000000000800699a       0x78 c:/kth/he1043/toolchain-gd32v-v202-win/toolchain-gd32v-v202-win/compiler/bin/../lib/gcc/riscv64-unknown-elf/8.3.0/rv32imac/ilp32\libgcc.a(gesf2.o)
                0x000000000800699a                __gesf2
                0x000000000800699a                __gtsf2
 .text          0x0000000008006a12       0x78 c:/kth/he1043/toolchain-gd32v-v202-win/toolchain-gd32v-v202-win/compiler/bin/../lib/gcc/riscv64-unknown-elf/8.3.0/rv32imac/ilp32\libgcc.a(lesf2.o)
                0x0000000008006a12                __ltsf2
                0x0000000008006a12                __lesf2
 .text          0x0000000008006a8a      0x322 c:/kth/he1043/toolchain-gd32v-v202-win/toolchain-gd32v-v202-win/compiler/bin/../lib/gcc/riscv64-unknown-elf/8.3.0/rv32imac/ilp32\libgcc.a(subsf3.o)
                0x0000000008006a8a                __subsf3
 .text          0x0000000008006dac       0x60 c:/kth/he1043/toolchain-gd32v-v202-win/toolchain-gd32v-v202-win/compiler/bin/../lib/gcc/riscv64-unknown-elf/8.3.0/rv32imac/ilp32\libgcc.a(fixsfsi.o)
                0x0000000008006dac                __fixsfsi
 .text          0x0000000008006e0c       0xc0 c:/kth/he1043/toolchain-gd32v-v202-win/toolchain-gd32v-v202-win/compiler/bin/../lib/gcc/riscv64-unknown-elf/8.3.0/rv32imac/ilp32\libgcc.a(floatsisf.o)
                0x0000000008006e0c                __floatsisf
 .text          0x0000000008006ecc       0x9e c:/kth/he1043/toolchain-gd32v-v202-win/toolchain-gd32v-v202-win/compiler/bin/../lib/gcc/riscv64-unknown-elf/8.3.0/rv32imac/ilp32\libgcc.a(extendsfdf2.o)
                0x0000000008006ecc                __extendsfdf2
 .text          0x0000000008006f6a      0x122 c:/kth/he1043/toolchain-gd32v-v202-win/toolchain-gd32v-v202-win/compiler/bin/../lib/gcc/riscv64-unknown-elf/8.3.0/rv32imac/ilp32\libgcc.a(truncdfsf2.o)
                0x0000000008006f6a                __truncdfsf2
 .text          0x000000000800708c       0x2a c:/kth/he1043/toolchain-gd32v-v202-win/toolchain-gd32v-v202-win/compiler/bin/../lib/gcc/riscv64-unknown-elf/8.3.0/rv32imac/ilp32\libgcc.a(_lshrdi3.o)
                0x000000000800708c                __lshrdi3
 .text          0x00000000080070b6       0x2a c:/kth/he1043/toolchain-gd32v-v202-win/toolchain-gd32v-v202-win/compiler/bin/../lib/gcc/riscv64-unknown-elf/8.3.0/rv32imac/ilp32\libgcc.a(_ashldi3.o)
                0x00000000080070b6                __ashldi3
 .text          0x00000000080070e0       0x3c c:/kth/he1043/toolchain-gd32v-v202-win/toolchain-gd32v-v202-win/compiler/bin/../lib/gcc/riscv64-unknown-elf/8.3.0/rv32imac/ilp32\libgcc.a(_clzsi2.o)
                0x00000000080070e0                __clzsi2
 .text._write   0x000000000800711c       0x34 c:/kth/he1043/toolchain-gd32v-v202-win/toolchain-gd32v-v202-win/compiler/bin/../lib/gcc/riscv64-unknown-elf/8.3.0/../../../../riscv64-unknown-elf/lib/rv32imac/ilp32\libgloss_nano.a(sys_write.o)
                0x000000000800711c                _write
 .text.__errno  0x0000000008007150        0xc c:/kth/he1043/toolchain-gd32v-v202-win/toolchain-gd32v-v202-win/compiler/bin/../lib/gcc/riscv64-unknown-elf/8.3.0/../../../../riscv64-unknown-elf/lib/rv32imac/ilp32\libc_nano.a(lib_a-errno.o)
                0x0000000008007150                __errno
 *(.gnu.linkonce.t.*)

.sdata2._global_impure_ptr
                0x000000000800715c        0x4
 .sdata2._global_impure_ptr
                0x000000000800715c        0x4 c:/kth/he1043/toolchain-gd32v-v202-win/toolchain-gd32v-v202-win/compiler/bin/../lib/gcc/riscv64-unknown-elf/8.3.0/../../../../riscv64-unknown-elf/lib/rv32imac/ilp32\libc_nano.a(lib_a-impure.o)
                0x000000000800715c                _global_impure_ptr

.rela.dyn       0x0000000008007160        0x0
 .rela.text._sbrk
                0x0000000008007160        0x0 build/gd32vf103_eclic.o
 .rela.sdata.curbrk.1524
                0x0000000008007160        0x0 build/gd32vf103_eclic.o
 .rela.text.handle_trap
                0x0000000008007160        0x0 build/gd32vf103_eclic.o
 .rela.text.mpu6500_install
                0x0000000008007160        0x0 build/gd32vf103_eclic.o
 .rela.text.sd_init
                0x0000000008007160        0x0 build/gd32vf103_eclic.o
 .rela.text.spara_logg
                0x0000000008007160        0x0 build/gd32vf103_eclic.o
 .rela.text.startup.main
                0x0000000008007160        0x0 build/gd32vf103_eclic.o
 .rela.text.read_mpu
                0x0000000008007160        0x0 build/gd32vf103_eclic.o
 .rela.text.write_mpu
                0x0000000008007160        0x0 build/gd32vf103_eclic.o
 .rela.text.mpu6500_init
                0x0000000008007160        0x0 build/gd32vf103_eclic.o
 .rela.init     0x0000000008007160        0x0 build/gd32vf103_eclic.o
 .rela.text.trap
                0x0000000008007160        0x0 build/gd32vf103_eclic.o
 .rela.text.__libc_fini_array
                0x0000000008007160        0x0 build/gd32vf103_eclic.o
 .rela.data.impure_data
                0x0000000008007160        0x0 build/gd32vf103_eclic.o
 .rela.text.__libc_init_array
                0x0000000008007160        0x0 build/gd32vf103_eclic.o
 .rela.text._write_r
                0x0000000008007160        0x0 build/gd32vf103_eclic.o
 .rela.text.__register_exitproc
                0x0000000008007160        0x0 build/gd32vf103_eclic.o
 .rela.text._svfprintf_r
                0x0000000008007160        0x0 build/gd32vf103_eclic.o
 .rela.text._sbrk_r
                0x0000000008007160        0x0 build/gd32vf103_eclic.o

.fini
 *(SORT_NONE(.fini))
                0x0000000008007160                . = ALIGN (0x4)
                [!provide]                        PROVIDE (__etext = .)
                [!provide]                        PROVIDE (_etext = .)
                [!provide]                        PROVIDE (etext = .)
                [!provide]                        PROVIDE (_eilm = .)

.preinit_array  0x0000000008007160        0x0
                0x0000000008007160                PROVIDE (__preinit_array_start = .)
 *(.preinit_array)
                0x0000000008007160                PROVIDE (__preinit_array_end = .)

.init_array     0x0000000008007160        0x0
                0x0000000008007160                PROVIDE (__init_array_start = .)
 *(SORT_BY_INIT_PRIORITY(.init_array.*) SORT_BY_INIT_PRIORITY(.ctors.*))
 *(.init_array EXCLUDE_FILE(*crtend?.o *crtend.o *crtbegin?.o *crtbegin.o) .ctors)
                0x0000000008007160                PROVIDE (__init_array_end = .)

.fini_array     0x0000000008007160        0x0
                0x0000000008007160                PROVIDE (__fini_array_start = .)
 *(SORT_BY_INIT_PRIORITY(.fini_array.*) SORT_BY_INIT_PRIORITY(.dtors.*))
 *(.fini_array EXCLUDE_FILE(*crtend?.o *crtend.o *crtbegin?.o *crtbegin.o) .dtors)
                0x0000000008007160                PROVIDE (__fini_array_end = .)

.ctors
 *crtbegin.o(.ctors)
 *crtbegin?.o(.ctors)
 *(EXCLUDE_FILE(*crtend?.o *crtend.o) .ctors)
 *(SORT_BY_NAME(.ctors.*))
 *(.ctors)

.dtors
 *crtbegin.o(.dtors)
 *crtbegin?.o(.dtors)
 *(EXCLUDE_FILE(*crtend?.o *crtend.o) .dtors)
 *(SORT_BY_NAME(.dtors.*))
 *(.dtors)
                0x0000000008007160                . = ALIGN (0x4)
                [!provide]                        PROVIDE (_eilm = .)

.lalign         0x0000000008007160        0x0
                0x0000000008007160                . = ALIGN (0x4)
                0x0000000008007160                PROVIDE (_data_lma = .)

.dalign         0x0000000020000000        0x0 load address 0x0000000008007160
                0x0000000020000000                . = ALIGN (0x4)
                0x0000000020000000                PROVIDE (_data = .)

.data           0x0000000020000000      0x148 load address 0x0000000008007160
 *(.rdata)
 *(.gnu.linkonce.r.*)
 *(.data .data.*)
 .data.impure_data
                0x0000000020000000       0x60 c:/kth/he1043/toolchain-gd32v-v202-win/toolchain-gd32v-v202-win/compiler/bin/../lib/gcc/riscv64-unknown-elf/8.3.0/../../../../riscv64-unknown-elf/lib/rv32imac/ilp32\libc_nano.a(lib_a-impure.o)
 *(.gnu.linkonce.d.*)
                0x0000000020000060                . = ALIGN (0x8)
                0x0000000020000860                PROVIDE (__global_pointer$ = (. + 0x800))
 *(.sdata .sdata.*)
 .sdata.SystemCoreClock
                0x0000000020000060        0x4 build/system_gd32vf103.o
                0x0000000020000060                SystemCoreClock
 .sdata.curbrk.1524
                0x0000000020000064        0x4 build/sbrk.o
 .sdata.time    0x0000000020000068        0x8 build/gd32v_tf_card_if.o
                0x0000000020000068                time
 .sdata.Stat    0x0000000020000070        0x1 build/tf_card.o
 *fill*         0x0000000020000071        0x3 
 .sdata._impure_ptr
                0x0000000020000074        0x4 c:/kth/he1043/toolchain-gd32v-v202-win/toolchain-gd32v-v202-win/compiler/bin/../lib/gcc/riscv64-unknown-elf/8.3.0/../../../../riscv64-unknown-elf/lib/rv32imac/ilp32\libc_nano.a(lib_a-impure.o)
                0x0000000020000074                _impure_ptr
 *(.gnu.linkonce.s.*)
                0x0000000020000078                . = ALIGN (0x8)
 *(.srodata.cst16)
 *(.srodata.cst8)
 .srodata.cst8  0x0000000020000078       0x50 c:/kth/he1043/toolchain-gd32v-v202-win/toolchain-gd32v-v202-win/compiler/bin/../lib/gcc/riscv64-unknown-elf/8.3.0/../../../../riscv64-unknown-elf/lib/rv32imac/ilp32\libm.a(lib_a-e_atan2.o)
 .srodata.cst8  0x00000000200000c8       0x80 c:/kth/he1043/toolchain-gd32v-v202-win/toolchain-gd32v-v202-win/compiler/bin/../lib/gcc/riscv64-unknown-elf/8.3.0/../../../../riscv64-unknown-elf/lib/rv32imac/ilp32\libm.a(lib_a-s_atan.o)
                                         0x90 (size before relaxing)
 *(.srodata.cst4)
 *(.srodata.cst2)
 *(.srodata .srodata.*)
                0x0000000020000148                . = ALIGN (0x4)
                0x0000000020000148                PROVIDE (_edata = .)
                [!provide]                        PROVIDE (edata = .)
                [!provide]                        PROVIDE (_fbss = .)
                0x0000000020000148                PROVIDE (__bss_start = .)

.bss            0x0000000020000148     0x134c
 *(.sbss*)
 .sbss.FatFs    0x0000000020000148        0x4 build/ff.o
 .sbss.Fsid     0x000000002000014c        0x2 build/ff.o
 *fill*         0x000000002000014e        0x2 
 .sbss.antal_avvikelser
                0x0000000020000150        0x4 build/main.o
                0x0000000020000150                antal_avvikelser
 .sbss.millis   0x0000000020000154        0x4 build/main.o
                0x0000000020000154                millis
 .sbss.sd_monterad
                0x0000000020000158        0x4 build/main.o
                0x0000000020000158                sd_monterad
 .sbss.senaste_sparning
                0x000000002000015c        0x4 build/main.o
                0x000000002000015c                senaste_sparning
 .sbss.CardType
                0x0000000020000160        0x1 build/tf_card.o
 *fill*         0x0000000020000161        0x7 
 .sbss.tf_current_time
                0x0000000020000168        0x8 build/tf_delay.o
                0x0000000020000168                tf_current_time
 .sbss.tf_delay_until
                0x0000000020000170        0x8 build/tf_delay.o
                0x0000000020000170                tf_delay_until
 .sbss._global_atexit
                0x0000000020000178        0x4 c:/kth/he1043/toolchain-gd32v-v202-win/toolchain-gd32v-v202-win/compiler/bin/../lib/gcc/riscv64-unknown-elf/8.3.0/../../../../riscv64-unknown-elf/lib/rv32imac/ilp32\libc_nano.a(lib_a-__call_atexit.o)
                0x0000000020000178                _global_atexit
 .sbss.__malloc_free_list
                0x000000002000017c        0x4 c:/kth/he1043/toolchain-gd32v-v202-win/toolchain-gd32v-v202-win/compiler/bin/../lib/gcc/riscv64-unknown-elf/8.3.0/../../../../riscv64-unknown-elf/lib/rv32imac/ilp32\libc_nano.a(lib_a-nano-mallocr.o)
                0x000000002000017c                __malloc_free_list
 .sbss.__malloc_sbrk_start
                0x0000000020000180        0x4 c:/kth/he1043/toolchain-gd32v-v202-win/toolchain-gd32v-v202-win/compiler/bin/../lib/gcc/riscv64-unknown-elf/8.3.0/../../../../riscv64-unknown-elf/lib/rv32imac/ilp32\libc_nano.a(lib_a-nano-mallocr.o)
                0x0000000020000180                __malloc_sbrk_start
 *(.gnu.linkonce.sb.*)
 *(.bss .bss.*)
 .bss._global_atexit0
                0x0000000020000184       0x8c c:/kth/he1043/toolchain-gd32v-v202-win/toolchain-gd32v-v202-win/compiler/bin/../lib/gcc/riscv64-unknown-elf/8.3.0/../../../../riscv64-unknown-elf/lib/rv32imac/ilp32\libc_nano.a(lib_a-__atexit.o)
 *(.gnu.linkonce.b.*)
 *(COMMON)
 COMMON         0x0000000020000210        0x4 build/gd32v_mpu6500_if.o
                0x0000000020000210                i2c_port
 COMMON         0x0000000020000214     0x126c build/main.o
                0x0000000020000214                fs
                0x0000000020000444                bw
                0x0000000020000448                fil
                0x0000000020000670                logg
 COMMON         0x0000000020001480       0x10 build/mpu6500_driver.o
                0x0000000020001480                cb
 COMMON         0x0000000020001490        0x4 c:/kth/he1043/toolchain-gd32v-v202-win/toolchain-gd32v-v202-win/compiler/bin/../lib/gcc/riscv64-unknown-elf/8.3.0/../../../../riscv64-unknown-elf/lib/rv32imac/ilp32\libc_nano.a(lib_a-reent.o)
                0x0000000020001490                errno
                0x0000000020001494                . = ALIGN (0x4)
                0x0000000020001498                . = ALIGN (0x8)
                0x0000000020001498                PROVIDE (_end = .)
                [!provide]                        PROVIDE (end = .)

.stack          0x0000000020007000     0x1000 load address 0x0000000020001494
                0x0000000020007000                PROVIDE (_heap_end = .)
                0x0000000000001000                . = __stack_size
 *fill*         0x0000000020007000     0x1000 
                0x0000000020008000                PROVIDE (_sp = .)
                0x0000000000001000                . = (__dbg_stack_size + __stack_size)
                [!provide]                        PROVIDE (_dbg_sp = .)
OUTPUT(build/gd32vf103.elf elf32-littleriscv)

.debug_info     0x0000000000000000    0x178bb
 .debug_info    0x0000000000000000      0x2ac build/gd32vf103_eclic.o
 .debug_info    0x00000000000002ac      0x6f6 build/gd32vf103_gpio.o
 .debug_info    0x00000000000009a2      0xbfd build/gd32vf103_i2c.o
 .debug_info    0x000000000000159f      0xf51 build/gd32vf103_rcu.o
 .debug_info    0x00000000000024f0      0xa73 build/gd32vf103_spi.o
 .debug_info    0x0000000000002f63     0x16ec build/gd32vf103_timer.o
 .debug_info    0x000000000000464f      0x203 build/system_gd32vf103.o
 .debug_info    0x0000000000004852      0x1d3 build/_exit.o
 .debug_info    0x0000000000004a25       0xd0 build/sbrk.o
 .debug_info    0x0000000000004af5      0x1bb build/write_hex.o
 .debug_info    0x0000000000004cb0     0x18a2 build/n200_func.o
 .debug_info    0x0000000000006552      0xb4f build/handlers.o
 .debug_info    0x00000000000070a1      0xcb0 build/init.o
 .debug_info    0x0000000000007d51      0x296 build/delay.o
 .debug_info    0x0000000000007fe7     0x2a42 build/ff.o
 .debug_info    0x000000000000aa29     0x1139 build/gd32v_mpu6500_if.o
 .debug_info    0x000000000000bb62      0xb63 build/gd32v_tf_card_if.o
 .debug_info    0x000000000000c6c5     0x1ac9 build/main.o
 .debug_info    0x000000000000e18e     0x10aa build/mpu6500_driver.o
 .debug_info    0x000000000000f238     0x1b55 build/tf_card.o
 .debug_info    0x0000000000010d8d      0x17c build/tf_delay.o
 .debug_info    0x0000000000010f09       0x26 build/start.o
 .debug_info    0x0000000000010f2f       0x22 build/entry.o
 .debug_info    0x0000000000010f51      0x5a5 c:/kth/he1043/toolchain-gd32v-v202-win/toolchain-gd32v-v202-win/compiler/bin/../lib/gcc/riscv64-unknown-elf/8.3.0/rv32imac/ilp32\libgcc.a(adddf3.o)
 .debug_info    0x00000000000114f6      0x734 c:/kth/he1043/toolchain-gd32v-v202-win/toolchain-gd32v-v202-win/compiler/bin/../lib/gcc/riscv64-unknown-elf/8.3.0/rv32imac/ilp32\libgcc.a(divdf3.o)
 .debug_info    0x0000000000011c2a      0x286 c:/kth/he1043/toolchain-gd32v-v202-win/toolchain-gd32v-v202-win/compiler/bin/../lib/gcc/riscv64-unknown-elf/8.3.0/rv32imac/ilp32\libgcc.a(gedf2.o)
 .debug_info    0x0000000000011eb0      0x286 c:/kth/he1043/toolchain-gd32v-v202-win/toolchain-gd32v-v202-win/compiler/bin/../lib/gcc/riscv64-unknown-elf/8.3.0/rv32imac/ilp32\libgcc.a(ledf2.o)
 .debug_info    0x0000000000012136      0x76c c:/kth/he1043/toolchain-gd32v-v202-win/toolchain-gd32v-v202-win/compiler/bin/../lib/gcc/riscv64-unknown-elf/8.3.0/rv32imac/ilp32\libgcc.a(muldf3.o)
 .debug_info    0x00000000000128a2      0x5a5 c:/kth/he1043/toolchain-gd32v-v202-win/toolchain-gd32v-v202-win/compiler/bin/../lib/gcc/riscv64-unknown-elf/8.3.0/rv32imac/ilp32\libgcc.a(subdf3.o)
 .debug_info    0x0000000000012e47      0x2c0 c:/kth/he1043/toolchain-gd32v-v202-win/toolchain-gd32v-v202-win/compiler/bin/../lib/gcc/riscv64-unknown-elf/8.3.0/rv32imac/ilp32\libgcc.a(floatsidf.o)
 .debug_info    0x0000000000013107      0x2af c:/kth/he1043/toolchain-gd32v-v202-win/toolchain-gd32v-v202-win/compiler/bin/../lib/gcc/riscv64-unknown-elf/8.3.0/rv32imac/ilp32\libgcc.a(floatunsidf.o)
 .debug_info    0x00000000000133b6      0x2e8 c:/kth/he1043/toolchain-gd32v-v202-win/toolchain-gd32v-v202-win/compiler/bin/../lib/gcc/riscv64-unknown-elf/8.3.0/rv32imac/ilp32\libgcc.a(floatundidf.o)
 .debug_info    0x000000000001369e      0x264 c:/kth/he1043/toolchain-gd32v-v202-win/toolchain-gd32v-v202-win/compiler/bin/../lib/gcc/riscv64-unknown-elf/8.3.0/rv32imac/ilp32\libgcc.a(gesf2.o)
 .debug_info    0x0000000000013902      0x264 c:/kth/he1043/toolchain-gd32v-v202-win/toolchain-gd32v-v202-win/compiler/bin/../lib/gcc/riscv64-unknown-elf/8.3.0/rv32imac/ilp32\libgcc.a(lesf2.o)
 .debug_info    0x0000000000013b66      0x351 c:/kth/he1043/toolchain-gd32v-v202-win/toolchain-gd32v-v202-win/compiler/bin/../lib/gcc/riscv64-unknown-elf/8.3.0/rv32imac/ilp32\libgcc.a(subsf3.o)
 .debug_info    0x0000000000013eb7      0x1f7 c:/kth/he1043/toolchain-gd32v-v202-win/toolchain-gd32v-v202-win/compiler/bin/../lib/gcc/riscv64-unknown-elf/8.3.0/rv32imac/ilp32\libgcc.a(fixsfsi.o)
 .debug_info    0x00000000000140ae      0x25d c:/kth/he1043/toolchain-gd32v-v202-win/toolchain-gd32v-v202-win/compiler/bin/../lib/gcc/riscv64-unknown-elf/8.3.0/rv32imac/ilp32\libgcc.a(floatsisf.o)
 .debug_info    0x000000000001430b      0x2a9 c:/kth/he1043/toolchain-gd32v-v202-win/toolchain-gd32v-v202-win/compiler/bin/../lib/gcc/riscv64-unknown-elf/8.3.0/rv32imac/ilp32\libgcc.a(extendsfdf2.o)
 .debug_info    0x00000000000145b4      0x2e2 c:/kth/he1043/toolchain-gd32v-v202-win/toolchain-gd32v-v202-win/compiler/bin/../lib/gcc/riscv64-unknown-elf/8.3.0/rv32imac/ilp32\libgcc.a(truncdfsf2.o)
 .debug_info    0x0000000000014896      0xc72 c:/kth/he1043/toolchain-gd32v-v202-win/toolchain-gd32v-v202-win/compiler/bin/../lib/gcc/riscv64-unknown-elf/8.3.0/rv32imac/ilp32\libgcc.a(_lshrdi3.o)
 .debug_info    0x0000000000015508      0xc72 c:/kth/he1043/toolchain-gd32v-v202-win/toolchain-gd32v-v202-win/compiler/bin/../lib/gcc/riscv64-unknown-elf/8.3.0/rv32imac/ilp32\libgcc.a(_ashldi3.o)
 .debug_info    0x000000000001617a      0xbd7 c:/kth/he1043/toolchain-gd32v-v202-win/toolchain-gd32v-v202-win/compiler/bin/../lib/gcc/riscv64-unknown-elf/8.3.0/rv32imac/ilp32\libgcc.a(_clzsi2.o)
 .debug_info    0x0000000000016d51      0xb6a c:/kth/he1043/toolchain-gd32v-v202-win/toolchain-gd32v-v202-win/compiler/bin/../lib/gcc/riscv64-unknown-elf/8.3.0/rv32imac/ilp32\libgcc.a(_clz.o)

.debug_abbrev   0x0000000000000000     0x4ff7
 .debug_abbrev  0x0000000000000000      0x112 build/gd32vf103_eclic.o
 .debug_abbrev  0x0000000000000112      0x228 build/gd32vf103_gpio.o
 .debug_abbrev  0x000000000000033a      0x1e9 build/gd32vf103_i2c.o
 .debug_abbrev  0x0000000000000523      0x259 build/gd32vf103_rcu.o
 .debug_abbrev  0x000000000000077c      0x21a build/gd32vf103_spi.o
 .debug_abbrev  0x0000000000000996      0x2c1 build/gd32vf103_timer.o
 .debug_abbrev  0x0000000000000c57       0xe0 build/system_gd32vf103.o
 .debug_abbrev  0x0000000000000d37       0xec build/_exit.o
 .debug_abbrev  0x0000000000000e23       0xac build/sbrk.o
 .debug_abbrev  0x0000000000000ecf       0xfa build/write_hex.o
 .debug_abbrev  0x0000000000000fc9      0x4db build/n200_func.o
 .debug_abbrev  0x00000000000014a4      0x234 build/handlers.o
 .debug_abbrev  0x00000000000016d8      0x22b build/init.o
 .debug_abbrev  0x0000000000001903      0x116 build/delay.o
 .debug_abbrev  0x0000000000001a19      0x340 build/ff.o
 .debug_abbrev  0x0000000000001d59      0x2bd build/gd32v_mpu6500_if.o
 .debug_abbrev  0x0000000000002016      0x200 build/gd32v_tf_card_if.o
 .debug_abbrev  0x0000000000002216      0x3ba build/main.o
 .debug_abbrev  0x00000000000025d0      0x2dc build/mpu6500_driver.o
 .debug_abbrev  0x00000000000028ac      0x476 build/tf_card.o
 .debug_abbrev  0x0000000000002d22       0xd2 build/tf_delay.o
 .debug_abbrev  0x0000000000002df4       0x14 build/start.o
 .debug_abbrev  0x0000000000002e08       0x12 build/entry.o
 .debug_abbrev  0x0000000000002e1a      0x196 c:/kth/he1043/toolchain-gd32v-v202-win/toolchain-gd32v-v202-win/compiler/bin/../lib/gcc/riscv64-unknown-elf/8.3.0/rv32imac/ilp32\libgcc.a(adddf3.o)
 .debug_abbrev  0x0000000000002fb0      0x187 c:/kth/he1043/toolchain-gd32v-v202-win/toolchain-gd32v-v202-win/compiler/bin/../lib/gcc/riscv64-unknown-elf/8.3.0/rv32imac/ilp32\libgcc.a(divdf3.o)
 .debug_abbrev  0x0000000000003137      0x199 c:/kth/he1043/toolchain-gd32v-v202-win/toolchain-gd32v-v202-win/compiler/bin/../lib/gcc/riscv64-unknown-elf/8.3.0/rv32imac/ilp32\libgcc.a(gedf2.o)
 .debug_abbrev  0x00000000000032d0      0x199 c:/kth/he1043/toolchain-gd32v-v202-win/toolchain-gd32v-v202-win/compiler/bin/../lib/gcc/riscv64-unknown-elf/8.3.0/rv32imac/ilp32\libgcc.a(ledf2.o)
 .debug_abbrev  0x0000000000003469      0x197 c:/kth/he1043/toolchain-gd32v-v202-win/toolchain-gd32v-v202-win/compiler/bin/../lib/gcc/riscv64-unknown-elf/8.3.0/rv32imac/ilp32\libgcc.a(muldf3.o)
 .debug_abbrev  0x0000000000003600      0x196 c:/kth/he1043/toolchain-gd32v-v202-win/toolchain-gd32v-v202-win/compiler/bin/../lib/gcc/riscv64-unknown-elf/8.3.0/rv32imac/ilp32\libgcc.a(subdf3.o)
 .debug_abbrev  0x0000000000003796      0x181 c:/kth/he1043/toolchain-gd32v-v202-win/toolchain-gd32v-v202-win/compiler/bin/../lib/gcc/riscv64-unknown-elf/8.3.0/rv32imac/ilp32\libgcc.a(floatsidf.o)
 .debug_abbrev  0x0000000000003917      0x178 c:/kth/he1043/toolchain-gd32v-v202-win/toolchain-gd32v-v202-win/compiler/bin/../lib/gcc/riscv64-unknown-elf/8.3.0/rv32imac/ilp32\libgcc.a(floatunsidf.o)
 .debug_abbrev  0x0000000000003a8f      0x19f c:/kth/he1043/toolchain-gd32v-v202-win/toolchain-gd32v-v202-win/compiler/bin/../lib/gcc/riscv64-unknown-elf/8.3.0/rv32imac/ilp32\libgcc.a(floatundidf.o)
 .debug_abbrev  0x0000000000003c2e      0x188 c:/kth/he1043/toolchain-gd32v-v202-win/toolchain-gd32v-v202-win/compiler/bin/../lib/gcc/riscv64-unknown-elf/8.3.0/rv32imac/ilp32\libgcc.a(gesf2.o)
 .debug_abbrev  0x0000000000003db6      0x188 c:/kth/he1043/toolchain-gd32v-v202-win/toolchain-gd32v-v202-win/compiler/bin/../lib/gcc/riscv64-unknown-elf/8.3.0/rv32imac/ilp32\libgcc.a(lesf2.o)
 .debug_abbrev  0x0000000000003f3e      0x191 c:/kth/he1043/toolchain-gd32v-v202-win/toolchain-gd32v-v202-win/compiler/bin/../lib/gcc/riscv64-unknown-elf/8.3.0/rv32imac/ilp32\libgcc.a(subsf3.o)
 .debug_abbrev  0x00000000000040cf      0x18a c:/kth/he1043/toolchain-gd32v-v202-win/toolchain-gd32v-v202-win/compiler/bin/../lib/gcc/riscv64-unknown-elf/8.3.0/rv32imac/ilp32\libgcc.a(fixsfsi.o)
 .debug_abbrev  0x0000000000004259      0x198 c:/kth/he1043/toolchain-gd32v-v202-win/toolchain-gd32v-v202-win/compiler/bin/../lib/gcc/riscv64-unknown-elf/8.3.0/rv32imac/ilp32\libgcc.a(floatsisf.o)
 .debug_abbrev  0x00000000000043f1      0x17b c:/kth/he1043/toolchain-gd32v-v202-win/toolchain-gd32v-v202-win/compiler/bin/../lib/gcc/riscv64-unknown-elf/8.3.0/rv32imac/ilp32\libgcc.a(extendsfdf2.o)
 .debug_abbrev  0x000000000000456c      0x177 c:/kth/he1043/toolchain-gd32v-v202-win/toolchain-gd32v-v202-win/compiler/bin/../lib/gcc/riscv64-unknown-elf/8.3.0/rv32imac/ilp32\libgcc.a(truncdfsf2.o)
 .debug_abbrev  0x00000000000046e3      0x275 c:/kth/he1043/toolchain-gd32v-v202-win/toolchain-gd32v-v202-win/compiler/bin/../lib/gcc/riscv64-unknown-elf/8.3.0/rv32imac/ilp32\libgcc.a(_lshrdi3.o)
 .debug_abbrev  0x0000000000004958      0x275 c:/kth/he1043/toolchain-gd32v-v202-win/toolchain-gd32v-v202-win/compiler/bin/../lib/gcc/riscv64-unknown-elf/8.3.0/rv32imac/ilp32\libgcc.a(_ashldi3.o)
 .debug_abbrev  0x0000000000004bcd      0x242 c:/kth/he1043/toolchain-gd32v-v202-win/toolchain-gd32v-v202-win/compiler/bin/../lib/gcc/riscv64-unknown-elf/8.3.0/rv32imac/ilp32\libgcc.a(_clzsi2.o)
 .debug_abbrev  0x0000000000004e0f      0x1e8 c:/kth/he1043/toolchain-gd32v-v202-win/toolchain-gd32v-v202-win/compiler/bin/../lib/gcc/riscv64-unknown-elf/8.3.0/rv32imac/ilp32\libgcc.a(_clz.o)

.debug_loc      0x0000000000000000     0xecac
 .debug_loc     0x0000000000000000       0xe7 build/gd32vf103_eclic.o
 .debug_loc     0x00000000000000e7      0x4ba build/gd32vf103_gpio.o
 .debug_loc     0x00000000000005a1      0x8a1 build/gd32vf103_i2c.o
 .debug_loc     0x0000000000000e42      0xcf4 build/gd32vf103_rcu.o
 .debug_loc     0x0000000000001b36      0x54e build/gd32vf103_spi.o
 .debug_loc     0x0000000000002084      0xef4 build/gd32vf103_timer.o
 .debug_loc     0x0000000000002f78      0x173 build/system_gd32vf103.o
 .debug_loc     0x00000000000030eb       0x3e build/_exit.o
 .debug_loc     0x0000000000003129       0x21 build/sbrk.o
 .debug_loc     0x000000000000314a      0x101 build/write_hex.o
 .debug_loc     0x000000000000324b      0xa1d build/n200_func.o
 .debug_loc     0x0000000000003c68       0x7f build/handlers.o
 .debug_loc     0x0000000000003ce7       0x2c build/init.o
 .debug_loc     0x0000000000003d13      0x250 build/delay.o
 .debug_loc     0x0000000000003f63     0x318f build/ff.o
 .debug_loc     0x00000000000070f2      0x3e4 build/gd32v_mpu6500_if.o
 .debug_loc     0x00000000000074d6      0x2c5 build/main.o
 .debug_loc     0x000000000000779b      0x471 build/mpu6500_driver.o
 .debug_loc     0x0000000000007c0c      0xc28 build/tf_card.o
 .debug_loc     0x0000000000008834       0x84 build/tf_delay.o
 .debug_loc     0x00000000000088b8     0x1207 c:/kth/he1043/toolchain-gd32v-v202-win/toolchain-gd32v-v202-win/compiler/bin/../lib/gcc/riscv64-unknown-elf/8.3.0/rv32imac/ilp32\libgcc.a(adddf3.o)
 .debug_loc     0x0000000000009abf     0x129b c:/kth/he1043/toolchain-gd32v-v202-win/toolchain-gd32v-v202-win/compiler/bin/../lib/gcc/riscv64-unknown-elf/8.3.0/rv32imac/ilp32\libgcc.a(divdf3.o)
 .debug_loc     0x000000000000ad5a      0x156 c:/kth/he1043/toolchain-gd32v-v202-win/toolchain-gd32v-v202-win/compiler/bin/../lib/gcc/riscv64-unknown-elf/8.3.0/rv32imac/ilp32\libgcc.a(gedf2.o)
 .debug_loc     0x000000000000aeb0      0x156 c:/kth/he1043/toolchain-gd32v-v202-win/toolchain-gd32v-v202-win/compiler/bin/../lib/gcc/riscv64-unknown-elf/8.3.0/rv32imac/ilp32\libgcc.a(ledf2.o)
 .debug_loc     0x000000000000b006      0xd6e c:/kth/he1043/toolchain-gd32v-v202-win/toolchain-gd32v-v202-win/compiler/bin/../lib/gcc/riscv64-unknown-elf/8.3.0/rv32imac/ilp32\libgcc.a(muldf3.o)
 .debug_loc     0x000000000000bd74     0x1221 c:/kth/he1043/toolchain-gd32v-v202-win/toolchain-gd32v-v202-win/compiler/bin/../lib/gcc/riscv64-unknown-elf/8.3.0/rv32imac/ilp32\libgcc.a(subdf3.o)
 .debug_loc     0x000000000000cf95      0x159 c:/kth/he1043/toolchain-gd32v-v202-win/toolchain-gd32v-v202-win/compiler/bin/../lib/gcc/riscv64-unknown-elf/8.3.0/rv32imac/ilp32\libgcc.a(floatsidf.o)
 .debug_loc     0x000000000000d0ee      0x15c c:/kth/he1043/toolchain-gd32v-v202-win/toolchain-gd32v-v202-win/compiler/bin/../lib/gcc/riscv64-unknown-elf/8.3.0/rv32imac/ilp32\libgcc.a(floatunsidf.o)
 .debug_loc     0x000000000000d24a      0x2ec c:/kth/he1043/toolchain-gd32v-v202-win/toolchain-gd32v-v202-win/compiler/bin/../lib/gcc/riscv64-unknown-elf/8.3.0/rv32imac/ilp32\libgcc.a(floatundidf.o)
 .debug_loc     0x000000000000d536      0x125 c:/kth/he1043/toolchain-gd32v-v202-win/toolchain-gd32v-v202-win/compiler/bin/../lib/gcc/riscv64-unknown-elf/8.3.0/rv32imac/ilp32\libgcc.a(gesf2.o)
 .debug_loc     0x000000000000d65b      0x125 c:/kth/he1043/toolchain-gd32v-v202-win/toolchain-gd32v-v202-win/compiler/bin/../lib/gcc/riscv64-unknown-elf/8.3.0/rv32imac/ilp32\libgcc.a(lesf2.o)
 .debug_loc     0x000000000000d780      0xbdf c:/kth/he1043/toolchain-gd32v-v202-win/toolchain-gd32v-v202-win/compiler/bin/../lib/gcc/riscv64-unknown-elf/8.3.0/rv32imac/ilp32\libgcc.a(subsf3.o)
 .debug_loc     0x000000000000e35f      0x12d c:/kth/he1043/toolchain-gd32v-v202-win/toolchain-gd32v-v202-win/compiler/bin/../lib/gcc/riscv64-unknown-elf/8.3.0/rv32imac/ilp32\libgcc.a(fixsfsi.o)
 .debug_loc     0x000000000000e48c      0x1ac c:/kth/he1043/toolchain-gd32v-v202-win/toolchain-gd32v-v202-win/compiler/bin/../lib/gcc/riscv64-unknown-elf/8.3.0/rv32imac/ilp32\libgcc.a(floatsisf.o)
 .debug_loc     0x000000000000e638      0x1a4 c:/kth/he1043/toolchain-gd32v-v202-win/toolchain-gd32v-v202-win/compiler/bin/../lib/gcc/riscv64-unknown-elf/8.3.0/rv32imac/ilp32\libgcc.a(extendsfdf2.o)
 .debug_loc     0x000000000000e7dc      0x369 c:/kth/he1043/toolchain-gd32v-v202-win/toolchain-gd32v-v202-win/compiler/bin/../lib/gcc/riscv64-unknown-elf/8.3.0/rv32imac/ilp32\libgcc.a(truncdfsf2.o)
 .debug_loc     0x000000000000eb45       0x7e c:/kth/he1043/toolchain-gd32v-v202-win/toolchain-gd32v-v202-win/compiler/bin/../lib/gcc/riscv64-unknown-elf/8.3.0/rv32imac/ilp32\libgcc.a(_lshrdi3.o)
 .debug_loc     0x000000000000ebc3       0x7e c:/kth/he1043/toolchain-gd32v-v202-win/toolchain-gd32v-v202-win/compiler/bin/../lib/gcc/riscv64-unknown-elf/8.3.0/rv32imac/ilp32\libgcc.a(_ashldi3.o)
 .debug_loc     0x000000000000ec41       0x6b c:/kth/he1043/toolchain-gd32v-v202-win/toolchain-gd32v-v202-win/compiler/bin/../lib/gcc/riscv64-unknown-elf/8.3.0/rv32imac/ilp32\libgcc.a(_clzsi2.o)

.debug_aranges  0x0000000000000000      0xe50
 .debug_aranges
                0x0000000000000000       0x50 build/gd32vf103_eclic.o
 .debug_aranges
                0x0000000000000050       0xa0 build/gd32vf103_gpio.o
 .debug_aranges
                0x00000000000000f0      0x110 build/gd32vf103_i2c.o
 .debug_aranges
                0x0000000000000200      0x160 build/gd32vf103_rcu.o
 .debug_aranges
                0x0000000000000360      0x128 build/gd32vf103_spi.o
 .debug_aranges
                0x0000000000000488      0x240 build/gd32vf103_timer.o
 .debug_aranges
                0x00000000000006c8       0x28 build/system_gd32vf103.o
 .debug_aranges
                0x00000000000006f0       0x20 build/_exit.o
 .debug_aranges
                0x0000000000000710       0x20 build/sbrk.o
 .debug_aranges
                0x0000000000000730       0x20 build/write_hex.o
 .debug_aranges
                0x0000000000000750      0x140 build/n200_func.o
 .debug_aranges
                0x0000000000000890       0x28 build/handlers.o
 .debug_aranges
                0x00000000000008b8       0x28 build/init.o
 .debug_aranges
                0x00000000000008e0       0x40 build/delay.o
 .debug_aranges
                0x0000000000000920       0xd8 build/ff.o
 .debug_aranges
                0x00000000000009f8       0x40 build/gd32v_mpu6500_if.o
 .debug_aranges
                0x0000000000000a38       0x28 build/gd32v_tf_card_if.o
 .debug_aranges
                0x0000000000000a60       0x40 build/main.o
 .debug_aranges
                0x0000000000000aa0       0x50 build/mpu6500_driver.o
 .debug_aranges
                0x0000000000000af0       0x78 build/tf_card.o
 .debug_aranges
                0x0000000000000b68       0x28 build/tf_delay.o
 .debug_aranges
                0x0000000000000b90       0x20 build/start.o
 .debug_aranges
                0x0000000000000bb0       0x28 build/entry.o
 .debug_aranges
                0x0000000000000bd8       0x20 c:/kth/he1043/toolchain-gd32v-v202-win/toolchain-gd32v-v202-win/compiler/bin/../lib/gcc/riscv64-unknown-elf/8.3.0/rv32imac/ilp32\libgcc.a(adddf3.o)
 .debug_aranges
                0x0000000000000bf8       0x20 c:/kth/he1043/toolchain-gd32v-v202-win/toolchain-gd32v-v202-win/compiler/bin/../lib/gcc/riscv64-unknown-elf/8.3.0/rv32imac/ilp32\libgcc.a(divdf3.o)
 .debug_aranges
                0x0000000000000c18       0x20 c:/kth/he1043/toolchain-gd32v-v202-win/toolchain-gd32v-v202-win/compiler/bin/../lib/gcc/riscv64-unknown-elf/8.3.0/rv32imac/ilp32\libgcc.a(gedf2.o)
 .debug_aranges
                0x0000000000000c38       0x20 c:/kth/he1043/toolchain-gd32v-v202-win/toolchain-gd32v-v202-win/compiler/bin/../lib/gcc/riscv64-unknown-elf/8.3.0/rv32imac/ilp32\libgcc.a(ledf2.o)
 .debug_aranges
                0x0000000000000c58       0x20 c:/kth/he1043/toolchain-gd32v-v202-win/toolchain-gd32v-v202-win/compiler/bin/../lib/gcc/riscv64-unknown-elf/8.3.0/rv32imac/ilp32\libgcc.a(muldf3.o)
 .debug_aranges
                0x0000000000000c78       0x20 c:/kth/he1043/toolchain-gd32v-v202-win/toolchain-gd32v-v202-win/compiler/bin/../lib/gcc/riscv64-unknown-elf/8.3.0/rv32imac/ilp32\libgcc.a(subdf3.o)
 .debug_aranges
                0x0000000000000c98       0x20 c:/kth/he1043/toolchain-gd32v-v202-win/toolchain-gd32v-v202-win/compiler/bin/../lib/gcc/riscv64-unknown-elf/8.3.0/rv32imac/ilp32\libgcc.a(floatsidf.o)
 .debug_aranges
                0x0000000000000cb8       0x20 c:/kth/he1043/toolchain-gd32v-v202-win/toolchain-gd32v-v202-win/compiler/bin/../lib/gcc/riscv64-unknown-elf/8.3.0/rv32imac/ilp32\libgcc.a(floatunsidf.o)
 .debug_aranges
                0x0000000000000cd8       0x20 c:/kth/he1043/toolchain-gd32v-v202-win/toolchain-gd32v-v202-win/compiler/bin/../lib/gcc/riscv64-unknown-elf/8.3.0/rv32imac/ilp32\libgcc.a(floatundidf.o)
 .debug_aranges
                0x0000000000000cf8       0x20 c:/kth/he1043/toolchain-gd32v-v202-win/toolchain-gd32v-v202-win/compiler/bin/../lib/gcc/riscv64-unknown-elf/8.3.0/rv32imac/ilp32\libgcc.a(gesf2.o)
 .debug_aranges
                0x0000000000000d18       0x20 c:/kth/he1043/toolchain-gd32v-v202-win/toolchain-gd32v-v202-win/compiler/bin/../lib/gcc/riscv64-unknown-elf/8.3.0/rv32imac/ilp32\libgcc.a(lesf2.o)
 .debug_aranges
                0x0000000000000d38       0x20 c:/kth/he1043/toolchain-gd32v-v202-win/toolchain-gd32v-v202-win/compiler/bin/../lib/gcc/riscv64-unknown-elf/8.3.0/rv32imac/ilp32\libgcc.a(subsf3.o)
 .debug_aranges
                0x0000000000000d58       0x20 c:/kth/he1043/toolchain-gd32v-v202-win/toolchain-gd32v-v202-win/compiler/bin/../lib/gcc/riscv64-unknown-elf/8.3.0/rv32imac/ilp32\libgcc.a(fixsfsi.o)
 .debug_aranges
                0x0000000000000d78       0x20 c:/kth/he1043/toolchain-gd32v-v202-win/toolchain-gd32v-v202-win/compiler/bin/../lib/gcc/riscv64-unknown-elf/8.3.0/rv32imac/ilp32\libgcc.a(floatsisf.o)
 .debug_aranges
                0x0000000000000d98       0x20 c:/kth/he1043/toolchain-gd32v-v202-win/toolchain-gd32v-v202-win/compiler/bin/../lib/gcc/riscv64-unknown-elf/8.3.0/rv32imac/ilp32\libgcc.a(extendsfdf2.o)
 .debug_aranges
                0x0000000000000db8       0x20 c:/kth/he1043/toolchain-gd32v-v202-win/toolchain-gd32v-v202-win/compiler/bin/../lib/gcc/riscv64-unknown-elf/8.3.0/rv32imac/ilp32\libgcc.a(truncdfsf2.o)
 .debug_aranges
                0x0000000000000dd8       0x20 c:/kth/he1043/toolchain-gd32v-v202-win/toolchain-gd32v-v202-win/compiler/bin/../lib/gcc/riscv64-unknown-elf/8.3.0/rv32imac/ilp32\libgcc.a(_lshrdi3.o)
 .debug_aranges
                0x0000000000000df8       0x20 c:/kth/he1043/toolchain-gd32v-v202-win/toolchain-gd32v-v202-win/compiler/bin/../lib/gcc/riscv64-unknown-elf/8.3.0/rv32imac/ilp32\libgcc.a(_ashldi3.o)
 .debug_aranges
                0x0000000000000e18       0x20 c:/kth/he1043/toolchain-gd32v-v202-win/toolchain-gd32v-v202-win/compiler/bin/../lib/gcc/riscv64-unknown-elf/8.3.0/rv32imac/ilp32\libgcc.a(_clzsi2.o)
 .debug_aranges
                0x0000000000000e38       0x18 c:/kth/he1043/toolchain-gd32v-v202-win/toolchain-gd32v-v202-win/compiler/bin/../lib/gcc/riscv64-unknown-elf/8.3.0/rv32imac/ilp32\libgcc.a(_clz.o)

.debug_ranges   0x0000000000000000     0x1b50
 .debug_ranges  0x0000000000000000       0x40 build/gd32vf103_eclic.o
 .debug_ranges  0x0000000000000040       0x90 build/gd32vf103_gpio.o
 .debug_ranges  0x00000000000000d0      0x100 build/gd32vf103_i2c.o
 .debug_ranges  0x00000000000001d0      0x150 build/gd32vf103_rcu.o
 .debug_ranges  0x0000000000000320      0x118 build/gd32vf103_spi.o
 .debug_ranges  0x0000000000000438      0x270 build/gd32vf103_timer.o
 .debug_ranges  0x00000000000006a8       0x18 build/system_gd32vf103.o
 .debug_ranges  0x00000000000006c0       0x10 build/_exit.o
 .debug_ranges  0x00000000000006d0       0x10 build/sbrk.o
 .debug_ranges  0x00000000000006e0       0x30 build/write_hex.o
 .debug_ranges  0x0000000000000710      0x240 build/n200_func.o
 .debug_ranges  0x0000000000000950       0x18 build/handlers.o
 .debug_ranges  0x0000000000000968       0x18 build/init.o
 .debug_ranges  0x0000000000000980       0x30 build/delay.o
 .debug_ranges  0x00000000000009b0      0x328 build/ff.o
 .debug_ranges  0x0000000000000cd8       0x60 build/gd32v_mpu6500_if.o
 .debug_ranges  0x0000000000000d38       0x18 build/gd32v_tf_card_if.o
 .debug_ranges  0x0000000000000d50       0xd8 build/main.o
 .debug_ranges  0x0000000000000e28       0x40 build/mpu6500_driver.o
 .debug_ranges  0x0000000000000e68       0x88 build/tf_card.o
 .debug_ranges  0x0000000000000ef0       0x18 build/tf_delay.o
 .debug_ranges  0x0000000000000f08       0x20 build/entry.o
 .debug_ranges  0x0000000000000f28      0x210 c:/kth/he1043/toolchain-gd32v-v202-win/toolchain-gd32v-v202-win/compiler/bin/../lib/gcc/riscv64-unknown-elf/8.3.0/rv32imac/ilp32\libgcc.a(adddf3.o)
 .debug_ranges  0x0000000000001138      0x180 c:/kth/he1043/toolchain-gd32v-v202-win/toolchain-gd32v-v202-win/compiler/bin/../lib/gcc/riscv64-unknown-elf/8.3.0/rv32imac/ilp32\libgcc.a(divdf3.o)
 .debug_ranges  0x00000000000012b8       0x68 c:/kth/he1043/toolchain-gd32v-v202-win/toolchain-gd32v-v202-win/compiler/bin/../lib/gcc/riscv64-unknown-elf/8.3.0/rv32imac/ilp32\libgcc.a(gedf2.o)
 .debug_ranges  0x0000000000001320       0x68 c:/kth/he1043/toolchain-gd32v-v202-win/toolchain-gd32v-v202-win/compiler/bin/../lib/gcc/riscv64-unknown-elf/8.3.0/rv32imac/ilp32\libgcc.a(ledf2.o)
 .debug_ranges  0x0000000000001388      0x1c0 c:/kth/he1043/toolchain-gd32v-v202-win/toolchain-gd32v-v202-win/compiler/bin/../lib/gcc/riscv64-unknown-elf/8.3.0/rv32imac/ilp32\libgcc.a(muldf3.o)
 .debug_ranges  0x0000000000001548      0x1e8 c:/kth/he1043/toolchain-gd32v-v202-win/toolchain-gd32v-v202-win/compiler/bin/../lib/gcc/riscv64-unknown-elf/8.3.0/rv32imac/ilp32\libgcc.a(subdf3.o)
 .debug_ranges  0x0000000000001730       0x50 c:/kth/he1043/toolchain-gd32v-v202-win/toolchain-gd32v-v202-win/compiler/bin/../lib/gcc/riscv64-unknown-elf/8.3.0/rv32imac/ilp32\libgcc.a(floatsidf.o)
 .debug_ranges  0x0000000000001780       0x68 c:/kth/he1043/toolchain-gd32v-v202-win/toolchain-gd32v-v202-win/compiler/bin/../lib/gcc/riscv64-unknown-elf/8.3.0/rv32imac/ilp32\libgcc.a(floatunsidf.o)
 .debug_ranges  0x00000000000017e8       0x68 c:/kth/he1043/toolchain-gd32v-v202-win/toolchain-gd32v-v202-win/compiler/bin/../lib/gcc/riscv64-unknown-elf/8.3.0/rv32imac/ilp32\libgcc.a(floatundidf.o)
 .debug_ranges  0x0000000000001850       0x60 c:/kth/he1043/toolchain-gd32v-v202-win/toolchain-gd32v-v202-win/compiler/bin/../lib/gcc/riscv64-unknown-elf/8.3.0/rv32imac/ilp32\libgcc.a(gesf2.o)
 .debug_ranges  0x00000000000018b0       0x60 c:/kth/he1043/toolchain-gd32v-v202-win/toolchain-gd32v-v202-win/compiler/bin/../lib/gcc/riscv64-unknown-elf/8.3.0/rv32imac/ilp32\libgcc.a(lesf2.o)
 .debug_ranges  0x0000000000001910      0x140 c:/kth/he1043/toolchain-gd32v-v202-win/toolchain-gd32v-v202-win/compiler/bin/../lib/gcc/riscv64-unknown-elf/8.3.0/rv32imac/ilp32\libgcc.a(subsf3.o)
 .debug_ranges  0x0000000000001a50       0x18 c:/kth/he1043/toolchain-gd32v-v202-win/toolchain-gd32v-v202-win/compiler/bin/../lib/gcc/riscv64-unknown-elf/8.3.0/rv32imac/ilp32\libgcc.a(fixsfsi.o)
 .debug_ranges  0x0000000000001a68       0x50 c:/kth/he1043/toolchain-gd32v-v202-win/toolchain-gd32v-v202-win/compiler/bin/../lib/gcc/riscv64-unknown-elf/8.3.0/rv32imac/ilp32\libgcc.a(floatsisf.o)
 .debug_ranges  0x0000000000001ab8       0x38 c:/kth/he1043/toolchain-gd32v-v202-win/toolchain-gd32v-v202-win/compiler/bin/../lib/gcc/riscv64-unknown-elf/8.3.0/rv32imac/ilp32\libgcc.a(extendsfdf2.o)
 .debug_ranges  0x0000000000001af0       0x40 c:/kth/he1043/toolchain-gd32v-v202-win/toolchain-gd32v-v202-win/compiler/bin/../lib/gcc/riscv64-unknown-elf/8.3.0/rv32imac/ilp32\libgcc.a(truncdfsf2.o)
 .debug_ranges  0x0000000000001b30       0x20 c:/kth/he1043/toolchain-gd32v-v202-win/toolchain-gd32v-v202-win/compiler/bin/../lib/gcc/riscv64-unknown-elf/8.3.0/rv32imac/ilp32\libgcc.a(_clzsi2.o)

.debug_line     0x0000000000000000    0x18a14
 .debug_line    0x0000000000000000      0x358 build/gd32vf103_eclic.o
 .debug_line    0x0000000000000358      0xb3c build/gd32vf103_gpio.o
 .debug_line    0x0000000000000e94      0xfb5 build/gd32vf103_i2c.o
 .debug_line    0x0000000000001e49     0x152f build/gd32vf103_rcu.o
 .debug_line    0x0000000000003378      0xe51 build/gd32vf103_spi.o
 .debug_line    0x00000000000041c9     0x2b1b build/gd32vf103_timer.o
 .debug_line    0x0000000000006ce4      0x6d1 build/system_gd32vf103.o
 .debug_line    0x00000000000073b5      0x156 build/_exit.o
 .debug_line    0x000000000000750b      0x146 build/sbrk.o
 .debug_line    0x0000000000007651      0x259 build/write_hex.o
 .debug_line    0x00000000000078aa     0x12fd build/n200_func.o
 .debug_line    0x0000000000008ba7      0x293 build/handlers.o
 .debug_line    0x0000000000008e3a      0x2d6 build/init.o
 .debug_line    0x0000000000009110      0x52c build/delay.o
 .debug_line    0x000000000000963c     0x461d build/ff.o
 .debug_line    0x000000000000dc59      0x8dd build/gd32v_mpu6500_if.o
 .debug_line    0x000000000000e536      0x349 build/gd32v_tf_card_if.o
 .debug_line    0x000000000000e87f      0xa1a build/main.o
 .debug_line    0x000000000000f299      0x7d0 build/mpu6500_driver.o
 .debug_line    0x000000000000fa69     0x1661 build/tf_card.o
 .debug_line    0x00000000000110ca      0x283 build/tf_delay.o
 .debug_line    0x000000000001134d      0x189 build/start.o
 .debug_line    0x00000000000114d6       0xe5 build/entry.o
 .debug_line    0x00000000000115bb      0xefa c:/kth/he1043/toolchain-gd32v-v202-win/toolchain-gd32v-v202-win/compiler/bin/../lib/gcc/riscv64-unknown-elf/8.3.0/rv32imac/ilp32\libgcc.a(adddf3.o)
 .debug_line    0x00000000000124b5      0xe35 c:/kth/he1043/toolchain-gd32v-v202-win/toolchain-gd32v-v202-win/compiler/bin/../lib/gcc/riscv64-unknown-elf/8.3.0/rv32imac/ilp32\libgcc.a(divdf3.o)
 .debug_line    0x00000000000132ea      0x303 c:/kth/he1043/toolchain-gd32v-v202-win/toolchain-gd32v-v202-win/compiler/bin/../lib/gcc/riscv64-unknown-elf/8.3.0/rv32imac/ilp32\libgcc.a(gedf2.o)
 .debug_line    0x00000000000135ed      0x303 c:/kth/he1043/toolchain-gd32v-v202-win/toolchain-gd32v-v202-win/compiler/bin/../lib/gcc/riscv64-unknown-elf/8.3.0/rv32imac/ilp32\libgcc.a(ledf2.o)
 .debug_line    0x00000000000138f0      0xbf8 c:/kth/he1043/toolchain-gd32v-v202-win/toolchain-gd32v-v202-win/compiler/bin/../lib/gcc/riscv64-unknown-elf/8.3.0/rv32imac/ilp32\libgcc.a(muldf3.o)
 .debug_line    0x00000000000144e8      0xf37 c:/kth/he1043/toolchain-gd32v-v202-win/toolchain-gd32v-v202-win/compiler/bin/../lib/gcc/riscv64-unknown-elf/8.3.0/rv32imac/ilp32\libgcc.a(subdf3.o)
 .debug_line    0x000000000001541f      0x21f c:/kth/he1043/toolchain-gd32v-v202-win/toolchain-gd32v-v202-win/compiler/bin/../lib/gcc/riscv64-unknown-elf/8.3.0/rv32imac/ilp32\libgcc.a(floatsidf.o)
 .debug_line    0x000000000001563e      0x239 c:/kth/he1043/toolchain-gd32v-v202-win/toolchain-gd32v-v202-win/compiler/bin/../lib/gcc/riscv64-unknown-elf/8.3.0/rv32imac/ilp32\libgcc.a(floatunsidf.o)
 .debug_line    0x0000000000015877      0x3f5 c:/kth/he1043/toolchain-gd32v-v202-win/toolchain-gd32v-v202-win/compiler/bin/../lib/gcc/riscv64-unknown-elf/8.3.0/rv32imac/ilp32\libgcc.a(floatundidf.o)
 .debug_line    0x0000000000015c6c      0x2e9 c:/kth/he1043/toolchain-gd32v-v202-win/toolchain-gd32v-v202-win/compiler/bin/../lib/gcc/riscv64-unknown-elf/8.3.0/rv32imac/ilp32\libgcc.a(gesf2.o)
 .debug_line    0x0000000000015f55      0x2e9 c:/kth/he1043/toolchain-gd32v-v202-win/toolchain-gd32v-v202-win/compiler/bin/../lib/gcc/riscv64-unknown-elf/8.3.0/rv32imac/ilp32\libgcc.a(lesf2.o)
 .debug_line    0x000000000001623e      0x97e c:/kth/he1043/toolchain-gd32v-v202-win/toolchain-gd32v-v202-win/compiler/bin/../lib/gcc/riscv64-unknown-elf/8.3.0/rv32imac/ilp32\libgcc.a(subsf3.o)
 .debug_line    0x0000000000016bbc      0x207 c:/kth/he1043/toolchain-gd32v-v202-win/toolchain-gd32v-v202-win/compiler/bin/../lib/gcc/riscv64-unknown-elf/8.3.0/rv32imac/ilp32\libgcc.a(fixsfsi.o)
 .debug_line    0x0000000000016dc3      0x2fb c:/kth/he1043/toolchain-gd32v-v202-win/toolchain-gd32v-v202-win/compiler/bin/../lib/gcc/riscv64-unknown-elf/8.3.0/rv32imac/ilp32\libgcc.a(floatsisf.o)
 .debug_line    0x00000000000170be      0x369 c:/kth/he1043/toolchain-gd32v-v202-win/toolchain-gd32v-v202-win/compiler/bin/../lib/gcc/riscv64-unknown-elf/8.3.0/rv32imac/ilp32\libgcc.a(extendsfdf2.o)
 .debug_line    0x0000000000017427      0x403 c:/kth/he1043/toolchain-gd32v-v202-win/toolchain-gd32v-v202-win/compiler/bin/../lib/gcc/riscv64-unknown-elf/8.3.0/rv32imac/ilp32\libgcc.a(truncdfsf2.o)
 .debug_line    0x000000000001782a      0x4c4 c:/kth/he1043/toolchain-gd32v-v202-win/toolchain-gd32v-v202-win/compiler/bin/../lib/gcc/riscv64-unknown-elf/8.3.0/rv32imac/ilp32\libgcc.a(_lshrdi3.o)
 .debug_line    0x0000000000017cee      0x4c4 c:/kth/he1043/toolchain-gd32v-v202-win/toolchain-gd32v-v202-win/compiler/bin/../lib/gcc/riscv64-unknown-elf/8.3.0/rv32imac/ilp32\libgcc.a(_ashldi3.o)
 .debug_line    0x00000000000181b2      0x472 c:/kth/he1043/toolchain-gd32v-v202-win/toolchain-gd32v-v202-win/compiler/bin/../lib/gcc/riscv64-unknown-elf/8.3.0/rv32imac/ilp32\libgcc.a(_clzsi2.o)
 .debug_line    0x0000000000018624      0x3f0 c:/kth/he1043/toolchain-gd32v-v202-win/toolchain-gd32v-v202-win/compiler/bin/../lib/gcc/riscv64-unknown-elf/8.3.0/rv32imac/ilp32\libgcc.a(_clz.o)

.debug_str      0x0000000000000000     0x484e
 .debug_str     0x0000000000000000      0x2b8 build/gd32vf103_eclic.o
                                        0x319 (size before relaxing)
 .debug_str     0x00000000000002b8      0x3f6 build/gd32vf103_gpio.o
                                        0x5bd (size before relaxing)
 .debug_str     0x00000000000006ae      0x64b build/gd32vf103_i2c.o
                                        0x9f5 (size before relaxing)
 .debug_str     0x0000000000000cf9      0xa52 build/gd32vf103_rcu.o
                                        0xe3c (size before relaxing)
 .debug_str     0x000000000000174b      0x3ae build/gd32vf103_spi.o
                                        0x789 (size before relaxing)
 .debug_str     0x0000000000001af9      0xb14 build/gd32vf103_timer.o
                                        0xf01 (size before relaxing)
 .debug_str     0x000000000000260d       0xa6 build/system_gd32vf103.o
                                        0x28f (size before relaxing)
 .debug_str     0x00000000000026b3       0x68 build/_exit.o
                                        0x1fe (size before relaxing)
 .debug_str     0x000000000000271b       0x4a build/sbrk.o
                                        0x16a (size before relaxing)
 .debug_str     0x0000000000002765       0x37 build/write_hex.o
                                        0x1f7 (size before relaxing)
 .debug_str     0x000000000000279c      0x6c6 build/n200_func.o
                                        0x99b (size before relaxing)
 .debug_str     0x0000000000002e62       0x58 build/handlers.o
                                        0x5f4 (size before relaxing)
 .debug_str     0x0000000000002eba      0x3e7 build/init.o
                                        0x9c4 (size before relaxing)
 .debug_str     0x00000000000032a1       0x43 build/delay.o
                                        0x24d (size before relaxing)
 .debug_str     0x00000000000032e4      0x466 build/ff.o
                                        0x637 (size before relaxing)
 .debug_str     0x000000000000374a       0x97 build/gd32v_mpu6500_if.o
                                        0x86d (size before relaxing)
 .debug_str     0x00000000000037e1       0x3e build/gd32v_tf_card_if.o
                                        0x602 (size before relaxing)
 .debug_str     0x000000000000381f      0x16f build/main.o
                                       0x1115 (size before relaxing)
 .debug_str     0x000000000000398e       0xd8 build/mpu6500_driver.o
                                        0x69c (size before relaxing)
 .debug_str     0x0000000000003a66       0xdd build/tf_card.o
                                        0x9db (size before relaxing)
 .debug_str     0x0000000000003b43       0x2a build/tf_delay.o
                                        0x226 (size before relaxing)
 .debug_str     0x0000000000003b6d       0x37 build/start.o
                                         0x8b (size before relaxing)
 .debug_str     0x0000000000003ba4       0x2b build/entry.o
                                         0x8b (size before relaxing)
 .debug_str     0x0000000000003bcf      0x305 c:/kth/he1043/toolchain-gd32v-v202-win/toolchain-gd32v-v202-win/compiler/bin/../lib/gcc/riscv64-unknown-elf/8.3.0/rv32imac/ilp32\libgcc.a(adddf3.o)
                                        0x390 (size before relaxing)
 .debug_str     0x0000000000003ed4      0x1e2 c:/kth/he1043/toolchain-gd32v-v202-win/toolchain-gd32v-v202-win/compiler/bin/../lib/gcc/riscv64-unknown-elf/8.3.0/rv32imac/ilp32\libgcc.a(divdf3.o)
                                        0x452 (size before relaxing)
 .debug_str     0x00000000000040b6       0x7b c:/kth/he1043/toolchain-gd32v-v202-win/toolchain-gd32v-v202-win/compiler/bin/../lib/gcc/riscv64-unknown-elf/8.3.0/rv32imac/ilp32\libgcc.a(gedf2.o)
                                        0x2ce (size before relaxing)
 .debug_str     0x0000000000004131       0x38 c:/kth/he1043/toolchain-gd32v-v202-win/toolchain-gd32v-v202-win/compiler/bin/../lib/gcc/riscv64-unknown-elf/8.3.0/rv32imac/ilp32\libgcc.a(ledf2.o)
                                        0x2ce (size before relaxing)
 .debug_str     0x0000000000004169      0x15f c:/kth/he1043/toolchain-gd32v-v202-win/toolchain-gd32v-v202-win/compiler/bin/../lib/gcc/riscv64-unknown-elf/8.3.0/rv32imac/ilp32\libgcc.a(muldf3.o)
                                        0x4aa (size before relaxing)
 .debug_str     0x00000000000042c8       0x3a c:/kth/he1043/toolchain-gd32v-v202-win/toolchain-gd32v-v202-win/compiler/bin/../lib/gcc/riscv64-unknown-elf/8.3.0/rv32imac/ilp32\libgcc.a(subdf3.o)
                                        0x390 (size before relaxing)
 .debug_str     0x0000000000004302       0x75 c:/kth/he1043/toolchain-gd32v-v202-win/toolchain-gd32v-v202-win/compiler/bin/../lib/gcc/riscv64-unknown-elf/8.3.0/rv32imac/ilp32\libgcc.a(floatsidf.o)
                                        0x33d (size before relaxing)
 .debug_str     0x0000000000004377       0x44 c:/kth/he1043/toolchain-gd32v-v202-win/toolchain-gd32v-v202-win/compiler/bin/../lib/gcc/riscv64-unknown-elf/8.3.0/rv32imac/ilp32\libgcc.a(floatunsidf.o)
                                        0x33a (size before relaxing)
 .debug_str     0x00000000000043bb       0x4c c:/kth/he1043/toolchain-gd32v-v202-win/toolchain-gd32v-v202-win/compiler/bin/../lib/gcc/riscv64-unknown-elf/8.3.0/rv32imac/ilp32\libgcc.a(floatundidf.o)
                                        0x344 (size before relaxing)
 .debug_str     0x0000000000004407       0x65 c:/kth/he1043/toolchain-gd32v-v202-win/toolchain-gd32v-v202-win/compiler/bin/../lib/gcc/riscv64-unknown-elf/8.3.0/rv32imac/ilp32\libgcc.a(gesf2.o)
                                        0x2b2 (size before relaxing)
 .debug_str     0x000000000000446c       0x38 c:/kth/he1043/toolchain-gd32v-v202-win/toolchain-gd32v-v202-win/compiler/bin/../lib/gcc/riscv64-unknown-elf/8.3.0/rv32imac/ilp32\libgcc.a(lesf2.o)
                                        0x2b2 (size before relaxing)
 .debug_str     0x00000000000044a4       0x62 c:/kth/he1043/toolchain-gd32v-v202-win/toolchain-gd32v-v202-win/compiler/bin/../lib/gcc/riscv64-unknown-elf/8.3.0/rv32imac/ilp32\libgcc.a(subsf3.o)
                                        0x353 (size before relaxing)
 .debug_str     0x0000000000004506       0x4f c:/kth/he1043/toolchain-gd32v-v202-win/toolchain-gd32v-v202-win/compiler/bin/../lib/gcc/riscv64-unknown-elf/8.3.0/rv32imac/ilp32\libgcc.a(fixsfsi.o)
                                        0x295 (size before relaxing)
 .debug_str     0x0000000000004555       0x40 c:/kth/he1043/toolchain-gd32v-v202-win/toolchain-gd32v-v202-win/compiler/bin/../lib/gcc/riscv64-unknown-elf/8.3.0/rv32imac/ilp32\libgcc.a(floatsisf.o)
                                        0x31e (size before relaxing)
 .debug_str     0x0000000000004595       0x51 c:/kth/he1043/toolchain-gd32v-v202-win/toolchain-gd32v-v202-win/compiler/bin/../lib/gcc/riscv64-unknown-elf/8.3.0/rv32imac/ilp32\libgcc.a(extendsfdf2.o)
                                        0x2cb (size before relaxing)
 .debug_str     0x00000000000045e6       0x42 c:/kth/he1043/toolchain-gd32v-v202-win/toolchain-gd32v-v202-win/compiler/bin/../lib/gcc/riscv64-unknown-elf/8.3.0/rv32imac/ilp32\libgcc.a(truncdfsf2.o)
                                        0x329 (size before relaxing)
 .debug_str     0x0000000000004628      0x20e c:/kth/he1043/toolchain-gd32v-v202-win/toolchain-gd32v-v202-win/compiler/bin/../lib/gcc/riscv64-unknown-elf/8.3.0/rv32imac/ilp32\libgcc.a(_lshrdi3.o)
                                        0x860 (size before relaxing)
 .debug_str     0x0000000000004836        0xa c:/kth/he1043/toolchain-gd32v-v202-win/toolchain-gd32v-v202-win/compiler/bin/../lib/gcc/riscv64-unknown-elf/8.3.0/rv32imac/ilp32\libgcc.a(_ashldi3.o)
                                        0x860 (size before relaxing)
 .debug_str     0x0000000000004840        0xe c:/kth/he1043/toolchain-gd32v-v202-win/toolchain-gd32v-v202-win/compiler/bin/../lib/gcc/riscv64-unknown-elf/8.3.0/rv32imac/ilp32\libgcc.a(_clzsi2.o)
                                        0x82e (size before relaxing)
 .debug_str     0x000000000000484e      0x811 c:/kth/he1043/toolchain-gd32v-v202-win/toolchain-gd32v-v202-win/compiler/bin/../lib/gcc/riscv64-unknown-elf/8.3.0/rv32imac/ilp32\libgcc.a(_clz.o)

.comment        0x0000000000000000       0x28
 .comment       0x0000000000000000       0x28 build/gd32vf103_eclic.o
                                         0x29 (size before relaxing)
 .comment       0x0000000000000028       0x29 build/gd32vf103_gpio.o
 .comment       0x0000000000000028       0x29 build/gd32vf103_i2c.o
 .comment       0x0000000000000028       0x29 build/gd32vf103_rcu.o
 .comment       0x0000000000000028       0x29 build/gd32vf103_spi.o
 .comment       0x0000000000000028       0x29 build/gd32vf103_timer.o
 .comment       0x0000000000000028       0x29 build/system_gd32vf103.o
 .comment       0x0000000000000028       0x29 build/_exit.o
 .comment       0x0000000000000028       0x29 build/sbrk.o
 .comment       0x0000000000000028       0x29 build/write_hex.o
 .comment       0x0000000000000028       0x29 build/n200_func.o
 .comment       0x0000000000000028       0x29 build/handlers.o
 .comment       0x0000000000000028       0x29 build/init.o
 .comment       0x0000000000000028       0x29 build/delay.o
 .comment       0x0000000000000028       0x29 build/ff.o
 .comment       0x0000000000000028       0x29 build/gd32v_mpu6500_if.o
 .comment       0x0000000000000028       0x29 build/gd32v_tf_card_if.o
 .comment       0x0000000000000028       0x29 build/main.o
 .comment       0x0000000000000028       0x29 build/mpu6500_driver.o
 .comment       0x0000000000000028       0x29 build/tf_card.o
 .comment       0x0000000000000028       0x29 build/tf_delay.o
 .comment       0x0000000000000028       0x29 c:/kth/he1043/toolchain-gd32v-v202-win/toolchain-gd32v-v202-win/compiler/bin/../lib/gcc/riscv64-unknown-elf/8.3.0/../../../../riscv64-unknown-elf/lib/rv32imac/ilp32\libc_nano.a(lib_a-atexit.o)
 .comment       0x0000000000000028       0x29 c:/kth/he1043/toolchain-gd32v-v202-win/toolchain-gd32v-v202-win/compiler/bin/../lib/gcc/riscv64-unknown-elf/8.3.0/../../../../riscv64-unknown-elf/lib/rv32imac/ilp32\libc_nano.a(lib_a-exit.o)
 .comment       0x0000000000000028       0x29 c:/kth/he1043/toolchain-gd32v-v202-win/toolchain-gd32v-v202-win/compiler/bin/../lib/gcc/riscv64-unknown-elf/8.3.0/../../../../riscv64-unknown-elf/lib/rv32imac/ilp32\libc_nano.a(lib_a-fini.o)
 .comment       0x0000000000000028       0x29 c:/kth/he1043/toolchain-gd32v-v202-win/toolchain-gd32v-v202-win/compiler/bin/../lib/gcc/riscv64-unknown-elf/8.3.0/../../../../riscv64-unknown-elf/lib/rv32imac/ilp32\libc_nano.a(lib_a-impure.o)
 .comment       0x0000000000000028       0x29 c:/kth/he1043/toolchain-gd32v-v202-win/toolchain-gd32v-v202-win/compiler/bin/../lib/gcc/riscv64-unknown-elf/8.3.0/../../../../riscv64-unknown-elf/lib/rv32imac/ilp32\libc_nano.a(lib_a-init.o)
 .comment       0x0000000000000028       0x29 c:/kth/he1043/toolchain-gd32v-v202-win/toolchain-gd32v-v202-win/compiler/bin/../lib/gcc/riscv64-unknown-elf/8.3.0/../../../../riscv64-unknown-elf/lib/rv32imac/ilp32\libc_nano.a(lib_a-snprintf.o)
 .comment       0x0000000000000028       0x29 c:/kth/he1043/toolchain-gd32v-v202-win/toolchain-gd32v-v202-win/compiler/bin/../lib/gcc/riscv64-unknown-elf/8.3.0/../../../../riscv64-unknown-elf/lib/rv32imac/ilp32\libc_nano.a(lib_a-syswrite.o)
 .comment       0x0000000000000028       0x29 c:/kth/he1043/toolchain-gd32v-v202-win/toolchain-gd32v-v202-win/compiler/bin/../lib/gcc/riscv64-unknown-elf/8.3.0/../../../../riscv64-unknown-elf/lib/rv32imac/ilp32\libc_nano.a(lib_a-writer.o)
 .comment       0x0000000000000028       0x29 c:/kth/he1043/toolchain-gd32v-v202-win/toolchain-gd32v-v202-win/compiler/bin/../lib/gcc/riscv64-unknown-elf/8.3.0/../../../../riscv64-unknown-elf/lib/rv32imac/ilp32\libc_nano.a(lib_a-__atexit.o)
 .comment       0x0000000000000028       0x29 c:/kth/he1043/toolchain-gd32v-v202-win/toolchain-gd32v-v202-win/compiler/bin/../lib/gcc/riscv64-unknown-elf/8.3.0/../../../../riscv64-unknown-elf/lib/rv32imac/ilp32\libc_nano.a(lib_a-__call_atexit.o)
 .comment       0x0000000000000028       0x29 c:/kth/he1043/toolchain-gd32v-v202-win/toolchain-gd32v-v202-win/compiler/bin/../lib/gcc/riscv64-unknown-elf/8.3.0/../../../../riscv64-unknown-elf/lib/rv32imac/ilp32\libc_nano.a(lib_a-nano-svfprintf.o)
 .comment       0x0000000000000028       0x29 c:/kth/he1043/toolchain-gd32v-v202-win/toolchain-gd32v-v202-win/compiler/bin/../lib/gcc/riscv64-unknown-elf/8.3.0/../../../../riscv64-unknown-elf/lib/rv32imac/ilp32\libc_nano.a(lib_a-nano-vfprintf_i.o)
 .comment       0x0000000000000028       0x29 c:/kth/he1043/toolchain-gd32v-v202-win/toolchain-gd32v-v202-win/compiler/bin/../lib/gcc/riscv64-unknown-elf/8.3.0/../../../../riscv64-unknown-elf/lib/rv32imac/ilp32\libc_nano.a(lib_a-reent.o)
 .comment       0x0000000000000028       0x29 c:/kth/he1043/toolchain-gd32v-v202-win/toolchain-gd32v-v202-win/compiler/bin/../lib/gcc/riscv64-unknown-elf/8.3.0/../../../../riscv64-unknown-elf/lib/rv32imac/ilp32\libc_nano.a(lib_a-memchr.o)
 .comment       0x0000000000000028       0x29 c:/kth/he1043/toolchain-gd32v-v202-win/toolchain-gd32v-v202-win/compiler/bin/../lib/gcc/riscv64-unknown-elf/8.3.0/../../../../riscv64-unknown-elf/lib/rv32imac/ilp32\libc_nano.a(lib_a-nano-freer.o)
 .comment       0x0000000000000028       0x29 c:/kth/he1043/toolchain-gd32v-v202-win/toolchain-gd32v-v202-win/compiler/bin/../lib/gcc/riscv64-unknown-elf/8.3.0/../../../../riscv64-unknown-elf/lib/rv32imac/ilp32\libc_nano.a(lib_a-nano-mallocr.o)
 .comment       0x0000000000000028       0x29 c:/kth/he1043/toolchain-gd32v-v202-win/toolchain-gd32v-v202-win/compiler/bin/../lib/gcc/riscv64-unknown-elf/8.3.0/../../../../riscv64-unknown-elf/lib/rv32imac/ilp32\libc_nano.a(lib_a-nano-reallocr.o)
 .comment       0x0000000000000028       0x29 c:/kth/he1043/toolchain-gd32v-v202-win/toolchain-gd32v-v202-win/compiler/bin/../lib/gcc/riscv64-unknown-elf/8.3.0/../../../../riscv64-unknown-elf/lib/rv32imac/ilp32\libc_nano.a(lib_a-sbrkr.o)
 .comment       0x0000000000000028       0x29 c:/kth/he1043/toolchain-gd32v-v202-win/toolchain-gd32v-v202-win/compiler/bin/../lib/gcc/riscv64-unknown-elf/8.3.0/../../../../riscv64-unknown-elf/lib/rv32imac/ilp32\libc_nano.a(lib_a-mlock.o)
 .comment       0x0000000000000028       0x29 c:/kth/he1043/toolchain-gd32v-v202-win/toolchain-gd32v-v202-win/compiler/bin/../lib/gcc/riscv64-unknown-elf/8.3.0/../../../../riscv64-unknown-elf/lib/rv32imac/ilp32\libc_nano.a(lib_a-nano-msizer.o)
 .comment       0x0000000000000028       0x29 c:/kth/he1043/toolchain-gd32v-v202-win/toolchain-gd32v-v202-win/compiler/bin/../lib/gcc/riscv64-unknown-elf/8.3.0/../../../../riscv64-unknown-elf/lib/rv32imac/ilp32\libm.a(lib_a-w_atan2.o)
 .comment       0x0000000000000028       0x29 c:/kth/he1043/toolchain-gd32v-v202-win/toolchain-gd32v-v202-win/compiler/bin/../lib/gcc/riscv64-unknown-elf/8.3.0/../../../../riscv64-unknown-elf/lib/rv32imac/ilp32\libm.a(lib_a-e_atan2.o)
 .comment       0x0000000000000028       0x29 c:/kth/he1043/toolchain-gd32v-v202-win/toolchain-gd32v-v202-win/compiler/bin/../lib/gcc/riscv64-unknown-elf/8.3.0/../../../../riscv64-unknown-elf/lib/rv32imac/ilp32\libm.a(lib_a-s_atan.o)
 .comment       0x0000000000000028       0x29 c:/kth/he1043/toolchain-gd32v-v202-win/toolchain-gd32v-v202-win/compiler/bin/../lib/gcc/riscv64-unknown-elf/8.3.0/../../../../riscv64-unknown-elf/lib/rv32imac/ilp32\libm.a(lib_a-s_fabs.o)